Archive member included because of file (symbol)

c:/program files (x86)/codesourcery/sourcery_codebench_lite_for_arm_eabi/bin/../lib/gcc/arm-none-eabi/4.7.3/thumb2\libgcc.a(_arm_addsubdf3.o)
                              build\components\libc\minilibc\math.o (__aeabi_dsub)
c:/program files (x86)/codesourcery/sourcery_codebench_lite_for_arm_eabi/bin/../lib/gcc/arm-none-eabi/4.7.3/thumb2\libgcc.a(_arm_muldivdf3.o)
                              build\components\libc\minilibc\math.o (__aeabi_dmul)
c:/program files (x86)/codesourcery/sourcery_codebench_lite_for_arm_eabi/bin/../lib/gcc/arm-none-eabi/4.7.3/thumb2\libgcc.a(_arm_fixdfsi.o)
                              build\components\libc\minilibc\math.o (__aeabi_d2iz)
c:/program files (x86)/codesourcery/sourcery_codebench_lite_for_arm_eabi/bin/../lib/gcc/arm-none-eabi/4.7.3/../../../../arm-none-eabi/lib/thumb2\libc.a(lib_a-sysread.o)
                              build\drivers\Clib\func.o (read)
c:/program files (x86)/codesourcery/sourcery_codebench_lite_for_arm_eabi/bin/../lib/gcc/arm-none-eabi/4.7.3/../../../../arm-none-eabi/lib/thumb2\libc.a(lib_a-impure.o)
                              c:/program files (x86)/codesourcery/sourcery_codebench_lite_for_arm_eabi/bin/../lib/gcc/arm-none-eabi/4.7.3/../../../../arm-none-eabi/lib/thumb2\libc.a(lib_a-sysread.o) (_impure_ptr)
c:/program files (x86)/codesourcery/sourcery_codebench_lite_for_arm_eabi/bin/../lib/gcc/arm-none-eabi/4.7.3/../../../../arm-none-eabi/lib/thumb2\libc.a(lib_a-readr.o)
                              c:/program files (x86)/codesourcery/sourcery_codebench_lite_for_arm_eabi/bin/../lib/gcc/arm-none-eabi/4.7.3/../../../../arm-none-eabi/lib/thumb2\libc.a(lib_a-sysread.o) (_read_r)
c:/program files (x86)/codesourcery/sourcery_codebench_lite_for_arm_eabi/bin/../lib/gcc/arm-none-eabi/4.7.3/../../../../arm-none-eabi/lib/thumb2\libc.a(lib_a-reent.o)
                              c:/program files (x86)/codesourcery/sourcery_codebench_lite_for_arm_eabi/bin/../lib/gcc/arm-none-eabi/4.7.3/../../../../arm-none-eabi/lib/thumb2\libc.a(lib_a-readr.o) (errno)
c:/program files (x86)/codesourcery/sourcery_codebench_lite_for_arm_eabi/bin/../lib/gcc/arm-none-eabi/4.7.3/../../../../arm-none-eabi/lib/thumb2\libc.a(lib_a-freer.o)
                              c:/program files (x86)/codesourcery/sourcery_codebench_lite_for_arm_eabi/bin/../lib/gcc/arm-none-eabi/4.7.3/../../../../arm-none-eabi/lib/thumb2\libc.a(lib_a-reent.o) (_free_r)
c:/program files (x86)/codesourcery/sourcery_codebench_lite_for_arm_eabi/bin/../lib/gcc/arm-none-eabi/4.7.3/../../../../arm-none-eabi/lib/thumb2\libc.a(lib_a-mallocr.o)
                              c:/program files (x86)/codesourcery/sourcery_codebench_lite_for_arm_eabi/bin/../lib/gcc/arm-none-eabi/4.7.3/../../../../arm-none-eabi/lib/thumb2\libc.a(lib_a-freer.o) (__malloc_current_mallinfo)
c:/program files (x86)/codesourcery/sourcery_codebench_lite_for_arm_eabi/bin/../lib/gcc/arm-none-eabi/4.7.3/../../../../arm-none-eabi/lib/thumb2\libc.a(lib_a-mlock.o)
                              c:/program files (x86)/codesourcery/sourcery_codebench_lite_for_arm_eabi/bin/../lib/gcc/arm-none-eabi/4.7.3/../../../../arm-none-eabi/lib/thumb2\libc.a(lib_a-freer.o) (__malloc_lock)
c:/program files (x86)/codesourcery/sourcery_codebench_lite_for_arm_eabi/bin/../lib/gcc/arm-none-eabi/4.7.3/../../../../arm-none-eabi/lib/thumb2\libc.a(lib_a-sbrkr.o)
                              c:/program files (x86)/codesourcery/sourcery_codebench_lite_for_arm_eabi/bin/../lib/gcc/arm-none-eabi/4.7.3/../../../../arm-none-eabi/lib/thumb2\libc.a(lib_a-freer.o) (_sbrk_r)

Allocating common symbols
Common symbol       size              file

rt_interrupt_to_thread
                    0x4               build\libcpu\arm\cortex-m4\cpuport.o
RTC_DateStructure   0x4               build\drivers\RTC\rtc.o
rt_interrupt_from_thread
                    0x4               build\libcpu\arm\cortex-m4\cpuport.o
global_sysvar_list  0x4               build\components\finsh\finsh_var.o
finsh_heap          0x80              build\components\finsh\finsh_heap.o
errno               0x4               c:/program files (x86)/codesourcery/sourcery_codebench_lite_for_arm_eabi/bin/../lib/gcc/arm-none-eabi/4.7.3/../../../../arm-none-eabi/lib/thumb2\libc.a(lib_a-reent.o)
NodeList            0x4               build\applications\application.o
shell               0x4               build\components\finsh\shell.o
RTC_AlarmStructure  0x10              build\drivers\RTC\rtc.o
ErrorNodeNums       0x2               build\applications\application.o
rt_thread_switch_interrupt_flag
                    0x4               build\libcpu\arm\cortex-m4\cpuport.o
uart6_device        0x40              build\drivers\serial\usart.o
text_segment        0x80              build\components\finsh\finsh_vm.o
NodeInNets          0x2               build\applications\application.o
uart6_int_rx        0x48              build\drivers\serial\usart.o
[...]
Memory Configuration

Name             Origin             Length             Attributes
CODE             0x08000000         0x00100000         xr
DATA             0x20000000         0x00020000         rw
*default*        0x00000000         0xffffffff

Linker script and memory map

LOAD c:/program files (x86)/codesourcery/sourcery_codebench_lite_for_arm_eabi/bin/../lib/gcc/arm-none-eabi/4.7.3/thumb2/crti.o
LOAD c:/program files (x86)/codesourcery/sourcery_codebench_lite_for_arm_eabi/bin/../lib/gcc/arm-none-eabi/4.7.3/thumb2/crtbegin.o
LOAD build\applications\Rf_Communication.o
LOAD build\applications\application.o
LOAD build\applications\startup.o
LOAD build\applications\user_data_init.o
LOAD build\drivers\board\board.o
LOAD build\drivers\board\led.o
LOAD build\drivers\board\stm32f4xx_it.o
LOAD build\drivers\Clib\func.o
LOAD build\drivers\Rf\src\halSpi.o
LOAD build\drivers\Rf\src\rf_app.o
LOAD build\drivers\RTC\rtc.o
LOAD build\drivers\serial\serial.o
LOAD build\drivers\serial\usart.o
LOAD build\Libraries\CMSIS\ST\STM32F4xx\Source\Templates\system_stm32f4xx.o
LOAD build\Libraries\STM32F4xx_StdPeriph_Driver\src\misc.o
LOAD build\Libraries\STM32F4xx_StdPeriph_Driver\src\stm32f4xx_adc.o
LOAD build\Libraries\STM32F4xx_StdPeriph_Driver\src\stm32f4xx_can.o
LOAD build\Libraries\STM32F4xx_StdPeriph_Driver\src\stm32f4xx_crc.o
LOAD build\Libraries\STM32F4xx_StdPeriph_Driver\src\stm32f4xx_cryp.o
LOAD build\Libraries\STM32F4xx_StdPeriph_Driver\src\stm32f4xx_cryp_aes.o
LOAD build\Libraries\STM32F4xx_StdPeriph_Driver\src\stm32f4xx_cryp_des.o
LOAD build\Libraries\STM32F4xx_StdPeriph_Driver\src\stm32f4xx_cryp_tdes.o
LOAD build\Libraries\STM32F4xx_StdPeriph_Driver\src\stm32f4xx_dac.o
LOAD build\Libraries\STM32F4xx_StdPeriph_Driver\src\stm32f4xx_dbgmcu.o
LOAD build\Libraries\STM32F4xx_StdPeriph_Driver\src\stm32f4xx_dcmi.o
LOAD build\Libraries\STM32F4xx_StdPeriph_Driver\src\stm32f4xx_dma.o
LOAD build\Libraries\STM32F4xx_StdPeriph_Driver\src\stm32f4xx_exti.o
LOAD build\Libraries\STM32F4xx_StdPeriph_Driver\src\stm32f4xx_flash.o
LOAD build\Libraries\STM32F4xx_StdPeriph_Driver\src\stm32f4xx_fsmc.o
LOAD build\Libraries\STM32F4xx_StdPeriph_Driver\src\stm32f4xx_gpio.o
LOAD build\Libraries\STM32F4xx_StdPeriph_Driver\src\stm32f4xx_hash.o
LOAD build\Libraries\STM32F4xx_StdPeriph_Driver\src\stm32f4xx_hash_md5.o
LOAD build\Libraries\STM32F4xx_StdPeriph_Driver\src\stm32f4xx_hash_sha1.o
LOAD build\Libraries\STM32F4xx_StdPeriph_Driver\src\stm32f4xx_i2c.o
LOAD build\Libraries\STM32F4xx_StdPeriph_Driver\src\stm32f4xx_iwdg.o
LOAD build\Libraries\STM32F4xx_StdPeriph_Driver\src\stm32f4xx_pwr.o
LOAD build\Libraries\STM32F4xx_StdPeriph_Driver\src\stm32f4xx_rcc.o
LOAD build\Libraries\STM32F4xx_StdPeriph_Driver\src\stm32f4xx_rng.o
LOAD build\Libraries\STM32F4xx_StdPeriph_Driver\src\stm32f4xx_rtc.o
LOAD build\Libraries\STM32F4xx_StdPeriph_Driver\src\stm32f4xx_sdio.o
LOAD build\Libraries\STM32F4xx_StdPeriph_Driver\src\stm32f4xx_spi.o
LOAD build\Libraries\STM32F4xx_StdPeriph_Driver\src\stm32f4xx_syscfg.o
LOAD build\Libraries\STM32F4xx_StdPeriph_Driver\src\stm32f4xx_tim.o
LOAD build\Libraries\STM32F4xx_StdPeriph_Driver\src\stm32f4xx_usart.o
LOAD build\Libraries\STM32F4xx_StdPeriph_Driver\src\stm32f4xx_wwdg.o
LOAD build\Libraries\CMSIS\ST\STM32F4xx\Source\Templates\gcc_ride7\startup_stm32f4xx.o
LOAD build\src\clock.o
LOAD build\src\device.o
LOAD build\src\idle.o
LOAD build\src\ipc.o
LOAD build\src\irq.o
LOAD build\src\kservice.o
LOAD build\src\mem.o
LOAD build\src\mempool.o
LOAD build\src\object.o
LOAD build\src\scheduler.o
LOAD build\src\thread.o
LOAD build\src\timer.o
LOAD build\libcpu\arm\cortex-m4\cpuport.o
LOAD build\libcpu\arm\cortex-m4\context_gcc.o
LOAD build\libcpu\arm\common\backtrace.o
LOAD build\libcpu\arm\common\div0.o
LOAD build\libcpu\arm\common\showmem.o
LOAD build\components\finsh\shell.o
LOAD build\components\finsh\symbol.o
LOAD build\components\finsh\cmd.o
LOAD build\components\finsh\finsh_compiler.o
LOAD build\components\finsh\finsh_error.o
LOAD build\components\finsh\finsh_heap.o
LOAD build\components\finsh\finsh_init.o
LOAD build\components\finsh\finsh_node.o
LOAD build\components\finsh\finsh_ops.o
LOAD build\components\finsh\finsh_parser.o
LOAD build\components\finsh\finsh_var.o
LOAD build\components\finsh\finsh_vm.o
LOAD build\components\finsh\finsh_token.o
LOAD build\components\libc\minilibc\ctype.o
LOAD build\components\libc\minilibc\math.o
LOAD build\components\libc\minilibc\qsort.o
LOAD build\components\libc\minilibc\rand.o
LOAD build\components\libc\minilibc\stdlib.o
LOAD build\components\libc\minilibc\string.o
LOAD build\components\libc\minilibc\time.o
START GROUP
LOAD c:/program files (x86)/codesourcery/sourcery_codebench_lite_for_arm_eabi/bin/../lib/gcc/arm-none-eabi/4.7.3/thumb2\libgcc.a
LOAD c:/program files (x86)/codesourcery/sourcery_codebench_lite_for_arm_eabi/bin/../lib/gcc/arm-none-eabi/4.7.3/../../../../arm-none-eabi/lib/thumb2\libc.a
END GROUP
LOAD c:/program files (x86)/codesourcery/sourcery_codebench_lite_for_arm_eabi/bin/../lib/gcc/arm-none-eabi/4.7.3/thumb2/crtend.o
LOAD c:/program files (x86)/codesourcery/sourcery_codebench_lite_for_arm_eabi/bin/../lib/gcc/arm-none-eabi/4.7.3/thumb2/crtn.o
                0x00000100                _system_stack_size = 0x100

.text           0x08000000    0x12360
                0x08000000                . = ALIGN (0x4)
                0x08000000                _stext = .
 *(.isr_vector)
 .isr_vector    0x08000000      0x188 build\Libraries\CMSIS\ST\STM32F4xx\Source\Templates\gcc_ride7\startup_stm32f4xx.o
                0x08000000                g_pfnVectors
                0x08000188                . = ALIGN (0x4)
 *(.text)
 .text          0x08000188      0x114 build\libcpu\arm\cortex-m4\context_gcc.o
                0x08000188                rt_hw_interrupt_disable
                0x08000190                rt_hw_interrupt_enable
                0x08000196                rt_hw_context_switch_interrupt
                0x08000196                rt_hw_context_switch
                0x080001b6                PendSV_Handler
                0x08000222                rt_hw_context_switch_to
                0x08000264                rt_hw_interrupt_thread_switch
                0x08000268                HardFault_Handler
 *(.text.*)
 .text.rf_thread_entry
                0x0800029c       0xc8 build\applications\Rf_Communication.o
                0x0800029c                rf_thread_entry
 .text.rf_thread_init
                0x08000364       0x54 build\applications\Rf_Communication.o
                0x08000364                rf_thread_init
 .text.thread_init_entry
                0x080003b8       0x2c build\applications\application.o
                0x080003b8                thread_init_entry
 .text.rt_application_init
                0x080003e4       0x4c build\applications\application.o
                0x080003e4                rt_application_init
 .text.assert_failed
                0x08000430       0x30 build\applications\startup.o
                0x08000430                assert_failed
 .text.rtthread_startup
                0x08000460       0x58 build\applications\startup.o
                0x08000460                rtthread_startup
 .text.main     0x080004b8       0x14 build\applications\startup.o
                0x080004b8                main
 .text.NVIC_SetPriority
                0x080004cc       0x58 build\drivers\board\board.o
 .text.SysTick_Config
                0x08000524       0x54 build\drivers\board\board.o
 .text.NVIC_Configuration
                0x08000578       0x1c build\drivers\board\board.o
 .text.SysTick_Configuration
                0x08000594       0x40 build\drivers\board\board.o
                0x08000594                SysTick_Configuration
 .text.SysTick_Handler
                0x080005d4       0x14 build\drivers\board\board.o
                0x080005d4                SysTick_Handler
 .text.rt_hw_board_init
                0x080005e8       0x20 build\drivers\board\board.o
                0x080005e8                rt_hw_board_init
 .text.rt_hw_led_init
                0x08000608       0x6c build\drivers\board\led.o
                0x08000608                rt_hw_led_init
 .text.rt_hw_led_off
                0x08000674       0x4c build\drivers\board\led.o
                0x08000674                rt_hw_led_off
 .text.rt_hw_led_on
                0x080006c0       0x4c build\drivers\board\led.o
                0x080006c0                rt_hw_led_on
 .text.led      0x0800070c       0x78 build\drivers\board\led.o
                0x0800070c                led
 .text.NMI_Handler
                0x08000784        0xc build\drivers\board\stm32f4xx_it.o
                0x08000784                NMI_Handler
 .text.MemManage_Handler
                0x08000790        0x8 build\drivers\board\stm32f4xx_it.o
                0x08000790                MemManage_Handler
 .text.BusFault_Handler
                0x08000798        0x8 build\drivers\board\stm32f4xx_it.o
                0x08000798                BusFault_Handler
 .text.UsageFault_Handler
                0x080007a0        0x8 build\drivers\board\stm32f4xx_it.o
                0x080007a0                UsageFault_Handler
 .text.SVC_Handler
                0x080007a8        0xc build\drivers\board\stm32f4xx_it.o
                0x080007a8                SVC_Handler
 .text.DebugMon_Handler
                0x080007b4        0xc build\drivers\board\stm32f4xx_it.o
                0x080007b4                DebugMon_Handler
 .text.USART1_IRQHandler
                0x080007c0       0x18 build\drivers\board\stm32f4xx_it.o
                0x080007c0                USART1_IRQHandler
 .text.USART2_IRQHandler
                0x080007d8        0xc build\drivers\board\stm32f4xx_it.o
                0x080007d8                USART2_IRQHandler
 .text.USART3_IRQHandler
                0x080007e4        0xc build\drivers\board\stm32f4xx_it.o
                0x080007e4                USART3_IRQHandler
 .text.UART4_IRQHandler
                0x080007f0        0xc build\drivers\board\stm32f4xx_it.o
                0x080007f0                UART4_IRQHandler
 .text.USART6_IRQHandler
                0x080007fc       0x18 build\drivers\board\stm32f4xx_it.o
                0x080007fc                USART6_IRQHandler
 .text.TIM7_IRQHandler
                0x08000814       0x50 build\drivers\board\stm32f4xx_it.o
                0x08000814                TIM7_IRQHandler
 .text.DMA2_Stream6_IRQHandler
                0x08000864       0x28 build\drivers\board\stm32f4xx_it.o
                0x08000864                DMA2_Stream6_IRQHandler
 .text.EXTI2_IRQHandler
                0x0800088c       0x24 build\drivers\board\stm32f4xx_it.o
                0x0800088c                EXTI2_IRQHandler
 .text.EXTI9_5_IRQHandler
                0x080008b0       0x38 build\drivers\board\stm32f4xx_it.o
                0x080008b0                EXTI9_5_IRQHandler
 .text.io_port_init
                0x080008e8      0x10c build\drivers\Rf\src\halSpi.o
 .text.halWait  0x080009f4       0x84 build\drivers\Rf\src\halSpi.o
                0x080009f4                halWait
 .text.SpiInit  0x08000a78       0xd8 build\drivers\Rf\src\halSpi.o
                0x08000a78                SpiInit
 .text.rf_init  0x08000b50       0x20 build\drivers\Rf\src\halSpi.o
                0x08000b50                rf_init
 .text.SpiTxRxByte
                0x08000b70       0x54 build\drivers\Rf\src\halSpi.o
                0x08000b70                SpiTxRxByte
 .text.Reset_CC1100
                0x08000bc4       0x58 build\drivers\Rf\src\halSpi.o
                0x08000bc4                Reset_CC1100
 .text.Power_Up_Reset_CC1100
                0x08000c1c       0x50 build\drivers\Rf\src\halSpi.o
                0x08000c1c                Power_Up_Reset_CC1100
 .text.halSpiWriteReg
                0x08000c6c       0x5c build\drivers\Rf\src\halSpi.o
                0x08000c6c                halSpiWriteReg
 .text.halSpiWriteBurstReg
                0x08000cc8       0x84 build\drivers\Rf\src\halSpi.o
                0x08000cc8                halSpiWriteBurstReg
 .text.halSpiStrobe
                0x08000d4c       0x50 build\drivers\Rf\src\halSpi.o
                0x08000d4c                halSpiStrobe
 .text.halSpiReadStatus
                0x08000d9c       0x68 build\drivers\Rf\src\halSpi.o
                0x08000d9c                halSpiReadStatus
 .text.halRfTransmitEnable
                0x08000e04       0x24 build\drivers\Rf\src\halSpi.o
                0x08000e04                halRfTransmitEnable
 .text.halRfWriteRfSettings
                0x08000e28      0x1ec build\drivers\Rf\src\rf_app.o
                0x08000e28                halRfWriteRfSettings
 .text.halRfSendPacket
                0x08001014       0x68 build\drivers\Rf\src\rf_app.o
                0x08001014                halRfSendPacket
 .text.rt_mktime
                0x0800107c       0xc8 build\drivers\RTC\rtc.o
 .text.rt_rtc_open
                0x08001144       0x1c build\drivers\RTC\rtc.o
 .text.rt_rtc_read
                0x08001160       0x20 build\drivers\RTC\rtc.o
 .text.rt_rtc_control
                0x08001180      0x140 build\drivers\RTC\rtc.o
 .text.RTC_Config
                0x080012c0       0x8c build\drivers\RTC\rtc.o
                0x080012c0                RTC_Config
 .text.RTC_Configuration
                0x0800134c       0xac build\drivers\RTC\rtc.o
                0x0800134c                RTC_Configuration
 .text.rt_hw_rtc_init
                0x080013f8       0xa4 build\drivers\RTC\rtc.o
                0x080013f8                rt_hw_rtc_init
 .text.time     0x0800149c       0x48 build\drivers\RTC\rtc.o
                0x0800149c                time
 .text.set_date
                0x080014e4       0x84 build\drivers\RTC\rtc.o
                0x080014e4                set_date
 .text.set_time
                0x08001568       0x78 build\drivers\RTC\rtc.o
                0x08001568                set_time
 .text.list_date
                0x080015e0       0x30 build\drivers\RTC\rtc.o
                0x080015e0                list_date
 .text.rt_serial_init
                0x08001610       0xf0 build\drivers\serial\serial.o
 .text.rt_serial_open
                0x08001700       0x1c build\drivers\serial\serial.o
 .text.rt_serial_close
                0x0800171c       0x18 build\drivers\serial\serial.o
 .text.rt_serial_read
                0x08001734       0xf4 build\drivers\serial\serial.o
 .text.rt_serial_enable_dma
                0x08001828       0x64 build\drivers\serial\serial.o
 .text.rt_serial_write
                0x0800188c      0x1b0 build\drivers\serial\serial.o
 .text.rt_serial_control
                0x08001a3c       0x98 build\drivers\serial\serial.o
 .text.rt_hw_serial_register
                0x08001ad4       0xec build\drivers\serial\serial.o
                0x08001ad4                rt_hw_serial_register
 .text.rt_hw_serial_isr
                0x08001bc0      0x160 build\drivers\serial\serial.o
                0x08001bc0                rt_hw_serial_isr
 .text.rt_hw_serial_dma_tx_isr
                0x08001d20      0x100 build\drivers\serial\serial.o
                0x08001d20                rt_hw_serial_dma_tx_isr
 .text.RCC_Configuration
                0x08001e20       0x38 build\drivers\serial\usart.o
 .text.GPIO_Configuration
                0x08001e58       0x88 build\drivers\serial\usart.o
 .text.NVIC_Configuration
                0x08001ee0       0x4c build\drivers\serial\usart.o
 .text.rt_hw_usart_init
                0x08001f2c       0xd0 build\drivers\serial\usart.o
                0x08001f2c                rt_hw_usart_init
 .text.SystemInit
                0x08001ffc       0x6c build\Libraries\CMSIS\ST\STM32F4xx\Source\Templates\system_stm32f4xx.o
                0x08001ffc                SystemInit
 .text.SetSysClock
                0x08002068      0x100 build\Libraries\CMSIS\ST\STM32F4xx\Source\Templates\system_stm32f4xx.o
 .text.NVIC_PriorityGroupConfig
                0x08002168       0x58 build\Libraries\STM32F4xx_StdPeriph_Driver\src\misc.o
                0x08002168                NVIC_PriorityGroupConfig
 .text.NVIC_Init
                0x080021c0      0x114 build\Libraries\STM32F4xx_StdPeriph_Driver\src\misc.o
                0x080021c0                NVIC_Init
 .text.NVIC_SetVectorTable
                0x080022d4       0x5c build\Libraries\STM32F4xx_StdPeriph_Driver\src\misc.o
                0x080022d4                NVIC_SetVectorTable
 .text.SysTick_CLKSourceConfig
                0x08002330       0x50 build\Libraries\STM32F4xx_StdPeriph_Driver\src\misc.o
                0x08002330                SysTick_CLKSourceConfig
 .text.DMA_Cmd  0x08002380      0x118 build\Libraries\STM32F4xx_StdPeriph_Driver\src\stm32f4xx_dma.o
                0x08002380                DMA_Cmd
 .text.DMA_ClearITPendingBit
                0x08002498      0x15c build\Libraries\STM32F4xx_StdPeriph_Driver\src\stm32f4xx_dma.o
                0x08002498                DMA_ClearITPendingBit
 .text.EXTI_Init
                0x080025f4      0x164 build\Libraries\STM32F4xx_StdPeriph_Driver\src\stm32f4xx_exti.o
                0x080025f4                EXTI_Init
 .text.EXTI_GetFlagStatus
                0x08002758       0xf0 build\Libraries\STM32F4xx_StdPeriph_Driver\src\stm32f4xx_exti.o
                0x08002758                EXTI_GetFlagStatus
 .text.EXTI_ClearITPendingBit
                0x08002848       0x3c build\Libraries\STM32F4xx_StdPeriph_Driver\src\stm32f4xx_exti.o
                0x08002848                EXTI_ClearITPendingBit
 .text.GPIO_Init
                0x08002884      0x260 build\Libraries\STM32F4xx_StdPeriph_Driver\src\stm32f4xx_gpio.o
                0x08002884                GPIO_Init
 .text.GPIO_ReadInputDataBit
                0x08002ae4      0x12c build\Libraries\STM32F4xx_StdPeriph_Driver\src\stm32f4xx_gpio.o
                0x08002ae4                GPIO_ReadInputDataBit
 .text.GPIO_ReadOutputDataBit
                0x08002c10      0x12c build\Libraries\STM32F4xx_StdPeriph_Driver\src\stm32f4xx_gpio.o
                0x08002c10                GPIO_ReadOutputDataBit
 .text.GPIO_SetBits
                0x08002d3c       0xa4 build\Libraries\STM32F4xx_StdPeriph_Driver\src\stm32f4xx_gpio.o
                0x08002d3c                GPIO_SetBits
 .text.GPIO_ResetBits
                0x08002de0       0xa4 build\Libraries\STM32F4xx_StdPeriph_Driver\src\stm32f4xx_gpio.o
                0x08002de0                GPIO_ResetBits
 .text.GPIO_WriteBit
                0x08002e84      0x138 build\Libraries\STM32F4xx_StdPeriph_Driver\src\stm32f4xx_gpio.o
                0x08002e84                GPIO_WriteBit
 .text.GPIO_PinAFConfig
                0x08002fbc      0x26c build\Libraries\STM32F4xx_StdPeriph_Driver\src\stm32f4xx_gpio.o
                0x08002fbc                GPIO_PinAFConfig
 .text.PWR_BackupAccessCmd
                0x08003228       0x38 build\Libraries\STM32F4xx_StdPeriph_Driver\src\stm32f4xx_pwr.o
                0x08003228                PWR_BackupAccessCmd
 .text.RCC_LSEConfig
                0x08003260       0x68 build\Libraries\STM32F4xx_StdPeriph_Driver\src\stm32f4xx_rcc.o
                0x08003260                RCC_LSEConfig
 .text.RCC_GetClocksFreq
                0x080032c8      0x178 build\Libraries\STM32F4xx_StdPeriph_Driver\src\stm32f4xx_rcc.o
                0x080032c8                RCC_GetClocksFreq
 .text.RCC_RTCCLKConfig
                0x08003440      0x1e8 build\Libraries\STM32F4xx_StdPeriph_Driver\src\stm32f4xx_rcc.o
                0x08003440                RCC_RTCCLKConfig
 .text.RCC_RTCCLKCmd
                0x08003628       0x38 build\Libraries\STM32F4xx_StdPeriph_Driver\src\stm32f4xx_rcc.o
                0x08003628                RCC_RTCCLKCmd
 .text.RCC_AHB1PeriphClockCmd
                0x08003660       0x74 build\Libraries\STM32F4xx_StdPeriph_Driver\src\stm32f4xx_rcc.o
                0x08003660                RCC_AHB1PeriphClockCmd
 .text.RCC_APB1PeriphClockCmd
                0x080036d4       0x74 build\Libraries\STM32F4xx_StdPeriph_Driver\src\stm32f4xx_rcc.o
                0x080036d4                RCC_APB1PeriphClockCmd
 .text.RCC_APB2PeriphClockCmd
                0x08003748       0x74 build\Libraries\STM32F4xx_StdPeriph_Driver\src\stm32f4xx_rcc.o
                0x08003748                RCC_APB2PeriphClockCmd
 .text.RCC_GetFlagStatus
                0x080037bc       0xdc build\Libraries\STM32F4xx_StdPeriph_Driver\src\stm32f4xx_rcc.o
                0x080037bc                RCC_GetFlagStatus
 .text.RTC_Init
                0x08003898       0xcc build\Libraries\STM32F4xx_StdPeriph_Driver\src\stm32f4xx_rtc.o
                0x08003898                RTC_Init
 .text.RTC_EnterInitMode
                0x08003964       0x80 build\Libraries\STM32F4xx_StdPeriph_Driver\src\stm32f4xx_rtc.o
                0x08003964                RTC_EnterInitMode
 .text.RTC_ExitInitMode
                0x080039e4       0x1c build\Libraries\STM32F4xx_StdPeriph_Driver\src\stm32f4xx_rtc.o
                0x080039e4                RTC_ExitInitMode
 .text.RTC_WaitForSynchro
                0x08003a00       0x88 build\Libraries\STM32F4xx_StdPeriph_Driver\src\stm32f4xx_rtc.o
                0x08003a00                RTC_WaitForSynchro
 .text.RTC_SetTime
                0x08003a88      0x228 build\Libraries\STM32F4xx_StdPeriph_Driver\src\stm32f4xx_rtc.o
                0x08003a88                RTC_SetTime
 .text.RTC_GetTime
                0x08003cb0       0xc0 build\Libraries\STM32F4xx_StdPeriph_Driver\src\stm32f4xx_rtc.o
                0x08003cb0                RTC_GetTime
 .text.RTC_SetDate
                0x08003d70      0x218 build\Libraries\STM32F4xx_StdPeriph_Driver\src\stm32f4xx_rtc.o
                0x08003d70                RTC_SetDate
 .text.RTC_GetDate
                0x08003f88       0xc0 build\Libraries\STM32F4xx_StdPeriph_Driver\src\stm32f4xx_rtc.o
                0x08003f88                RTC_GetDate
 .text.RTC_WriteBackupRegister
                0x08004048       0xb8 build\Libraries\STM32F4xx_StdPeriph_Driver\src\stm32f4xx_rtc.o
                0x08004048                RTC_WriteBackupRegister
 .text.RTC_ReadBackupRegister
                0x08004100       0xb8 build\Libraries\STM32F4xx_StdPeriph_Driver\src\stm32f4xx_rtc.o
                0x08004100                RTC_ReadBackupRegister
 .text.RTC_ByteToBcd2
                0x080041b8       0x44 build\Libraries\STM32F4xx_StdPeriph_Driver\src\stm32f4xx_rtc.o
 .text.RTC_Bcd2ToByte
                0x080041fc       0x40 build\Libraries\STM32F4xx_StdPeriph_Driver\src\stm32f4xx_rtc.o
 .text.SPI_Init
                0x0800423c      0x1e8 build\Libraries\STM32F4xx_StdPeriph_Driver\src\stm32f4xx_spi.o
                0x0800423c                SPI_Init
 .text.SPI_Cmd  0x08004424       0x84 build\Libraries\STM32F4xx_StdPeriph_Driver\src\stm32f4xx_spi.o
                0x08004424                SPI_Cmd
 .text.SPI_I2S_ReceiveData
                0x080044a8       0x60 build\Libraries\STM32F4xx_StdPeriph_Driver\src\stm32f4xx_spi.o
                0x080044a8                SPI_I2S_ReceiveData
 .text.SPI_I2S_SendData
                0x08004508       0x60 build\Libraries\STM32F4xx_StdPeriph_Driver\src\stm32f4xx_spi.o
                0x08004508                SPI_I2S_SendData
 .text.SPI_CalculateCRC
                0x08004568       0x84 build\Libraries\STM32F4xx_StdPeriph_Driver\src\stm32f4xx_spi.o
                0x08004568                SPI_CalculateCRC
 .text.SPI_I2S_GetFlagStatus
                0x080045ec       0xc4 build\Libraries\STM32F4xx_StdPeriph_Driver\src\stm32f4xx_spi.o
                0x080045ec                SPI_I2S_GetFlagStatus
 .text.SYSCFG_EXTILineConfig
                0x080046b0      0x144 build\Libraries\STM32F4xx_StdPeriph_Driver\src\stm32f4xx_syscfg.o
                0x080046b0                SYSCFG_EXTILineConfig
 .text.TIM_ClearFlag
                0x080047f4       0xd4 build\Libraries\STM32F4xx_StdPeriph_Driver\src\stm32f4xx_tim.o
                0x080047f4                TIM_ClearFlag
 .text.TIM_ClearITPendingBit
                0x080048c8       0xd4 build\Libraries\STM32F4xx_StdPeriph_Driver\src\stm32f4xx_tim.o
                0x080048c8                TIM_ClearITPendingBit
 .text.USART_Init
                0x0800499c      0x300 build\Libraries\STM32F4xx_StdPeriph_Driver\src\stm32f4xx_usart.o
                0x0800499c                USART_Init
 .text.USART_Cmd
                0x08004c9c       0xa8 build\Libraries\STM32F4xx_StdPeriph_Driver\src\stm32f4xx_usart.o
                0x08004c9c                USART_Cmd
 .text.USART_ITConfig
                0x08004d44      0x194 build\Libraries\STM32F4xx_StdPeriph_Driver\src\stm32f4xx_usart.o
                0x08004d44                USART_ITConfig
 .text.USART_GetITStatus
                0x08004ed8      0x1c0 build\Libraries\STM32F4xx_StdPeriph_Driver\src\stm32f4xx_usart.o
                0x08004ed8                USART_GetITStatus
 .text.USART_ClearITPendingBit
                0x08005098       0xfc build\Libraries\STM32F4xx_StdPeriph_Driver\src\stm32f4xx_usart.o
                0x08005098                USART_ClearITPendingBit
 .text.Reset_Handler
                0x08005194       0x4c build\Libraries\CMSIS\ST\STM32F4xx\Source\Templates\gcc_ride7\startup_stm32f4xx.o
                0x08005194                Reset_Handler
 .text.Default_Handler
                0x080051e0        0x4 build\Libraries\CMSIS\ST\STM32F4xx\Source\Templates\gcc_ride7\startup_stm32f4xx.o
                0x080051e0                RTC_Alarm_IRQHandler
                0x080051e0                HASH_RNG_IRQHandler
                0x080051e0                TIM8_CC_IRQHandler
                0x080051e0                TIM1_CC_IRQHandler
                0x080051e0                DMA2_Stream5_IRQHandler
                0x080051e0                DMA1_Stream5_IRQHandler
                0x080051e0                PVD_IRQHandler
                0x080051e0                SDIO_IRQHandler
                0x080051e0                TAMP_STAMP_IRQHandler
                0x080051e0                CAN2_RX1_IRQHandler
                0x080051e0                EXTI3_IRQHandler
                0x080051e0                TIM8_TRG_COM_TIM14_IRQHandler
                0x080051e0                TIM1_UP_TIM10_IRQHandler
                0x080051e0                TIM8_UP_TIM13_IRQHandler
                0x080051e0                I2C3_ER_IRQHandler
                0x080051e0                EXTI0_IRQHandler
                0x080051e0                I2C2_EV_IRQHandler
                0x080051e0                DMA1_Stream2_IRQHandler
                0x080051e0                CAN1_RX0_IRQHandler
                0x080051e0                FPU_IRQHandler
                0x080051e0                OTG_HS_WKUP_IRQHandler
                0x080051e0                CAN2_SCE_IRQHandler
                0x080051e0                DMA2_Stream2_IRQHandler
                0x080051e0                SPI1_IRQHandler
                0x080051e0                TIM6_DAC_IRQHandler
                0x080051e0                TIM1_BRK_TIM9_IRQHandler
                0x080051e0                DCMI_IRQHandler
                0x080051e0                CAN2_RX0_IRQHandler
                0x080051e0                DMA2_Stream3_IRQHandler
                0x080051e0                CRYP_IRQHandler
                0x080051e0                CAN1_RX1_IRQHandler
                0x080051e0                UART5_IRQHandler
                0x080051e0                DMA2_Stream0_IRQHandler
                0x080051e0                TIM4_IRQHandler
                0x080051e0                I2C1_EV_IRQHandler
                0x080051e0                DMA1_Stream6_IRQHandler
                0x080051e0                DMA1_Stream1_IRQHandler
                0x080051e0                TIM3_IRQHandler
                0x080051e0                RCC_IRQHandler
                0x080051e0                TIM8_BRK_TIM12_IRQHandler
                0x080051e0                Default_Handler
                0x080051e0                EXTI15_10_IRQHandler
                0x080051e0                ADC_IRQHandler
                0x080051e0                DMA1_Stream7_IRQHandler
                0x080051e0                CAN2_TX_IRQHandler
                0x080051e0                TIM5_IRQHandler
                0x080051e0                DMA2_Stream7_IRQHandler
                0x080051e0                I2C3_EV_IRQHandler
                0x080051e0                RTC_WKUP_IRQHandler
                0x080051e0                ETH_WKUP_IRQHandler
                0x080051e0                SPI2_IRQHandler
                0x080051e0                OTG_HS_EP1_IN_IRQHandler
                0x080051e0                DMA1_Stream0_IRQHandler
                0x080051e0                CAN1_TX_IRQHandler
                0x080051e0                EXTI4_IRQHandler
                0x080051e0                FSMC_IRQHandler
                0x080051e0                ETH_IRQHandler
                0x080051e0                OTG_HS_EP1_OUT_IRQHandler
                0x080051e0                WWDG_IRQHandler
                0x080051e0                TIM2_IRQHandler
                0x080051e0                OTG_FS_WKUP_IRQHandler
                0x080051e0                TIM1_TRG_COM_TIM11_IRQHandler
                0x080051e0                OTG_HS_IRQHandler
                0x080051e0                EXTI1_IRQHandler
                0x080051e0                I2C2_ER_IRQHandler
                0x080051e0                DMA2_Stream1_IRQHandler
                0x080051e0                CAN1_SCE_IRQHandler
                0x080051e0                FLASH_IRQHandler
                0x080051e0                DMA2_Stream4_IRQHandler
                0x080051e0                OTG_FS_IRQHandler
                0x080051e0                SPI3_IRQHandler
                0x080051e0                DMA1_Stream4_IRQHandler
                0x080051e0                I2C1_ER_IRQHandler
                0x080051e0                DMA1_Stream3_IRQHandler
 .text.rt_system_tick_init
                0x080051e4        0xc build\src\clock.o
                0x080051e4                rt_system_tick_init
 .text.rt_tick_get
                0x080051f0       0x14 build\src\clock.o
                0x080051f0                rt_tick_get
 .text.rt_tick_increase
                0x08005204       0x48 build\src\clock.o
                0x08005204                rt_tick_increase
 .text.rt_device_register
                0x0800524c       0x58 build\src\device.o
                0x0800524c                rt_device_register
 .text.rt_device_init_all
                0x080052a4       0x84 build\src\device.o
                0x080052a4                rt_device_init_all
 .text.rt_device_find
                0x08005328       0x84 build\src\device.o
                0x08005328                rt_device_find
 .text.rt_device_open
                0x080053ac      0x118 build\src\device.o
                0x080053ac                rt_device_open
 .text.rt_device_close
                0x080054c4       0x9c build\src\device.o
                0x080054c4                rt_device_close
 .text.rt_device_read
                0x08005560       0x84 build\src\device.o
                0x08005560                rt_device_read
 .text.rt_device_write
                0x080055e4       0x84 build\src\device.o
                0x080055e4                rt_device_write
 .text.rt_device_control
                0x08005668       0x64 build\src\device.o
                0x08005668                rt_device_control
 .text.rt_device_set_rx_indicate
                0x080056cc       0x4c build\src\device.o
                0x080056cc                rt_device_set_rx_indicate
 .text.rt_list_remove
                0x08005718       0x34 build\src\idle.o
 .text.rt_list_isempty
                0x0800574c       0x24 build\src\idle.o
 .text.rt_thread_idle_excute
                0x08005770       0xd4 build\src\idle.o
                0x08005770                rt_thread_idle_excute
 .text.rt_thread_idle_entry
                0x08005844       0x20 build\src\idle.o
 .text.rt_thread_idle_init
                0x08005864       0x44 build\src\idle.o
                0x08005864                rt_thread_idle_init
 .text.rt_list_init
                0x080058a8       0x20 build\src\ipc.o
 .text.rt_list_insert_before
                0x080058c8       0x30 build\src\ipc.o
 .text.rt_list_isempty
                0x080058f8       0x24 build\src\ipc.o
 .text.rt_ipc_object_init
                0x0800591c       0x24 build\src\ipc.o
 .text.rt_ipc_list_suspend
                0x08005940       0x9c build\src\ipc.o
 .text.rt_ipc_list_resume
                0x080059dc       0x28 build\src\ipc.o
 .text.rt_sem_init
                0x08005a04       0x70 build\src\ipc.o
                0x08005a04                rt_sem_init
 .text.rt_sem_take
                0x08005a74      0x188 build\src\ipc.o
                0x08005a74                rt_sem_take
 .text.rt_sem_release
                0x08005bfc       0x78 build\src\ipc.o
                0x08005bfc                rt_sem_release
 .text.rt_interrupt_enter
                0x08005c74       0x30 build\src\irq.o
                0x08005c74                rt_interrupt_enter
 .text.rt_interrupt_leave
                0x08005ca4       0x30 build\src\irq.o
                0x08005ca4                rt_interrupt_leave
 .text.rt_interrupt_get_nest
                0x08005cd4       0x18 build\src\irq.o
                0x08005cd4                rt_interrupt_get_nest
 .text.rt_set_errno
                0x08005cec       0x40 build\src\kservice.o
                0x08005cec                rt_set_errno
 .text.rt_memset
                0x08005d2c       0xe8 build\src\kservice.o
                0x08005d2c                rt_memset
                0x08005d2c                memset
 .text.rt_memcpy
                0x08005e14      0x118 build\src\kservice.o
                0x08005e14                rt_memcpy
                0x08005e14                memcpy
 .text.rt_memmove
                0x08005f2c       0xb0 build\src\kservice.o
                0x08005f2c                rt_memmove
                0x08005f2c                memmove
 .text.rt_strncpy
                0x08005fdc       0x84 build\src\kservice.o
                0x08005fdc                rt_strncpy
 .text.rt_strncmp
                0x08006060       0x70 build\src\kservice.o
                0x08006060                rt_strncmp
 .text.rt_strlen
                0x080060d0       0x30 build\src\kservice.o
                0x080060d0                strlen
                0x080060d0                rt_strlen
 .text.rt_show_version
                0x08006100       0x48 build\src\kservice.o
                0x08006100                rt_show_version
 .text.divide   0x08006148       0x74 build\src\kservice.o
 .text.skip_atoi
                0x080061bc       0x4c build\src\kservice.o
 .text.print_number
                0x08006208      0x240 build\src\kservice.o
 .text.rt_vsnprintf
                0x08006448      0x5d0 build\src\kservice.o
                0x08006448                rt_vsnprintf
 .text.rt_console_get_device
                0x08006a18       0x14 build\src\kservice.o
                0x08006a18                rt_console_get_device
 .text.rt_console_set_device
                0x08006a2c       0x54 build\src\kservice.o
                0x08006a2c                rt_console_set_device
 .text.rt_hw_console_output
                0x08006a80       0x14 build\src\kservice.o
                0x08006a80                rt_hw_console_output
 .text.rt_kprintf
                0x08006a94       0x88 build\src\kservice.o
                0x08006a94                rt_kprintf
 .text.__rt_ffs
                0x08006b1c       0x84 build\src\kservice.o
                0x08006b1c                __rt_ffs
 .text.plug_holes
                0x08006ba0      0x13c build\src\mem.o
 .text.rt_system_heap_init
                0x08006cdc      0x144 build\src\mem.o
                0x08006cdc                rt_system_heap_init
 .text.rt_malloc
                0x08006e20      0x310 build\src\mem.o
                0x08006e20                rt_malloc
 .text.rt_free  0x08007130      0x1b0 build\src\mem.o
                0x08007130                rt_free
 .text.list_mem
                0x080072e0       0x44 build\src\mem.o
                0x080072e0                list_mem
 .text.rt_list_init
                0x08007324       0x20 build\src\mempool.o
 .text.rt_list_insert_after
                0x08007344       0x30 build\src\mempool.o
 .text.rt_mp_init
                0x08007374      0x108 build\src\mempool.o
                0x08007374                rt_mp_init
 .text.rt_mp_alloc
                0x0800747c      0x158 build\src\mempool.o
                0x0800747c                rt_mp_alloc
 .text.rt_mp_free
                0x080075d4       0x94 build\src\mempool.o
                0x080075d4                rt_mp_free
 .text.rt_list_insert_after
                0x08007668       0x30 build\src\object.o
 .text.rt_list_remove
                0x08007698       0x34 build\src\object.o
 .text.rt_system_object_init
                0x080076cc        0xc build\src\object.o
                0x080076cc                rt_system_object_init
 .text.rt_object_init
                0x080076d8       0x74 build\src\object.o
                0x080076d8                rt_object_init
 .text.rt_object_detach
                0x0800774c       0x6c build\src\object.o
                0x0800774c                rt_object_detach
 .text.rt_object_allocate
                0x080077b8       0xdc build\src\object.o
                0x080077b8                rt_object_allocate
 .text.rt_object_delete
                0x08007894       0x9c build\src\object.o
                0x08007894                rt_object_delete
 .text.rt_object_is_systemobject
                0x08007930       0x58 build\src\object.o
                0x08007930                rt_object_is_systemobject
 .text.rt_list_init
                0x08007988       0x20 build\src\scheduler.o
 .text.rt_list_insert_before
                0x080079a8       0x30 build\src\scheduler.o
 .text.rt_list_remove
                0x080079d8       0x34 build\src\scheduler.o
 .text.rt_list_isempty
                0x08007a0c       0x24 build\src\scheduler.o
 .text._rt_scheduler_stack_check
                0x08007a30       0xa4 build\src\scheduler.o
 .text.rt_system_scheduler_init
                0x08007ad4       0x60 build\src\scheduler.o
                0x08007ad4                rt_system_scheduler_init
 .text.rt_system_scheduler_start
                0x08007b34       0x3c build\src\scheduler.o
                0x08007b34                rt_system_scheduler_start
 .text.rt_schedule
                0x08007b70       0xc8 build\src\scheduler.o
                0x08007b70                rt_schedule
 .text.rt_schedule_insert_thread
                0x08007c38       0x88 build\src\scheduler.o
                0x08007c38                rt_schedule_insert_thread
 .text.rt_schedule_remove_thread
                0x08007cc0       0x8c build\src\scheduler.o
                0x08007cc0                rt_schedule_remove_thread
 .text.rt_enter_critical
                0x08007d4c       0x24 build\src\scheduler.o
                0x08007d4c                rt_enter_critical
 .text.rt_exit_critical
                0x08007d70       0x44 build\src\scheduler.o
                0x08007d70                rt_exit_critical
 .text.rt_list_init
                0x08007db4       0x20 build\src\thread.o
 .text.rt_list_insert_after
                0x08007dd4       0x30 build\src\thread.o
 .text.rt_list_insert_before
                0x08007e04       0x30 build\src\thread.o
 .text.rt_list_remove
                0x08007e34       0x34 build\src\thread.o
 .text.rt_thread_exit
                0x08007e68       0x74 build\src\thread.o
 .text._rt_thread_init
                0x08007edc      0x118 build\src\thread.o
 .text.rt_thread_init
                0x08007ff4       0x98 build\src\thread.o
                0x08007ff4                rt_thread_init
 .text.rt_thread_self
                0x0800808c       0x14 build\src\thread.o
                0x0800808c                rt_thread_self
 .text.rt_thread_startup
                0x080080a0       0xac build\src\thread.o
                0x080080a0                rt_thread_startup
 .text.rt_thread_create
                0x0800814c       0x6c build\src\thread.o
                0x0800814c                rt_thread_create
 .text.rt_thread_yield
                0x080081b8       0x7c build\src\thread.o
                0x080081b8                rt_thread_yield
 .text.rt_thread_sleep
                0x08008234       0x98 build\src\thread.o
                0x08008234                rt_thread_sleep
 .text.rt_thread_delay
                0x080082cc       0x1c build\src\thread.o
                0x080082cc                rt_thread_delay
 .text.rt_thread_suspend
                0x080082e8       0x70 build\src\thread.o
                0x080082e8                rt_thread_suspend
 .text.rt_thread_resume
                0x08008358       0x80 build\src\thread.o
                0x08008358                rt_thread_resume
 .text.rt_thread_timeout
                0x080083d8       0x8c build\src\thread.o
                0x080083d8                rt_thread_timeout
 .text.rt_list_init
                0x08008464       0x20 build\src\timer.o
 .text.rt_list_insert_after
                0x08008484       0x30 build\src\timer.o
 .text.rt_list_remove
                0x080084b4       0x34 build\src\timer.o
 .text.rt_list_isempty
                0x080084e8       0x24 build\src\timer.o
 .text._rt_timer_init
                0x0800850c       0x74 build\src\timer.o
 .text.rt_timer_list_next_timeout
                0x08008580       0x34 build\src\timer.o
 .text._rt_timer_remove
                0x080085b4       0x40 build\src\timer.o
 .text.rt_timer_init
                0x080085f4       0x64 build\src\timer.o
                0x080085f4                rt_timer_init
 .text.rt_timer_detach
                0x08008658       0x5c build\src\timer.o
                0x08008658                rt_timer_detach
 .text.rt_timer_start
                0x080086b4      0x264 build\src\timer.o
                0x080086b4                rt_timer_start
 .text.rt_timer_stop
                0x08008918       0x8c build\src\timer.o
                0x08008918                rt_timer_stop
 .text.rt_timer_control
                0x080089a4       0x9c build\src\timer.o
                0x080089a4                rt_timer_control
 .text.rt_timer_check
                0x08008a40       0xbc build\src\timer.o
                0x08008a40                rt_timer_check
 .text.rt_soft_timer_check
                0x08008afc       0xb4 build\src\timer.o
                0x08008afc                rt_soft_timer_check
 .text.rt_thread_timer_entry
                0x08008bb0       0x60 build\src\timer.o
 .text.rt_system_timer_init
                0x08008c10       0x38 build\src\timer.o
                0x08008c10                rt_system_timer_init
 .text.rt_system_timer_thread_init
                0x08008c48       0x74 build\src\timer.o
                0x08008c48                rt_system_timer_thread_init
 .text.rt_hw_stack_init
                0x08008cbc       0xa4 build\libcpu\arm\cortex-m4\cpuport.o
                0x08008cbc                rt_hw_stack_init
 .text.rt_hw_hard_fault_exception
                0x08008d60       0xc8 build\libcpu\arm\cortex-m4\cpuport.o
                0x08008d60                rt_hw_hard_fault_exception
 .text.finsh_rx_ind
                0x08008e28       0x58 build\components\finsh\shell.o
 .text.finsh_set_device
                0x08008e80       0xc4 build\components\finsh\shell.o
                0x08008e80                finsh_set_device
 .text.shell_auto_complete
                0x08008f44       0x34 build\components\finsh\shell.o
 .text.finsh_run_line
                0x08008f78       0xc4 build\components\finsh\shell.o
                0x08008f78                finsh_run_line
 .text.shell_handle_history
                0x0800903c       0x38 build\components\finsh\shell.o
 .text.shell_push_history
                0x08009074      0x158 build\components\finsh\shell.o
 .text.finsh_thread_entry
                0x080091cc      0x6c4 build\components\finsh\shell.o
                0x080091cc                finsh_thread_entry
 .text.finsh_system_function_init
                0x08009890       0x28 build\components\finsh\shell.o
                0x08009890                finsh_system_function_init
 .text.finsh_system_var_init
                0x080098b8       0x28 build\components\finsh\shell.o
                0x080098b8                finsh_system_var_init
 .text.finsh_system_init
                0x080098e0       0xcc build\components\finsh\shell.o
                0x080098e0                finsh_system_init
 .text.rt_list_isempty
                0x080099ac       0x24 build\components\finsh\cmd.o
 .text.rt_list_len
                0x080099d0       0x3c build\components\finsh\cmd.o
 .text.hello    0x08009a0c       0x18 build\components\finsh\cmd.o
                0x08009a0c                hello
 .text.version  0x08009a24       0x10 build\components\finsh\cmd.o
                0x08009a24                version
 .text._list_thread
                0x08009a34      0x110 build\components\finsh\cmd.o
 .text.list_thread
                0x08009b44       0x14 build\components\finsh\cmd.o
                0x08009b44                list_thread
 .text.show_wait_queue
                0x08009b58       0x50 build\components\finsh\cmd.o
 .text._list_sem
                0x08009ba8       0xc8 build\components\finsh\cmd.o
 .text.list_sem
                0x08009c70       0x14 build\components\finsh\cmd.o
                0x08009c70                list_sem
 .text._list_event
                0x08009c84       0xb0 build\components\finsh\cmd.o
 .text.list_event
                0x08009d34       0x14 build\components\finsh\cmd.o
                0x08009d34                list_event
 .text._list_mutex
                0x08009d48       0x80 build\components\finsh\cmd.o
 .text.list_mutex
                0x08009dc8       0x14 build\components\finsh\cmd.o
                0x08009dc8                list_mutex
 .text._list_mailbox
                0x08009ddc       0xd8 build\components\finsh\cmd.o
 .text.list_mailbox
                0x08009eb4       0x14 build\components\finsh\cmd.o
                0x08009eb4                list_mailbox
 .text._list_msgqueue
                0x08009ec8       0xc8 build\components\finsh\cmd.o
 .text.list_msgqueue
                0x08009f90       0x14 build\components\finsh\cmd.o
                0x08009f90                list_msgqueue
 .text._list_mempool
                0x08009fa4       0xb4 build\components\finsh\cmd.o
 .text.list_mempool
                0x0800a058       0x14 build\components\finsh\cmd.o
                0x0800a058                list_mempool
 .text._list_timer
                0x0800a06c       0x98 build\components\finsh\cmd.o
 .text.list_timer
                0x0800a104       0x14 build\components\finsh\cmd.o
                0x0800a104                list_timer
 .text._list_device
                0x0800a118       0x90 build\components\finsh\cmd.o
 .text.list_device
                0x0800a1a8       0x14 build\components\finsh\cmd.o
                0x0800a1a8                list_device
 .text.list     0x0800a1bc      0x100 build\components\finsh\cmd.o
                0x0800a1bc                list
 .text.str_is_prefix
                0x0800a2bc       0x50 build\components\finsh\cmd.o
 .text.str_common
                0x0800a30c       0x50 build\components\finsh\cmd.o
 .text.list_prefix
                0x0800a35c      0x2b0 build\components\finsh\cmd.o
                0x0800a35c                list_prefix
 .text.finsh_compile
                0x0800a60c     0x1cec build\components\finsh\finsh_compiler.o
 .text.finsh_type_check
                0x0800c2f8      0x24c build\components\finsh\finsh_compiler.o
 .text.finsh_compiler_run
                0x0800c544       0x98 build\components\finsh\finsh_compiler.o
                0x0800c544                finsh_compiler_run
 .text.finsh_error_init
                0x0800c5dc       0x1c build\components\finsh\finsh_error.o
                0x0800c5dc                finsh_error_init
 .text.finsh_error_set
                0x0800c5f8       0x24 build\components\finsh\finsh_error.o
                0x0800c5f8                finsh_error_set
 .text.finsh_errno
                0x0800c61c       0x14 build\components\finsh\finsh_error.o
                0x0800c61c                finsh_errno
 .text.finsh_error_string
                0x0800c630       0x24 build\components\finsh\finsh_error.o
                0x0800c630                finsh_error_string
 .text.finsh_heap_init
                0x0800c654       0x48 build\components\finsh\finsh_heap.o
                0x0800c654                finsh_heap_init
 .text.finsh_heap_allocate
                0x0800c69c       0xb8 build\components\finsh\finsh_heap.o
                0x0800c69c                finsh_heap_allocate
 .text.finsh_heap_free
                0x0800c754       0x38 build\components\finsh\finsh_heap.o
                0x0800c754                finsh_heap_free
 .text.finsh_heap_gc
                0x0800c78c       0xa0 build\components\finsh\finsh_heap.o
 .text.finsh_block_insert
                0x0800c82c       0x84 build\components\finsh\finsh_heap.o
 .text.finsh_block_remove
                0x0800c8b0       0x5c build\components\finsh\finsh_heap.o
 .text.finsh_block_split
                0x0800c90c       0x44 build\components\finsh\finsh_heap.o
 .text.finsh_block_merge
                0x0800c950       0xf0 build\components\finsh\finsh_heap.o
 .text.finsh_init
                0x0800ca40       0x2c build\components\finsh\finsh_init.o
                0x0800ca40                finsh_init
 .text.finsh_stack_bottom
                0x0800ca6c       0x14 build\components\finsh\finsh_init.o
                0x0800ca6c                finsh_stack_bottom
 .text.finsh_flush
                0x0800ca80       0x24 build\components\finsh\finsh_init.o
                0x0800ca80                finsh_flush
 .text.finsh_node_init
                0x0800caa4       0x20 build\components\finsh\finsh_node.o
                0x0800caa4                finsh_node_init
 .text.finsh_node_allocate
                0x0800cac4       0x80 build\components\finsh\finsh_node.o
                0x0800cac4                finsh_node_allocate
 .text.finsh_node_new_id
                0x0800cb44       0xc0 build\components\finsh\finsh_node.o
                0x0800cb44                finsh_node_new_id
 .text.finsh_node_new_char
                0x0800cc04       0x3c build\components\finsh\finsh_node.o
                0x0800cc04                finsh_node_new_char
 .text.finsh_node_new_int
                0x0800cc40       0x38 build\components\finsh\finsh_node.o
                0x0800cc40                finsh_node_new_int
 .text.finsh_node_new_long
                0x0800cc78       0x38 build\components\finsh\finsh_node.o
                0x0800cc78                finsh_node_new_long
 .text.finsh_node_new_string
                0x0800ccb0       0x74 build\components\finsh\finsh_node.o
                0x0800ccb0                finsh_node_new_string
 .text.finsh_node_new_ptr
                0x0800cd24       0x38 build\components\finsh\finsh_node.o
                0x0800cd24                finsh_node_new_ptr
 .text.OP_no_op
                0x0800cd5c        0xc build\components\finsh\finsh_ops.o
                0x0800cd5c                OP_no_op
 .text.OP_add_byte
                0x0800cd68       0x40 build\components\finsh\finsh_ops.o
                0x0800cd68                OP_add_byte
 .text.OP_add_word
                0x0800cda8       0x44 build\components\finsh\finsh_ops.o
                0x0800cda8                OP_add_word
 .text.OP_add_dword
                0x0800cdec       0x3c build\components\finsh\finsh_ops.o
                0x0800cdec                OP_add_dword
 .text.OP_sub_byte
                0x0800ce28       0x40 build\components\finsh\finsh_ops.o
                0x0800ce28                OP_sub_byte
 .text.OP_sub_word
                0x0800ce68       0x44 build\components\finsh\finsh_ops.o
                0x0800ce68                OP_sub_word
 .text.OP_sub_dword
                0x0800ceac       0x3c build\components\finsh\finsh_ops.o
                0x0800ceac                OP_sub_dword
 .text.OP_div_byte
                0x0800cee8       0x40 build\components\finsh\finsh_ops.o
                0x0800cee8                OP_div_byte
 .text.OP_div_word
                0x0800cf28       0x44 build\components\finsh\finsh_ops.o
                0x0800cf28                OP_div_word
 .text.OP_div_dword
                0x0800cf6c       0x40 build\components\finsh\finsh_ops.o
                0x0800cf6c                OP_div_dword
 .text.OP_mod_byte
                0x0800cfac       0x48 build\components\finsh\finsh_ops.o
                0x0800cfac                OP_mod_byte
 .text.OP_mod_word
                0x0800cff4       0x4c build\components\finsh\finsh_ops.o
                0x0800cff4                OP_mod_word
 .text.OP_mod_dword
                0x0800d040       0x44 build\components\finsh\finsh_ops.o
                0x0800d040                OP_mod_dword
 .text.OP_mul_byte
                0x0800d084       0x40 build\components\finsh\finsh_ops.o
                0x0800d084                OP_mul_byte
 .text.OP_mul_word
                0x0800d0c4       0x48 build\components\finsh\finsh_ops.o
                0x0800d0c4                OP_mul_word
 .text.OP_mul_dword
                0x0800d10c       0x40 build\components\finsh\finsh_ops.o
                0x0800d10c                OP_mul_dword
 .text.OP_and_byte
                0x0800d14c       0x40 build\components\finsh\finsh_ops.o
                0x0800d14c                OP_and_byte
 .text.OP_and_word
                0x0800d18c       0x40 build\components\finsh\finsh_ops.o
                0x0800d18c                OP_and_word
 .text.OP_and_dword
                0x0800d1cc       0x3c build\components\finsh\finsh_ops.o
                0x0800d1cc                OP_and_dword
 .text.OP_or_byte
                0x0800d208       0x40 build\components\finsh\finsh_ops.o
                0x0800d208                OP_or_byte
 .text.OP_or_word
                0x0800d248       0x40 build\components\finsh\finsh_ops.o
                0x0800d248                OP_or_word
 .text.OP_or_dword
                0x0800d288       0x3c build\components\finsh\finsh_ops.o
                0x0800d288                OP_or_dword
 .text.OP_xor_byte
                0x0800d2c4       0x40 build\components\finsh\finsh_ops.o
                0x0800d2c4                OP_xor_byte
 .text.OP_xor_word
                0x0800d304       0x40 build\components\finsh\finsh_ops.o
                0x0800d304                OP_xor_word
 .text.OP_xor_dword
                0x0800d344       0x3c build\components\finsh\finsh_ops.o
                0x0800d344                OP_xor_dword
 .text.OP_bw_byte
                0x0800d380       0x2c build\components\finsh\finsh_ops.o
                0x0800d380                OP_bw_byte
 .text.OP_bw_word
                0x0800d3ac       0x2c build\components\finsh\finsh_ops.o
                0x0800d3ac                OP_bw_word
 .text.OP_bw_dword
                0x0800d3d8       0x28 build\components\finsh\finsh_ops.o
                0x0800d3d8                OP_bw_dword
 .text.OP_shl_byte
                0x0800d400       0x44 build\components\finsh\finsh_ops.o
                0x0800d400                OP_shl_byte
 .text.OP_shl_word
                0x0800d444       0x44 build\components\finsh\finsh_ops.o
                0x0800d444                OP_shl_word
 .text.OP_shl_dword
                0x0800d488       0x40 build\components\finsh\finsh_ops.o
                0x0800d488                OP_shl_dword
 .text.OP_shr_byte
                0x0800d4c8       0x44 build\components\finsh\finsh_ops.o
                0x0800d4c8                OP_shr_byte
 .text.OP_shr_word
                0x0800d50c       0x44 build\components\finsh\finsh_ops.o
                0x0800d50c                OP_shr_word
 .text.OP_shr_dword
                0x0800d550       0x40 build\components\finsh\finsh_ops.o
                0x0800d550                OP_shr_dword
 .text.OP_ld_byte
                0x0800d590       0x38 build\components\finsh\finsh_ops.o
                0x0800d590                OP_ld_byte
 .text.OP_ld_word
                0x0800d5c8       0x50 build\components\finsh\finsh_ops.o
                0x0800d5c8                OP_ld_word
 .text.OP_ld_dword
                0x0800d618       0x6c build\components\finsh\finsh_ops.o
                0x0800d618                OP_ld_dword
 .text.OP_ld_value_byte
                0x0800d684       0x78 build\components\finsh\finsh_ops.o
                0x0800d684                OP_ld_value_byte
 .text.OP_ld_value_byte_stack
                0x0800d6fc       0x30 build\components\finsh\finsh_ops.o
                0x0800d6fc                OP_ld_value_byte_stack
 .text.OP_ld_value_word
                0x0800d72c       0x78 build\components\finsh\finsh_ops.o
                0x0800d72c                OP_ld_value_word
 .text.OP_ld_value_word_stack
                0x0800d7a4       0x30 build\components\finsh\finsh_ops.o
                0x0800d7a4                OP_ld_value_word_stack
 .text.OP_ld_value_dword
                0x0800d7d4       0x78 build\components\finsh\finsh_ops.o
                0x0800d7d4                OP_ld_value_dword
 .text.OP_ld_value_dword_stack
                0x0800d84c       0x30 build\components\finsh\finsh_ops.o
                0x0800d84c                OP_ld_value_dword_stack
 .text.OP_st_byte
                0x0800d87c       0x34 build\components\finsh\finsh_ops.o
                0x0800d87c                OP_st_byte
 .text.OP_st_word
                0x0800d8b0       0x34 build\components\finsh\finsh_ops.o
                0x0800d8b0                OP_st_word
 .text.OP_st_dword
                0x0800d8e4       0x34 build\components\finsh\finsh_ops.o
                0x0800d8e4                OP_st_dword
 .text.OP_pop   0x0800d918       0x1c build\components\finsh\finsh_ops.o
                0x0800d918                OP_pop
 .text.OP_call  0x0800d934      0x3f4 build\components\finsh\finsh_ops.o
                0x0800d934                OP_call
 .text.proc_variable_decl
                0x0800dd28      0x2f4 build\components\finsh\finsh_parser.o
 .text.proc_type
                0x0800e01c      0x1d8 build\components\finsh\finsh_parser.o
 .text.proc_identifier
                0x0800e1f4       0x50 build\components\finsh\finsh_parser.o
 .text.proc_expr_statement
                0x0800e244       0x68 build\components\finsh\finsh_parser.o
 .text.proc_expr
                0x0800e2ac       0x1c build\components\finsh\finsh_parser.o
 .text.proc_assign_expr
                0x0800e2c8       0x54 build\components\finsh\finsh_parser.o
 .text.proc_inclusive_or_expr
                0x0800e31c       0x74 build\components\finsh\finsh_parser.o
 .text.proc_exclusive_or_expr
                0x0800e390       0x74 build\components\finsh\finsh_parser.o
 .text.proc_and_expr
                0x0800e404       0x74 build\components\finsh\finsh_parser.o
 .text.proc_shift_expr
                0x0800e478       0xa0 build\components\finsh\finsh_parser.o
 .text.proc_additive_expr
                0x0800e518       0xa0 build\components\finsh\finsh_parser.o
 .text.proc_multiplicative_expr
                0x0800e5b8       0xb8 build\components\finsh\finsh_parser.o
 .text.proc_cast_expr
                0x0800e670       0x80 build\components\finsh\finsh_parser.o
 .text.proc_unary_expr
                0x0800e6f0      0x124 build\components\finsh\finsh_parser.o
 .text.proc_postfix_expr
                0x0800e814       0xf0 build\components\finsh\finsh_parser.o
 .text.proc_primary_expr
                0x0800e904      0x164 build\components\finsh\finsh_parser.o
 .text.proc_param_list
                0x0800ea68       0x80 build\components\finsh\finsh_parser.o
 .text.make_sys_node
                0x0800eae8       0x48 build\components\finsh\finsh_parser.o
 .text.finsh_parser_run
                0x0800eb30      0x170 build\components\finsh\finsh_parser.o
                0x0800eb30                finsh_parser_run
 .text.finsh_parser_init
                0x0800eca0       0x24 build\components\finsh\finsh_parser.o
                0x0800eca0                finsh_parser_init
 .text.finsh_var_init
                0x0800ecc4       0x20 build\components\finsh\finsh_var.o
                0x0800ecc4                finsh_var_init
 .text.finsh_var_insert
                0x0800ece4       0xd4 build\components\finsh\finsh_var.o
                0x0800ece4                finsh_var_insert
 .text.finsh_var_lookup
                0x0800edb8       0x74 build\components\finsh\finsh_var.o
                0x0800edb8                finsh_var_lookup
 .text.finsh_sysvar_lookup
                0x0800ee2c       0x8c build\components\finsh\finsh_var.o
                0x0800ee2c                finsh_sysvar_lookup
 .text.finsh_vm_run
                0x0800eeb8       0x68 build\components\finsh\finsh_vm.o
                0x0800eeb8                finsh_vm_run
 .text.finsh_syscall_lookup
                0x0800ef20       0x8c build\components\finsh\finsh_vm.o
                0x0800ef20                finsh_syscall_lookup
 .text.finsh_token_init
                0x0800efac       0x28 build\components\finsh\finsh_token.o
                0x0800efac                finsh_token_init
 .text.finsh_token_token
                0x0800efd4       0x30 build\components\finsh\finsh_token.o
                0x0800efd4                finsh_token_token
 .text.token_get_string
                0x0800f004       0xb4 build\components\finsh\finsh_token.o
                0x0800f004                token_get_string
 .text.token_next_char
                0x0800f0b8       0x78 build\components\finsh\finsh_token.o
 .text.token_prev_char
                0x0800f130       0x38 build\components\finsh\finsh_token.o
 .text.token_run
                0x0800f168      0x384 build\components\finsh\finsh_token.o
 .text.token_match_name
                0x0800f4ec       0x60 build\components\finsh\finsh_token.o
 .text.token_trim_space
                0x0800f54c       0x34 build\components\finsh\finsh_token.o
 .text.token_proc_char
                0x0800f580       0xf0 build\components\finsh\finsh_token.o
 .text.token_proc_string
                0x0800f670       0x84 build\components\finsh\finsh_token.o
 .text.token_proc_escape
                0x0800f6f4      0x148 build\components\finsh\finsh_token.o
 .text.token_proc_number
                0x0800f83c      0x1f8 build\components\finsh\finsh_token.o
 .text.token_spec_number
                0x0800fa34      0x128 build\components\finsh\finsh_token.o
 .text.atoi     0x0800fb5c       0xa0 build\components\libc\minilibc\stdlib.o
                0x0800fb5c                atoi
 .text.strncpy  0x0800fbfc       0x24 build\components\libc\minilibc\string.o
                0x0800fbfc                strncpy
 .text.strcmp   0x0800fc20       0x48 build\components\libc\minilibc\string.o
                0x0800fc20                strcmp
 .text.strncmp  0x0800fc68       0x70 build\components\libc\minilibc\string.o
                0x0800fc68                strncmp
 .text.__isleap
                0x0800fcd8       0x6c build\components\libc\minilibc\time.o
                0x0800fcd8                __isleap
 .text.gmtime_r
                0x0800fd44      0x178 build\components\libc\minilibc\time.o
                0x0800fd44                gmtime_r
 .text.localtime_r
                0x0800febc       0x60 build\components\libc\minilibc\time.o
                0x0800febc                localtime_r
 .text.localtime
                0x0800ff1c       0x20 build\components\libc\minilibc\time.o
                0x0800ff1c                localtime
 .text.mktime   0x0800ff3c      0x2bc build\components\libc\minilibc\time.o
                0x0800ff3c                mktime
 .text.num2str  0x080101f8       0x68 build\components\libc\minilibc\time.o
 .text.asctime_r
                0x08010260      0x140 build\components\libc\minilibc\time.o
                0x08010260                asctime_r
 .text.asctime  0x080103a0       0x20 build\components\libc\minilibc\time.o
                0x080103a0                asctime
 .text.ctime    0x080103c0       0x24 build\components\libc\minilibc\time.o
                0x080103c0                ctime
 .text.gettimeofday
                0x080103e4       0x54 build\components\libc\minilibc\time.o
                0x080103e4                gettimeofday
 *(.rodata)
 .rodata        0x08010438        0x4 build\applications\Rf_Communication.o
 .rodata        0x0801043c        0x8 build\applications\application.o
 .rodata        0x08010444       0x58 build\applications\startup.o
 .rodata        0x0801049c        0x8 build\drivers\board\board.o
 .rodata        0x080104a4       0x98 build\drivers\RTC\rtc.o
 .rodata        0x0801053c       0xf4 build\drivers\serial\serial.o
 .rodata        0x08010630       0x10 build\drivers\serial\usart.o
 .rodata        0x08010640       0x30 build\Libraries\STM32F4xx_StdPeriph_Driver\src\misc.o
 .rodata        0x08010670       0x3c build\Libraries\STM32F4xx_StdPeriph_Driver\src\stm32f4xx_dma.o
 .rodata        0x080106ac       0x3c build\Libraries\STM32F4xx_StdPeriph_Driver\src\stm32f4xx_exti.o
 .rodata        0x080106e8       0x3c build\Libraries\STM32F4xx_StdPeriph_Driver\src\stm32f4xx_gpio.o
 .rodata        0x08010724       0x3c build\Libraries\STM32F4xx_StdPeriph_Driver\src\stm32f4xx_pwr.o
 .rodata        0x08010760       0x3c build\Libraries\STM32F4xx_StdPeriph_Driver\src\stm32f4xx_rcc.o
 .rodata        0x0801079c       0x3c build\Libraries\STM32F4xx_StdPeriph_Driver\src\stm32f4xx_rtc.o
 .rodata        0x080107d8       0x3c build\Libraries\STM32F4xx_StdPeriph_Driver\src\stm32f4xx_spi.o
 .rodata        0x08010814       0x3c build\Libraries\STM32F4xx_StdPeriph_Driver\src\stm32f4xx_syscfg.o
 .rodata        0x08010850       0x3c build\Libraries\STM32F4xx_StdPeriph_Driver\src\stm32f4xx_tim.o
 .rodata        0x0801088c       0x3c build\Libraries\STM32F4xx_StdPeriph_Driver\src\stm32f4xx_usart.o
 .rodata        0x080108c8       0x7c build\src\device.o
 .rodata        0x08010944       0x50 build\src\idle.o
 .rodata        0x08010994       0xf8 build\src\ipc.o
 .rodata        0x08010a8c       0x90 build\src\kservice.o
 .rodata        0x08010b1c      0x2d0 build\src\mem.o
 .rodata        0x08010dec       0x58 build\src\mempool.o
 .rodata        0x08010e44       0x88 build\src\object.o
 .rodata        0x08010ecc       0x88 build\src\scheduler.o
 .rodata        0x08010f54       0xb4 build\src\thread.o
 .rodata        0x08011008       0x68 build\src\timer.o
 .rodata        0x08011070       0xd0 build\libcpu\arm\cortex-m4\cpuport.o
 .rodata        0x08011140       0xe8 build\components\finsh\shell.o
 .rodata        0x08011228      0x670 build\components\finsh\cmd.o
 .rodata        0x08011898       0xf4 build\components\finsh\finsh_error.o
 .rodata        0x0801198c       0x40 build\components\finsh\finsh_token.o
 .rodata        0x080119cc        0x4 build\components\libc\minilibc\time.o
 *(.rodata*)
 .rodata.__fsym_led_name
                0x080119d0        0x4 build\drivers\board\led.o
                0x080119d0                __fsym_led_name
 .rodata.__fsym_led_desc
                0x080119d4       0x20 build\drivers\board\led.o
                0x080119d4                __fsym_led_desc
 .rodata.rfSettings
                0x080119f4       0x24 build\drivers\Rf\src\rf_app.o
                0x080119f4                rfSettings
 .rodata.__fsym_set_date_name
                0x08011a18        0xc build\drivers\RTC\rtc.o
                0x08011a18                __fsym_set_date_name
 .rodata.__fsym_set_date_desc
                0x08011a24       0x24 build\drivers\RTC\rtc.o
                0x08011a24                __fsym_set_date_desc
 .rodata.__fsym_set_time_name
                0x08011a48        0xc build\drivers\RTC\rtc.o
                0x08011a48                __fsym_set_time_name
 .rodata.__fsym_set_time_desc
                0x08011a54       0x24 build\drivers\RTC\rtc.o
                0x08011a54                __fsym_set_time_desc
 .rodata.__fsym_list_date_name
                0x08011a78        0xc build\drivers\RTC\rtc.o
                0x08011a78                __fsym_list_date_name
 .rodata.__fsym_list_date_desc
                0x08011a84       0x14 build\drivers\RTC\rtc.o
                0x08011a84                __fsym_list_date_desc
 .rodata.__FUNCTION__.8427
                0x08011a98       0x10 build\drivers\RTC\rtc.o
 .rodata.__FUNCTION__.8209
                0x08011aa8       0x18 build\drivers\serial\serial.o
 .rodata.__FUNCTION__.8193
                0x08011ac0       0x14 build\drivers\serial\serial.o
 .rodata.__FUNCTION__.8180
                0x08011ad4       0x18 build\drivers\serial\serial.o
 .rodata.__FUNCTION__.8166
                0x08011aec       0x14 build\drivers\serial\serial.o
 .rodata.__FUNCTION__.8138
                0x08011b00       0x10 build\drivers\serial\serial.o
 .rodata.__FUNCTION__.8124
                0x08011b10       0x18 build\drivers\serial\serial.o
 .rodata.__FUNCTION__.8088
                0x08011b28       0x10 build\drivers\serial\serial.o
 .rodata.__FUNCTION__.4877
                0x08011b38       0x1c build\src\device.o
 .rodata.__FUNCTION__.4866
                0x08011b54       0x14 build\src\device.o
 .rodata.__FUNCTION__.4856
                0x08011b68       0x10 build\src\device.o
 .rodata.__FUNCTION__.4845
                0x08011b78       0x10 build\src\device.o
 .rodata.__FUNCTION__.4834
                0x08011b88       0x10 build\src\device.o
 .rodata.__FUNCTION__.4821
                0x08011b98       0x10 build\src\device.o
 .rodata.__FUNCTION__.4843
                0x08011ba8       0x18 build\src\idle.o
 .rodata.__FUNCTION__.4914
                0x08011bc0        0xc build\src\ipc.o
 .rodata.__FUNCTION__.4870
                0x08011bcc        0xc build\src\ipc.o
 .rodata.__lowest_bit_bitmap
                0x08011bd8      0x100 build\src\kservice.o
                0x08011bd8                __lowest_bit_bitmap
 .rodata.large_digits.4994
                0x08011cd8       0x14 build\src\kservice.o
 .rodata.small_digits.4993
                0x08011cec       0x14 build\src\kservice.o
 .rodata.__fsym_list_mem_name
                0x08011d00        0xc build\src\mem.o
                0x08011d00                __fsym_list_mem_name
 .rodata.__fsym_list_mem_desc
                0x08011d0c       0x20 build\src\mem.o
                0x08011d0c                __fsym_list_mem_desc
 .rodata.__FUNCTION__.4953
                0x08011d2c        0x8 build\src\mem.o
 .rodata.__FUNCTION__.4894
                0x08011d34        0xc build\src\mem.o
 .rodata.__FUNCTION__.4881
                0x08011d40       0x14 build\src\mem.o
 .rodata.__FUNCTION__.4861
                0x08011d54        0xc build\src\mem.o
 .rodata.__FUNCTION__.4918
                0x08011d60        0xc build\src\mempool.o
 .rodata.__FUNCTION__.4855
                0x08011d6c        0xc build\src\mempool.o
 .rodata.__FUNCTION__.4912
                0x08011d78       0x1c build\src\object.o
 .rodata.__FUNCTION__.4900
                0x08011d94       0x14 build\src\object.o
 .rodata.__FUNCTION__.4890
                0x08011da8       0x14 build\src\object.o
 .rodata.__FUNCTION__.4878
                0x08011dbc       0x14 build\src\object.o
 .rodata.__FUNCTION__.4894
                0x08011dd0       0x1c build\src\scheduler.o
 .rodata.__FUNCTION__.4885
                0x08011dec       0x1c build\src\scheduler.o
 .rodata.__FUNCTION__.4850
                0x08011e08       0x1c build\src\scheduler.o
 .rodata.__FUNCTION__.4974
                0x08011e24       0x14 build\src\thread.o
 .rodata.__FUNCTION__.4965
                0x08011e38       0x14 build\src\thread.o
 .rodata.__FUNCTION__.4956
                0x08011e4c       0x14 build\src\thread.o
 .rodata.__FUNCTION__.4928
                0x08011e60       0x10 build\src\thread.o
 .rodata.__FUNCTION__.4880
                0x08011e70       0x14 build\src\thread.o
 .rodata.__FUNCTION__.4865
                0x08011e84       0x10 build\src\thread.o
 .rodata.__FUNCTION__.4849
                0x08011e94       0x10 build\src\thread.o
 .rodata.__FUNCTION__.4968
                0x08011ea4       0x14 build\src\timer.o
 .rodata.__FUNCTION__.4958
                0x08011eb8       0x10 build\src\timer.o
 .rodata.__FUNCTION__.4933
                0x08011ec8       0x10 build\src\timer.o
 .rodata.__FUNCTION__.4901
                0x08011ed8       0x10 build\src\timer.o
 .rodata.__FUNCTION__.4892
                0x08011ee8       0x10 build\src\timer.o
 .rodata.__FUNCTION__.5125
                0x08011ef8       0x14 build\components\finsh\shell.o
 .rodata.__FUNCTION__.5072
                0x08011f0c       0x14 build\components\finsh\shell.o
 .rodata.__FUNCTION__.5063
                0x08011f20       0x10 build\components\finsh\shell.o
 .rodata.__fsym_hello_name
                0x08011f30        0x8 build\components\finsh\cmd.o
                0x08011f30                __fsym_hello_name
 .rodata.__fsym_hello_desc
                0x08011f38       0x10 build\components\finsh\cmd.o
                0x08011f38                __fsym_hello_desc
 .rodata.__fsym_version_name
                0x08011f48        0x8 build\components\finsh\cmd.o
                0x08011f48                __fsym_version_name
 .rodata.__fsym_version_desc
                0x08011f50       0x24 build\components\finsh\cmd.o
                0x08011f50                __fsym_version_desc
 .rodata.__fsym_list_thread_name
                0x08011f74        0xc build\components\finsh\cmd.o
                0x08011f74                __fsym_list_thread_name
 .rodata.__fsym_list_thread_desc
                0x08011f80        0xc build\components\finsh\cmd.o
                0x08011f80                __fsym_list_thread_desc
 .rodata.__fsym_list_sem_name
                0x08011f8c        0xc build\components\finsh\cmd.o
                0x08011f8c                __fsym_list_sem_name
 .rodata.__fsym_list_sem_desc
                0x08011f98       0x1c build\components\finsh\cmd.o
                0x08011f98                __fsym_list_sem_desc
 .rodata.__fsym_list_event_name
                0x08011fb4        0xc build\components\finsh\cmd.o
                0x08011fb4                __fsym_list_event_name
 .rodata.__fsym_list_event_desc
                0x08011fc0       0x18 build\components\finsh\cmd.o
                0x08011fc0                __fsym_list_event_desc
 .rodata.__fsym_list_mutex_name
                0x08011fd8        0xc build\components\finsh\cmd.o
                0x08011fd8                __fsym_list_mutex_name
 .rodata.__fsym_list_mutex_desc
                0x08011fe4       0x18 build\components\finsh\cmd.o
                0x08011fe4                __fsym_list_mutex_desc
 .rodata.__fsym_list_mailbox_name
                0x08011ffc       0x10 build\components\finsh\cmd.o
                0x08011ffc                __fsym_list_mailbox_name
 .rodata.__fsym_list_mailbox_desc
                0x0801200c       0x18 build\components\finsh\cmd.o
                0x0801200c                __fsym_list_mailbox_desc
 .rodata.__fsym_list_msgqueue_name
                0x08012024       0x10 build\components\finsh\cmd.o
                0x08012024                __fsym_list_msgqueue_name
 .rodata.__fsym_list_msgqueue_desc
                0x08012034       0x20 build\components\finsh\cmd.o
                0x08012034                __fsym_list_msgqueue_desc
 .rodata.__fsym_list_mempool_name
                0x08012054       0x10 build\components\finsh\cmd.o
                0x08012054                __fsym_list_mempool_name
 .rodata.__fsym_list_mempool_desc
                0x08012064       0x1c build\components\finsh\cmd.o
                0x08012064                __fsym_list_mempool_desc
 .rodata.__fsym_list_timer_name
                0x08012080        0xc build\components\finsh\cmd.o
                0x08012080                __fsym_list_timer_name
 .rodata.__fsym_list_timer_desc
                0x0801208c       0x18 build\components\finsh\cmd.o
                0x0801208c                __fsym_list_timer_desc
 .rodata.__fsym_list_device_name
                0x080120a4        0xc build\components\finsh\cmd.o
                0x080120a4                __fsym_list_device_name
 .rodata.__fsym_list_device_desc
                0x080120b0       0x18 build\components\finsh\cmd.o
                0x080120b0                __fsym_list_device_desc
 .rodata.__fsym_list_name
                0x080120c8        0x8 build\components\finsh\cmd.o
                0x080120c8                __fsym_list_name
 .rodata.__fsym_list_desc
                0x080120d0       0x1c build\components\finsh\cmd.o
                0x080120d0                __fsym_list_desc
 .rodata.__vsym_dummy_name
                0x080120ec        0x8 build\components\finsh\cmd.o
                0x080120ec                __vsym_dummy_name
 .rodata.__vsym_dummy_desc
                0x080120f4       0x1c build\components\finsh\cmd.o
                0x080120f4                __vsym_dummy_desc
 .rodata.op_table
                0x08012110       0xc4 build\components\finsh\finsh_ops.o
                0x08012110                op_table
 .rodata.finsh_name_table
                0x080121d4       0x40 build\components\finsh\finsh_token.o
 .rodata.__spm  0x08012214       0x1c build\components\libc\minilibc\time.o
                0x08012214                __spm
 .rodata.days   0x08012230       0x20 build\components\libc\minilibc\time.o
 .rodata.months
                0x08012250       0x34 build\components\libc\minilibc\time.o
 *(.glue_7)
 .glue_7        0x00000000        0x0 linker stubs
 *(.glue_7t)
 .glue_7t       0x00000000        0x0 linker stubs
 *(.gnu.linkonce.t*)
                0x08012284                . = ALIGN (0x4)
                0x08012284                __fsymtab_start = .
 *(FSymTab)
 FSymTab        0x08012284        0xc build\drivers\board\led.o
                0x08012284                __fsym_led
 FSymTab        0x08012290       0x24 build\drivers\RTC\rtc.o
                0x08012290                __fsym_set_date
                0x0801229c                __fsym_set_time
                0x080122a8                __fsym_list_date
 FSymTab        0x080122b4        0xc build\src\mem.o
                0x080122b4                __fsym_list_mem
 FSymTab        0x080122c0       0x90 build\components\finsh\cmd.o
                0x080122c0                __fsym_hello
                0x080122cc                __fsym_version
                0x080122d8                __fsym_list_thread
                0x080122e4                __fsym_list_sem
                0x080122f0                __fsym_list_event
                0x080122fc                __fsym_list_mutex
                0x08012308                __fsym_list_mailbox
                0x08012314                __fsym_list_msgqueue
                0x08012320                __fsym_list_mempool
                0x0801232c                __fsym_list_timer
                0x08012338                __fsym_list_device
                0x08012344                __fsym_list
                0x08012350                __fsymtab_end = .
                0x08012350                . = ALIGN (0x4)
                0x08012350                __vsymtab_start = .
 *(VSymTab)
 VSymTab        0x08012350       0x10 build\components\finsh\cmd.o
                0x08012350                __vsym_dummy
                0x08012360                __vsymtab_end = .
                0x08012360                . = ALIGN (0x4)
                0x08012360                . = ALIGN (0x4)
                0x08012360                __rt_init_start = .
 *(SORT(.rti_fn*))
                0x08012360                __rt_init_end = .
                0x08012360                . = ALIGN (0x4)
                0x08012360                . = ALIGN (0x4)
                0x08012360                _etext = .
                0x08012360                __exidx_start = .

.vfp11_veneer   0x08012360        0x0
 .vfp11_veneer  0x00000000        0x0 linker stubs

.v4_bx          0x08012360        0x0
 .v4_bx         0x00000000        0x0 linker stubs

.iplt           0x08012360        0x0
 .iplt          0x00000000        0x0 c:/program files (x86)/codesourcery/sourcery_codebench_lite_for_arm_eabi/bin/../lib/gcc/arm-none-eabi/4.7.3/thumb2/crtbegin.o

.rel.dyn        0x08012360        0x0
 .rel.iplt      0x00000000        0x0 c:/program files (x86)/codesourcery/sourcery_codebench_lite_for_arm_eabi/bin/../lib/gcc/arm-none-eabi/4.7.3/thumb2/crtbegin.o

.ARM.exidx      0x08012360        0x0
 *(.ARM.exidx* .gnu.linkonce.armexidx.*)
                0x08012360                _sidata = .
                0x08012360                __exidx_end = .

.data           0x20000000      0x12c load address 0x08012360
                0x20000000                . = ALIGN (0x4)
                0x20000000                _sdata = .
 *(.data)
 *(.data.*)
 .data.PaTabel  0x20000000        0x8 build\applications\Rf_Communication.o
                0x20000000                PaTabel
 .data.month    0x20000008       0x30 build\drivers\RTC\rtc.o
 .data.uart1    0x20000038        0xc build\drivers\serial\usart.o
                0x20000038                uart1
 .data.uart6    0x20000044        0xc build\drivers\serial\usart.o
                0x20000044                uart6
 .data.APBAHBPrescTable
                0x20000050       0x10 build\Libraries\STM32F4xx_StdPeriph_Driver\src\stm32f4xx_rcc.o
 .data.rt_object_container
                0x20000060       0x90 build\src\object.o
                0x20000060                rt_object_container
 .data.finsh_error_string_table
                0x200000f0       0x3c build\components\finsh\finsh_error.o
 *(.gnu.linkonce.d*)
                0x2000012c                . = ALIGN (0x4)
                0x2000012c                _edata = .

.igot.plt       0x2000012c        0x0 load address 0x0801248c
 .igot.plt      0x00000000        0x0 c:/program files (x86)/codesourcery/sourcery_codebench_lite_for_arm_eabi/bin/../lib/gcc/arm-none-eabi/4.7.3/thumb2/crtbegin.o

.stack          0x2000012c      0x100 load address 0x0801248c
                0x2000022c                . = (. + _system_stack_size)
 *fill*         0x2000012c      0x100 
                0x2000022c                . = ALIGN (0x4)
                0x2000022c                _estack = .
                0x2000022c                __bss_start = .

.bss            0x20000230     0x1a84 load address 0x08012590
                0x20000230                . = ALIGN (0x4)
                0x20000230                _sbss = .
 *(.bss)
 *(.bss.*)
 .bss.led_inited
                0x20000230        0x1 build\drivers\board\led.o
 *fill*         0x20000231        0x3 
 .bss.AsynchPrediv
                0x20000234        0x4 build\drivers\RTC\rtc.o
                0x20000234                AsynchPrediv
 .bss.SynchPrediv
                0x20000238        0x4 build\drivers\RTC\rtc.o
                0x20000238                SynchPrediv
 .bss.rtc       0x2000023c       0x40 build\drivers\RTC\rtc.o
 .bss.rt_tick   0x2000027c        0x4 build\src\clock.o
 .bss.idle      0x20000280       0x80 build\src\idle.o
 .bss.rt_thread_stack
                0x20000300      0x400 build\src\idle.o
 .bss.rt_thread_idle_hook
                0x20000700        0x4 build\src\idle.o
 .bss._errno    0x20000704        0x4 build\src\kservice.o
 .bss._console_device
                0x20000708        0x4 build\src\kservice.o
 .bss.rt_log_buf.5102
                0x2000070c       0x80 build\src\kservice.o
 .bss.rt_malloc_hook
                0x2000078c        0x4 build\src\mem.o
 .bss.rt_free_hook
                0x20000790        0x4 build\src\mem.o
 .bss.heap_ptr  0x20000794        0x4 build\src\mem.o
 .bss.heap_end  0x20000798        0x4 build\src\mem.o
 .bss.lfree     0x2000079c        0x4 build\src\mem.o
 .bss.heap_sem  0x200007a0       0x20 build\src\mem.o
 .bss.mem_size_aligned
                0x200007c0        0x4 build\src\mem.o
 .bss.used_mem  0x200007c4        0x4 build\src\mem.o
 .bss.max_mem   0x200007c8        0x4 build\src\mem.o
 .bss.rt_mp_alloc_hook
                0x200007cc        0x4 build\src\mempool.o
 .bss.rt_mp_free_hook
                0x200007d0        0x4 build\src\mempool.o
 .bss.rt_object_attach_hook
                0x200007d4        0x4 build\src\object.o
 .bss.rt_object_detach_hook
                0x200007d8        0x4 build\src\object.o
 .bss.rt_scheduler_lock_nest
                0x200007dc        0x2 build\src\scheduler.o
 *fill*         0x200007de        0x2 
 .bss.rt_scheduler_hook
                0x200007e0        0x4 build\src\scheduler.o
 .bss.rt_timer_list
                0x200007e4        0x8 build\src\timer.o
 .bss.rt_soft_timer_list
                0x200007ec        0x8 build\src\timer.o
 .bss.timer_thread
                0x200007f4       0x80 build\src\timer.o
 *fill*         0x20000874        0x4 
 .bss.timer_thread_stack
                0x20000878      0x400 build\src\timer.o
 .bss.rt_timer_timeout_hook
                0x20000c78        0x4 build\src\timer.o
 .bss.random_nr.4931
                0x20000c7c        0x4 build\src\timer.o
 .bss.rt_exception_hook
                0x20000c80        0x4 build\libcpu\arm\cortex-m4\cpuport.o
 .bss.finsh_thread
                0x20000c84       0x80 build\components\finsh\shell.o
 *fill*         0x20000d04        0x4 
 .bss.finsh_thread_stack
                0x20000d08      0x800 build\components\finsh\shell.o
 .bss._syscall_table_begin
                0x20001508        0x4 build\components\finsh\symbol.o
                0x20001508                _syscall_table_begin
 .bss._syscall_table_end
                0x2000150c        0x4 build\components\finsh\symbol.o
                0x2000150c                _syscall_table_end
 .bss._sysvar_table_begin
                0x20001510        0x4 build\components\finsh\symbol.o
                0x20001510                _sysvar_table_begin
 .bss._sysvar_table_end
                0x20001514        0x4 build\components\finsh\symbol.o
                0x20001514                _sysvar_table_end
 .bss.dummy     0x20001518        0x4 build\components\finsh\cmd.o
 .bss.free_list
                0x2000151c        0x4 build\components\finsh\finsh_heap.o
 .bss.allocate_list
                0x20001520        0x4 build\components\finsh\finsh_heap.o
 .bss.global_syscall_list
                0x20001524        0x4 build\components\finsh\finsh_vm.o
                0x20001524                global_syscall_list
 .bss.timezone  0x20001528        0x4 build\components\libc\minilibc\time.o
 .bss.buf.4852  0x2000152c       0x1c build\components\libc\minilibc\time.o
 .bss.tmp.4831  0x20001548       0x2c build\components\libc\minilibc\time.o
 *(COMMON)
 COMMON         0x20001574       0x2a build\applications\application.o
                0x20001574                NodeList
                0x20001578                ErrorNodeNums
                0x2000157a                NodeInNets
                0x2000157c                rf_sem
                0x2000159c                NodeNums
 *fill*         0x2000159e        0x2 
 COMMON         0x200015a0       0x24 build\drivers\RTC\rtc.o
                0x200015a0                RTC_DateStructure
                0x200015a4                RTC_AlarmStructure
                0x200015b4                RTC_InitStructure
                0x200015c0                RTC_TimeStructure
 COMMON         0x200015c4      0x1a4 build\drivers\serial\usart.o
                0x200015c4                uart6_device
                0x20001604                uart6_int_rx
                0x2000164c                uart6_dma_tx
                0x200016e0                uart1_int_rx
                0x20001728                uart1_device
 COMMON         0x20001768        0x1 build\src\irq.o
                0x20001768                rt_interrupt_nest
 *fill*         0x20001769        0x3 
 COMMON         0x2000176c        0xc build\src\object.o
                0x2000176c                rt_object_put_hook
                0x20001770                rt_object_take_hook
                0x20001774                rt_object_trytake_hook
 COMMON         0x20001778      0x114 build\src\scheduler.o
                0x20001778                rt_thread_priority_table
                0x20001878                rt_current_priority
                0x2000187c                rt_current_thread
                0x20001880                rt_thread_ready_priority_group
                0x20001884                rt_thread_defunct
 COMMON         0x2000188c        0xc build\libcpu\arm\cortex-m4\cpuport.o
                0x2000188c                rt_interrupt_to_thread
                0x20001890                rt_interrupt_from_thread
                0x20001894                rt_thread_switch_interrupt_flag
 COMMON         0x20001898        0x4 build\components\finsh\shell.o
                0x20001898                shell
 COMMON         0x2000189c        0x8 build\components\finsh\finsh_compiler.o
                0x2000189c                finsh_compile_pc
                0x200018a0                finsh_compile_sp
 COMMON         0x200018a4        0x1 build\components\finsh\finsh_error.o
                0x200018a4                global_errno
 *fill*         0x200018a5        0x3 
 COMMON         0x200018a8       0x80 build\components\finsh\finsh_heap.o
                0x200018a8                finsh_heap
 COMMON         0x20001928      0x140 build\components\finsh\finsh_node.o
                0x20001928                global_node_table
 COMMON         0x20001a68       0xc4 build\components\finsh\finsh_var.o
                0x20001a68                global_sysvar_list
                0x20001a6c                global_variable
 COMMON         0x20001b2c      0x188 build\components\finsh\finsh_vm.o
                0x20001b2c                text_segment
                0x20001bac                finsh_vm_stack
                0x20001cac                finsh_pc
                0x20001cb0                finsh_sp
                0x20001cb4                . = ALIGN (0x4)
                0x20001cb4                _ebss = .
 *(.bss.init)
                0x20001cb4                __bss_end = .
                0x20001cb4                _end = .

.stab
 *(.stab)

.stabstr
 *(.stabstr)

.stab.excl
 *(.stab.excl)

.stab.exclstr
 *(.stab.exclstr)

.stab.index
 *(.stab.index)

.stab.indexstr
 *(.stab.indexstr)

.comment        0x00000000       0x30
 *(.comment)
 .comment       0x00000000       0x30 build\applications\Rf_Communication.o
                                 0x31 (size before relaxing)
 .comment       0x00000000       0x31 build\applications\application.o
 .comment       0x00000000       0x31 build\applications\startup.o
 .comment       0x00000000       0x31 build\drivers\board\board.o
 .comment       0x00000000       0x31 build\drivers\board\led.o
 .comment       0x00000000       0x31 build\drivers\board\stm32f4xx_it.o
 .comment       0x00000000       0x31 build\drivers\Rf\src\halSpi.o
 .comment       0x00000000       0x31 build\drivers\Rf\src\rf_app.o
 .comment       0x00000000       0x31 build\drivers\RTC\rtc.o
 .comment       0x00000000       0x31 build\drivers\serial\serial.o
 .comment       0x00000000       0x31 build\drivers\serial\usart.o
 .comment       0x00000000       0x31 build\Libraries\CMSIS\ST\STM32F4xx\Source\Templates\system_stm32f4xx.o
 .comment       0x00000000       0x31 build\Libraries\STM32F4xx_StdPeriph_Driver\src\misc.o
 .comment       0x00000000       0x31 build\Libraries\STM32F4xx_StdPeriph_Driver\src\stm32f4xx_dma.o
 .comment       0x00000000       0x31 build\Libraries\STM32F4xx_StdPeriph_Driver\src\stm32f4xx_exti.o
 .comment       0x00000000       0x31 build\Libraries\STM32F4xx_StdPeriph_Driver\src\stm32f4xx_gpio.o
 .comment       0x00000000       0x31 build\Libraries\STM32F4xx_StdPeriph_Driver\src\stm32f4xx_pwr.o
 .comment       0x00000000       0x31 build\Libraries\STM32F4xx_StdPeriph_Driver\src\stm32f4xx_rcc.o
 .comment       0x00000000       0x31 build\Libraries\STM32F4xx_StdPeriph_Driver\src\stm32f4xx_rtc.o
 .comment       0x00000000       0x31 build\Libraries\STM32F4xx_StdPeriph_Driver\src\stm32f4xx_spi.o
 .comment       0x00000000       0x31 build\Libraries\STM32F4xx_StdPeriph_Driver\src\stm32f4xx_syscfg.o