******************************************************************************
             TMS320C2000 Linker PC v6.1.3                      
******************************************************************************
>> Linked Sat Oct 18 20:14:52 2014

OUTPUT FILE NAME:   <FFT141018A.out>
ENTRY POINT SYMBOL: "_c_int00"  address: 0000ad87


MEMORY CONFIGURATION

         name            origin    length      used     unused   attr    fill
----------------------  --------  ---------  --------  --------  ----  --------
PAGE 0:
  BEGIN                 00000000   00000002  00000002  00000000  RWIX
  BOOT_RSVD             00000002   0000004e  00000000  0000004e  RWIX
  RAMM0                 00000050   000003b0  00000000  000003b0  RWIX
  RAML                  00008000   00004000  00003663  0000099d  RWIX
  CSM_RSVD              0033ff80   00000076  00000000  00000076  RWIX
  CSM_PWL               0033fff8   00000008  00000000  00000008  RWIX
  ADC_CAL               00380080   00000009  00000007  00000002  RWIX
  IQTABLES              003fe000   00000b50  00000000  00000b50  RWIX
  IQTABLES2             003feb50   0000008c  00000000  0000008c  RWIX
  FPUTABLES             003febdc   000006a0  00000000  000006a0  RWIX
  BOOTROM               003ff27c   00000d44  00000000  00000d44  RWIX
  RESET                 003fffc0   00000002  00000000  00000002  RWIX

PAGE 1:
  RAMM1                 00000400   00000400  00000300  00000100  RWIX
  DEV_EMU               00000880   00000180  000000d0  000000b0  RWIX
  FLASH_REGS            00000a80   00000060  00000008  00000058  RWIX
  CSM                   00000ae0   00000010  00000010  00000000  RWIX
  ADC_MIRROR            00000b00   00000010  00000010  00000000  RWIX
  XINTF                 00000b20   00000020  0000001e  00000002  RWIX
  CPU_TIMER0            00000c00   00000008  00000008  00000000  RWIX
  CPU_TIMER1            00000c08   00000008  00000008  00000000  RWIX
  CPU_TIMER2            00000c10   00000008  00000008  00000000  RWIX
  PIE_CTRL              00000ce0   00000020  0000001a  00000006  RWIX
  PIE_VECT              00000d00   00000100  00000100  00000000  RWIX
  DMA                   00001000   00000200  000000e0  00000120  RWIX
  ZONE0                 00004000   00001000  00000000  00001000  RWIX
  MCBSPA                00005000   00000040  00000025  0000001b  RWIX
  MCBSPB                00005040   00000040  00000025  0000001b  RWIX
  ECANA                 00006000   00000040  00000034  0000000c  RWIX
  ECANA_LAM             00006040   00000040  00000040  00000000  RWIX
  ECANA_MOTS            00006080   00000040  00000040  00000000  RWIX
  ECANA_MOTO            000060c0   00000040  00000040  00000000  RWIX
  ECANA_MBOX            00006100   00000100  00000100  00000000  RWIX
  ECANB                 00006200   00000040  00000034  0000000c  RWIX
  ECANB_LAM             00006240   00000040  00000040  00000000  RWIX
  ECANB_MOTS            00006280   00000040  00000040  00000000  RWIX
  ECANB_MOTO            000062c0   00000040  00000040  00000000  RWIX
  ECANB_MBOX            00006300   00000100  00000100  00000000  RWIX
  EPWM1                 00006800   00000022  00000022  00000000  RWIX
  EPWM2                 00006840   00000022  00000022  00000000  RWIX
  EPWM3                 00006880   00000022  00000022  00000000  RWIX
  EPWM4                 000068c0   00000022  00000022  00000000  RWIX
  EPWM5                 00006900   00000022  00000022  00000000  RWIX
  EPWM6                 00006940   00000022  00000022  00000000  RWIX
  ECAP1                 00006a00   00000020  00000020  00000000  RWIX
  ECAP2                 00006a20   00000020  00000020  00000000  RWIX
  ECAP3                 00006a40   00000020  00000020  00000000  RWIX
  ECAP4                 00006a60   00000020  00000020  00000000  RWIX
  ECAP5                 00006a80   00000020  00000020  00000000  RWIX
  ECAP6                 00006aa0   00000020  00000020  00000000  RWIX
  EQEP1                 00006b00   00000040  00000040  00000000  RWIX
  EQEP2                 00006b40   00000040  00000040  00000000  RWIX
  GPIOCTRL              00006f80   00000040  0000002e  00000012  RWIX
  GPIODAT               00006fc0   00000020  00000020  00000000  RWIX
  GPIOINT               00006fe0   00000020  0000000a  00000016  RWIX
  SYSTEM                00007010   00000020  00000020  00000000  RWIX
  SPIA                  00007040   00000010  00000010  00000000  RWIX
  SCIA                  00007050   00000010  00000010  00000000  RWIX
  XINTRUPT              00007070   00000010  00000010  00000000  RWIX
  ADC                   00007100   00000020  0000001e  00000002  RWIX
  SCIB                  00007750   00000010  00000010  00000000  RWIX
  SCIC                  00007770   00000010  00000010  00000000  RWIX
  I2CA                  00007900   00000040  00000022  0000001e  RWIX
  RAML4                 0000c000   00004000  00002790  00001870  RWIX
  ZONE6                 00100000   00040000  00000000  00040000  RWIX
  ZONE7                 00200000   00100000  00000000  00100000  RWIX
  CSM_PWL               0033fff8   00000008  00000008  00000000  RWIX


SECTION ALLOCATION MAP

 output                                  attributes/
section   page    origin      length       input sections
--------  ----  ----------  ----------   ----------------
codestart 
*          0    00000000    00000002     
                  00000000    00000002     DSP2833x_CodeStartBranch.obj (codestart)

.pinit     0    00008000    00000000     UNINITIALIZED

ramfuncs   0    00008000    00001cab     
                  00008000    00001028     F28335A_main.obj (ramfuncs)
                  00009028    00000c83     F28335A_main.obj (ramfuncs:retain)

.text      0    00009cab    000011cf     
                  00009cab    00000d22     F28335A_main.obj (.text)
                  0000a9cd    00000332     DSP2833x_DefaultIsr.obj (.text:retain)
                  0000acff    00000088     rts2800_fpu32.lib : fs_div.obj (.text)
                  0000ad87    00000046                       : boot.obj (.text)
                  0000adcd    00000028     DSP2833x_PieCtrl.obj (.text)
                  0000adf5    00000022     rts2800_fpu32.lib : i_div.obj (.text)
                  0000ae17    00000020     DSP2833x_PieVect.obj (.text)
                  0000ae37    00000019     rts2800_fpu32.lib : args_main.obj (.text)
                  0000ae50    00000019                       : exit.obj (.text)
                  0000ae69    00000009                       : _lock.obj (.text)
                  0000ae72    00000008     DSP2833x_CodeStartBranch.obj (.text)

.cinit     0    0000ae7a    000007e9     
                  0000ae7a    000007d3     F28335A_main.obj (.cinit)
                  0000b64d    0000000a     rts2800_fpu32.lib : _lock.obj (.cinit)
                  0000b657    0000000a                       : exit.obj (.cinit)
                  0000b661    00000002     --HOLE-- [fill = 0]

csm_rsvd   0    0033ff80    00000000     DSECT

csmpasswds 
*          0    0033fff8    00000000     DSECT

.adc_cal   0    00380080    00000007     NOLOAD SECTION
                  00380080    00000007     DSP2833x_ADC_cal.obj (.adc_cal)

.reset     0    003fffc0    00000002     DSECT
                  003fffc0    00000002     rts2800_fpu32.lib : boot.obj (.reset)

.stack     1    00000400    00000300     UNINITIALIZED
                  00000400    00000300     --HOLE--

DevEmuRegsFile 
*          1    00000880    000000d0     UNINITIALIZED
                  00000880    000000d0     DSP2833x_GlobalVariableDefs.obj (DevEmuRegsFile)

FlashRegsFile 
*          1    00000a80    00000008     UNINITIALIZED
                  00000a80    00000008     DSP2833x_GlobalVariableDefs.obj (FlashRegsFile)

CsmRegsFile 
*          1    00000ae0    00000010     UNINITIALIZED
                  00000ae0    00000010     DSP2833x_GlobalVariableDefs.obj (CsmRegsFile)

AdcMirrorFile 
*          1    00000b00    00000010     UNINITIALIZED
                  00000b00    00000010     DSP2833x_GlobalVariableDefs.obj (AdcMirrorFile)

XintfRegsFile 
*          1    00000b20    0000001e     UNINITIALIZED
                  00000b20    0000001e     DSP2833x_GlobalVariableDefs.obj (XintfRegsFile)

CpuTimer0RegsFile 
*          1    00000c00    00000008     UNINITIALIZED
                  00000c00    00000008     DSP2833x_GlobalVariableDefs.obj (CpuTimer0RegsFile)

CpuTimer1RegsFile 
*          1    00000c08    00000008     UNINITIALIZED
                  00000c08    00000008     DSP2833x_GlobalVariableDefs.obj (CpuTimer1RegsFile)

CpuTimer2RegsFile 
*          1    00000c10    00000008     UNINITIALIZED
                  00000c10    00000008     DSP2833x_GlobalVariableDefs.obj (CpuTimer2RegsFile)

PieCtrlRegsFile 
*          1    00000ce0    0000001a     UNINITIALIZED
                  00000ce0    0000001a     DSP2833x_GlobalVariableDefs.obj (PieCtrlRegsFile)

PieVectTableFile 
*          1    00000d00    00000100     UNINITIALIZED
                  00000d00    00000100     DSP2833x_GlobalVariableDefs.obj (PieVectTableFile)

DmaRegsFile 
*          1    00001000    000000e0     UNINITIALIZED
                  00001000    000000e0     DSP2833x_GlobalVariableDefs.obj (DmaRegsFile)

McbspaRegsFile 
*          1    00005000    00000025     UNINITIALIZED
                  00005000    00000025     DSP2833x_GlobalVariableDefs.obj (McbspaRegsFile)

McbspbRegsFile 
*          1    00005040    00000025     UNINITIALIZED
                  00005040    00000025     DSP2833x_GlobalVariableDefs.obj (McbspbRegsFile)

ECanaRegsFile 
*          1    00006000    00000034     UNINITIALIZED
                  00006000    00000034     DSP2833x_GlobalVariableDefs.obj (ECanaRegsFile)

ECanaLAMRegsFile 
*          1    00006040    00000040     UNINITIALIZED
                  00006040    00000040     DSP2833x_GlobalVariableDefs.obj (ECanaLAMRegsFile)

ECanaMOTSRegsFile 
*          1    00006080    00000040     UNINITIALIZED
                  00006080    00000040     DSP2833x_GlobalVariableDefs.obj (ECanaMOTSRegsFile)

ECanaMOTORegsFile 
*          1    000060c0    00000040     UNINITIALIZED
                  000060c0    00000040     DSP2833x_GlobalVariableDefs.obj (ECanaMOTORegsFile)

ECanaMboxesFile 
*          1    00006100    00000100     UNINITIALIZED
                  00006100    00000100     DSP2833x_GlobalVariableDefs.obj (ECanaMboxesFile)

ECanbRegsFile 
*          1    00006200    00000034     UNINITIALIZED
                  00006200    00000034     DSP2833x_GlobalVariableDefs.obj (ECanbRegsFile)

ECanbLAMRegsFile 
*          1    00006240    00000040     UNINITIALIZED
                  00006240    00000040     DSP2833x_GlobalVariableDefs.obj (ECanbLAMRegsFile)

ECanbMOTSRegsFile 
*          1    00006280    00000040     UNINITIALIZED
                  00006280    00000040     DSP2833x_GlobalVariableDefs.obj (ECanbMOTSRegsFile)

ECanbMOTORegsFile 
*          1    000062c0    00000040     UNINITIALIZED
                  000062c0    00000040     DSP2833x_GlobalVariableDefs.obj (ECanbMOTORegsFile)

ECanbMboxesFile 
*          1    00006300    00000100     UNINITIALIZED
                  00006300    00000100     DSP2833x_GlobalVariableDefs.obj (ECanbMboxesFile)

EPwm1RegsFile 
*          1    00006800    00000022     UNINITIALIZED
                  00006800    00000022     DSP2833x_GlobalVariableDefs.obj (EPwm1RegsFile)

EPwm2RegsFile 
*          1    00006840    00000022     UNINITIALIZED
                  00006840    00000022     DSP2833x_GlobalVariableDefs.obj (EPwm2RegsFile)

EPwm3RegsFile 
*          1    00006880    00000022     UNINITIALIZED
                  00006880    00000022     DSP2833x_GlobalVariableDefs.obj (EPwm3RegsFile)

EPwm4RegsFile 
*          1    000068c0    00000022     UNINITIALIZED
                  000068c0    00000022     DSP2833x_GlobalVariableDefs.obj (EPwm4RegsFile)

EPwm5RegsFile 
*          1    00006900    00000022     UNINITIALIZED
                  00006900    00000022     DSP2833x_GlobalVariableDefs.obj (EPwm5RegsFile)

EPwm6RegsFile 
*          1    00006940    00000022     UNINITIALIZED
                  00006940    00000022     DSP2833x_GlobalVariableDefs.obj (EPwm6RegsFile)

ECap1RegsFile 
*          1    00006a00    00000020     UNINITIALIZED
                  00006a00    00000020     DSP2833x_GlobalVariableDefs.obj (ECap1RegsFile)

ECap2RegsFile 
*          1    00006a20    00000020     UNINITIALIZED
                  00006a20    00000020     DSP2833x_GlobalVariableDefs.obj (ECap2RegsFile)

ECap3RegsFile 
*          1    00006a40    00000020     UNINITIALIZED
                  00006a40    00000020     DSP2833x_GlobalVariableDefs.obj (ECap3RegsFile)

ECap4RegsFile 
*          1    00006a60    00000020     UNINITIALIZED
                  00006a60    00000020     DSP2833x_GlobalVariableDefs.obj (ECap4RegsFile)

ECap5RegsFile 
*          1    00006a80    00000020     UNINITIALIZED
                  00006a80    00000020     DSP2833x_GlobalVariableDefs.obj (ECap5RegsFile)

ECap6RegsFile 
*          1    00006aa0    00000020     UNINITIALIZED
                  00006aa0    00000020     DSP2833x_GlobalVariableDefs.obj (ECap6RegsFile)

EQep1RegsFile 
*          1    00006b00    00000040     UNINITIALIZED
                  00006b00    00000040     DSP2833x_GlobalVariableDefs.obj (EQep1RegsFile)

EQep2RegsFile 
*          1    00006b40    00000040     UNINITIALIZED
                  00006b40    00000040     DSP2833x_GlobalVariableDefs.obj (EQep2RegsFile)

GpioCtrlRegsFile 
*          1    00006f80    0000002e     UNINITIALIZED
                  00006f80    0000002e     DSP2833x_GlobalVariableDefs.obj (GpioCtrlRegsFile)

GpioDataRegsFile 
*          1    00006fc0    00000020     UNINITIALIZED
                  00006fc0    00000020     DSP2833x_GlobalVariableDefs.obj (GpioDataRegsFile)

GpioIntRegsFile 
*          1    00006fe0    0000000a     UNINITIALIZED
                  00006fe0    0000000a     DSP2833x_GlobalVariableDefs.obj (GpioIntRegsFile)

SysCtrlRegsFile 
*          1    00007010    00000020     UNINITIALIZED
                  00007010    00000020     DSP2833x_GlobalVariableDefs.obj (SysCtrlRegsFile)

SpiaRegsFile 
*          1    00007040    00000010     UNINITIALIZED
                  00007040    00000010     DSP2833x_GlobalVariableDefs.obj (SpiaRegsFile)

SciaRegsFile 
*          1    00007050    00000010     UNINITIALIZED
                  00007050    00000010     DSP2833x_GlobalVariableDefs.obj (SciaRegsFile)

XIntruptRegsFile 
*          1    00007070    00000010     UNINITIALIZED
                  00007070    00000010     DSP2833x_GlobalVariableDefs.obj (XIntruptRegsFile)

AdcRegsFile 
*          1    00007100    0000001e     UNINITIALIZED
                  00007100    0000001e     DSP2833x_GlobalVariableDefs.obj (AdcRegsFile)

ScibRegsFile 
*          1    00007750    00000010     UNINITIALIZED
                  00007750    00000010     DSP2833x_GlobalVariableDefs.obj (ScibRegsFile)

ScicRegsFile 
*          1    00007770    00000010     UNINITIALIZED
                  00007770    00000010     DSP2833x_GlobalVariableDefs.obj (ScicRegsFile)

I2caRegsFile 
*          1    00007900    00000022     UNINITIALIZED
                  00007900    00000022     DSP2833x_GlobalVariableDefs.obj (I2caRegsFile)

.ebss      1    0000c000    00001c70     UNINITIALIZED
                  0000c000    00001c68     F28335A_main.obj (.ebss)
                  0000dc68    00000004     rts2800_fpu32.lib : _lock.obj (.ebss)
                  0000dc6c    00000004                       : exit.obj (.ebss)

.econst    1    0000dc70    00000b20     
                  0000dc70    00000802     F28335A_main.obj (.econst:_SIN_TABLE)
                  0000e472    00000202     F28335A_main.obj (.econst:_ARCTG_TABLE)
                  0000e674    00000100     DSP2833x_PieVect.obj (.econst)
                  0000e774    00000018     F28335A_main.obj (.econst)
                  0000e78c    00000004     F28335A_main.obj (.econst:_$P$T0$25)

CsmPwlFile 
*          1    0033fff8    00000008     UNINITIALIZED
                  0033fff8    00000008     DSP2833x_GlobalVariableDefs.obj (CsmPwlFile)


GLOBAL SYMBOLS: SORTED ALPHABETICALLY BY Name 

address    name
--------   ----
00009cab   .text
0000ae50   C$$EXIT
0000acff   FS$$DIV
0000adf5   I$$DIV
0000ae06   I$$MOD
0000c1a0   _A1
0000c196   _A11
0000c184   _A13
0000c182   _A15
0000c18c   _A17
0000c186   _A19
0000c194   _A21
0000c1a2   _A23
0000c190   _A25
0000c19e   _A3
0000c1a6   _A5
0000c18a   _A7
0000c188   _A9
00008e02   _ACON2S2R_W
00008e57   _ACON2S2R_W_3
00008d6a   _ACON3S2S
0000a44e   _ACON3S3S
0000aab9   _ADCINT_ISR
00380080   _ADC_cal
0000c2c0   _AD_result
0000e472   _ARCTG_TABLE
00000b00   _AdcMirror
00007100   _AdcRegs
0000c020   _BiCount
0000c110   _BiMaxInitial
0000c104   _BiMinInitial
0000c10a   _BiVari
0000c02e   _COM_ALL_rate
0000c02c   _COM_EXT_count
0000c012   _COM_I0
0000c00c   _COM_IA
0000c013   _COM_IB
0000c014   _COM_IC
0000c035   _COM_IH1
0000c031   _COM_IH1_RATE
0000c032   _COM_IH2
0000c06b   _COM_IH2_RATE
0000c04c   _COM_IH3
0000c045   _COM_IH3_RATE
0000c046   _COM_IH4
0000c044   _COM_IH4_RATE
0000c02d   _COM_IHB_RATE
0000c02f   _COM_Ih_max
0000c048   _COM_Iz
0000c042   _COM_Kp
0000c047   _COM_Ti
0000c049   _COM_Tu
0000c00d   _COM_U
0000c00f   _COM_UAB
0000c00e   _COM_UBC
0000c015   _COM_UCA
0000c036   _COM_UDCREF
0000c034   _COM_UDC_Max
0000c04b   _COM_Ua
0000c04a   _COM_Udb
0000c010   _COM_Udc
0000c0f8   _COM_Udc1
0000c00b   _COM_Uz
0000c043   _COM_ki
00008000   _COM_main
00008dde   _CON2S2R_W
00008da8   _CON2S2R_W_3
0000a4a4   _CON2S2R_W_4
00008d2b   _CON3S2S
0000a3f2   _CON3S3S
0000c055   _CROSS_FLAG
0000c053   _CROSS_IH
0000c054   _CROSS_SUM
0000c052   _CROSS_TOTAL
0000c056   _CROSS_ZERO
0000c19c   _CS
0000c03e   _C_data_count1
0000c03c   _C_data_count2
0000c03d   _C_data_count3
0000c030   _C_way
000089a8   _Check_Harmonic_N
00008afe   _Check_Harmonic_N1
0000862b   _Check_Phase
00008828   _Check_Theta
0000a4c7   _Clear_Comd
0000c380   _Com_date
0000c038   _Com_rate1
0000c088   _Comd_0
0000c0fc   _Comd_alpha
0000c0fa   _Comd_beta
0000c023   _CompensateA
0000c021   _CompensateB
0000c022   _CompensateC
0000a6e2   _ConfigCpuTimer
0000c018   _CountCmpar1
0000c01a   _CountCmpar2
00000c00   _CpuTimer0Regs
0000c2c8   _CpuTimer1
00000c08   _CpuTimer1Regs
00000c10   _CpuTimer2Regs
0033fff8   _CsmPwl
00000ae0   _CsmRegs
00008e96   _Current_PI
0000a2f8   _Current_calibration
0000c002   _Current_flag
0000a9e4   _DATALOG_ISR
0000c2d0   _DA_date
0000abe1   _DINTCH1_ISR
0000abeb   _DINTCH2_ISR
0000abf5   _DINTCH3_ISR
0000abff   _DINTCH4_ISR
0000ac09   _DINTCH5_ISR
0000ac13   _DINTCH6_ISR
00009007   _DIS_PWM
0000c0e0   _Delay_Rebt_Add
0000c0c8   _Delay_Rebt_Add1
0000c112   _Delay_Rebt_Add2
0000c118   _Delay_Rebt_Add3
00000880   _DevEmuRegs
0000a55e   _DisableDog
0000834c   _Display
0000c0e8   _DisplayLS1
0000c0ee   _DisplayLS2
0000a3b3   _Display_CON3S2S
00009dff   _Display_Para
00008543   _Display_Run_Stop
0000a2ba   _Display_Send_Ready
00001000   _DmaRegs
0000ac6d   _ECAN0INTA_ISR
0000ac81   _ECAN0INTB_ISR
0000ac77   _ECAN1INTA_ISR
0000ac8b   _ECAN1INTB_ISR
0000ab55   _ECAP1_INT_ISR
0000ab5f   _ECAP2_INT_ISR
0000ab69   _ECAP3_INT_ISR
0000ab73   _ECAP4_INT_ISR
0000ab7d   _ECAP5_INT_ISR
0000ab87   _ECAP6_INT_ISR
00006040   _ECanaLAMRegs
000060c0   _ECanaMOTORegs
00006080   _ECanaMOTSRegs
00006100   _ECanaMboxes
00006000   _ECanaRegs
00006240   _ECanbLAMRegs
000062c0   _ECanbMOTORegs
00006280   _ECanbMOTSRegs
00006300   _ECanbMboxes
00006200   _ECanbRegs
00006a00   _ECap1Regs
00006a20   _ECap2Regs
00006a40   _ECap3Regs
00006a60   _ECap4Regs
00006a80   _ECap5Regs
00006aa0   _ECap6Regs
0000c01d   _EEPROM_Compare
0000c05e   _EEPROM_No_WRed_Sign
0000acde   _EMPTY_ISR
0000a9f8   _EMUINT_ISR
00009002   _EN_PWM
0000ab13   _EPWM1_INT_ISR
0000aad7   _EPWM1_TZINT_ISR
0000ab20   _EPWM2_INT_ISR
0000aae1   _EPWM2_TZINT_ISR
0000ab2a   _EPWM3_INT_ISR
0000aaeb   _EPWM3_TZINT_ISR
0000ab34   _EPWM4_INT_ISR
0000aaf5   _EPWM4_TZINT_ISR
0000ab41   _EPWM5_INT_ISR
0000aaff   _EPWM5_TZINT_ISR
0000ab4b   _EPWM6_INT_ISR
0000ab09   _EPWM6_TZINT_ISR
00006800   _EPwm1Regs
00006840   _EPwm2Regs
00006880   _EPwm3Regs
000068c0   _EPwm4Regs
00006900   _EPwm5Regs
00006940   _EPwm6Regs
0000ab91   _EQEP1_INT_ISR
0000ab9b   _EQEP2_INT_ISR
00006b00   _EQep1Regs
00006b40   _EQep2Regs
0000c011   _ERROR_flag
0000c050   _EXT_count
0000adec   _EnableInterrupts
0000c057   _FFT
0000c058   _FFT_Flag
0000c086   _Factor
0000c016   _Factory_Flag
0000c067   _FaultCtrlVari
0000c05b   _Fault_Count
0000c106   _Fault_flag
0000c0bc   _Fault_flag0
0000e778   _FilterCnstA_1st_A
0000e780   _FilterCnstA_2nd_A
0000e782   _FilterCnstB_1st_A
0000e786   _FilterCnstB_2nd_A
0000e788   _FilterCnstC_1st_A
0000e78a   _FilterCnstC_2nd_A
0000e77e   _FilterCnstD_1st_A
0000e77c   _FilterCnstD_2nd_A
0000e784   _FilterCnstE_1st_A
0000e77a   _FilterCnstE_2nd_A
0000c2ea   _FilterPara1
0000c300   _FilterPara2
00000a80   _FlashRegs
00006f80   _GpioCtrlRegs
00006fc0   _GpioDataRegs
00006fe0   _GpioIntRegs
0000c23e   _I01
0000c238   _I011
0000c23c   _I013
0000c254   _I015
0000c244   _I01_d
0000c242   _I01_q
0000c246   _I03
0000c232   _I05
0000c236   _I07
0000c23a   _I09
0000c210   _I0ADRF
0000c206   _I0APF
0000c0b2   _I0F_Sum
0000c234   _I0_Vector
0000c252   _I0h_Vector
0000c074   _I1_Square
0000c076   _I1_Value
0000c1fe   _I1_a
0000c1ee   _I1_adf
0000c1ea   _I1_aqf
0000c128   _I1_aqf_f
0000c1ec   _I1_b
0000c1e6   _I1_bdf
0000c1e8   _I1_bqf
0000c136   _I1_bqf_f
0000c222   _I1_cdf
0000c224   _I1_cqf
0000c124   _I1_cqf_f
0000c220   _I1_d
0000c08a   _I1_d_square
0000c114   _I1_df
0000c21c   _I1_q
0000c072   _I1_q_square
0000c11e   _I1_qf
0000c2a4   _I1d
0000c274   _I1df
0000c2aa   _I1q
0000c288   _I1qf
0000ac1d   _I2CINT1A_ISR
0000ac27   _I2CINT2A_ISR
00007900   _I2caRegs
0000c24e   _IA1
0000c174   _IA11
0000c16e   _IA13
0000c17c   _IA15
0000c1b8   _IA17_25
0000c170   _IA3
0000c17e   _IA5
0000c16c   _IA7
0000c16a   _IA9
0000c230   _IAADRF
0000c08e   _IAADRF_Past
0000c20c   _IAAPF
0000c0b4   _IAF_Sum
0000c680   _IA_Past
0000c0ca   _IA_Sum
0000c248   _IA_Vector
0000c5c0   _IA_d
0000c580   _IA_q
0000c272   _IAdh
0000c240   _IAh
0000c1f2   _IAh_Part_Sum
0000c268   _IAh_Sum
0000c1f8   _IAh_Sum1
0000c258   _IAh_Vector
0000c270   _IAqh
0000c250   _IB1
0000c158   _IB11
0000c166   _IB13
0000c154   _IB15
0000c152   _IB17_25
0000c178   _IB3
0000c176   _IB5
0000c180   _IB7
0000c15a   _IB9
0000c22c   _IBADRF
0000c090   _IBADRF_Past
0000c20e   _IBAPF
0000c0b6   _IBF_Sum
0000c600   _IB_Past
0000c0de   _IB_Sum
0000c24a   _IB_Vector
0000c480   _IB_d
0000c540   _IB_q
0000c266   _IBdh
0000c26c   _IBh
0000c226   _IBh_Part_Sum
0000c1fa   _IBh_Sum
0000c1f4   _IBh_Sum1
0000c25c   _IBh_Vector
0000c264   _IBqh
0000c24c   _IC1
0000c160   _IC11
0000c15e   _IC13
0000c168   _IC15
0000c162   _IC17_25
0000c15c   _IC3
0000c156   _IC5
0000c164   _IC7
0000c17a   _IC9
0000c228   _ICADRF
0000c08c   _ICADRF_Past
0000c20a   _ICAPF
0000c0b0   _ICF_Sum
0000c700   _IC_Past
0000c0c6   _IC_Sum
0000c25e   _IC_Vector
0000c4c0   _IC_d
0000c500   _IC_q
0000c26e   _ICdh
0000c260   _ICh
0000c202   _ICh_Part_Sum
0000c1f6   _ICh_Sum
0000c1f0   _ICh_Sum1
0000c25a   _ICh_Vector
0000c262   _ICqh
0000aa0c   _ILLEGAL_ISR
0000c004   _INRL_data
0000a9cd   _INT13_ISR
0000a9da   _INT14_ISR
0000cd80   _I_H_A
0000ca80   _I_H_B
0000c780   _I_H_C
0000c1c0   _I_Ki
0000c1c2   _I_Kp
0000c256   _I_Limit
0000c116   _I_apf_0
0000c0ec   _I_apf_alpha
0000c0fe   _I_apf_beta
0000c082   _I_fundmental
0000c07e   _I_lade_d
0000c080   _I_lade_q
0000c0a6   _I_lade_r
0000c13e   _I_temp1
0000c14c   _I_temp2
0000c1d8   _Id_slip
0000c1ce   _Idref
0000c138   _If_0
0000c14a   _If_a
0000c130   _If_b
0000c12e   _If_c
0000c134   _Ih_0
0000c22e   _Ih_0x
0000c216   _Ih_Limit
0000c070   _Ih_Limit_square
0000c22a   _Ih_Max
0000c146   _Ih_a
0000c26a   _Ih_alpha
0000c150   _Ih_b
0000c21e   _Ih_beta
0000c12a   _Ih_c
0000c1da   _Ih_d
0000c212   _Ih_d_Limit
0000c1dc   _Ih_q
0000c214   _Ih_q_Limit
0000c122   _Ihw_a
0000c12c   _Ihw_b
0000c126   _Ihw_c
0000c1e4   _In_a
0000c1e0   _In_b
0000c132   _In_d
0000c1e2   _In_df
0000c204   _In_q
0000c1de   _In_qf
0000a71d   _InitEPWM
0000900c   _InitFlash
0000a5f6   _InitGPIO
0000a9a4   _InitI2C
0000a9b7   _InitI2CGpio
0000a59b   _InitPeripheralClocks
0000adcd   _InitPieCtrl
0000ae17   _InitPieVectTable
0000a566   _InitPll
0000a6b6   _InitSCIC
0000a54b   _InitSysCtrl
0000a6cd   _InitTIMER1
0000c000   _Init_para_flag
0000c065   _Initial_Reset
0000c1cc   _Inref
0000c440   _Irm
0000a504   _LP_Filter_2nd_A
0000c13c   _LS1
0000c13a   _LS2
0000c144   _LS3
0000acd4   _LUF_ISR
0000acca   _LVF_ISR
0000c11a   _L_Fault_flag
0000c068   _L_PowerFailRecord
0000c06c   _L_Reboot_Mode_Set
0000c06d   _Lack_Phase
0000c033   _Leading_Comp_Flag
0000c108   _LineVolSquare
0000c017   _Ltime_Lack_Phase
0000abcd   _MRINTA_ISR
0000abb9   _MRINTB_ISR
0000abd7   _MXINTA_ISR
0000abc3   _MXINTB_ISR
00005000   _McbspaRegs
00005040   _McbspbRegs
0000a7e8   _MemCopy
0000c0d0   _ModuComd0
0000c0e6   _ModuComdA
0000c0d2   _ModuComdA1
0000c10e   _ModuComdB
0000c0cc   _ModuComdB1
0000c0e2   _ModuComdC
0000c0ce   _ModuComdC1
0000c340   _MsgBuffer_Receive
0000c31a   _MsgBuffer_Send
0000aa02   _NMI_ISR
0000c01c   _NewCount
0000c1aa   _Omiga_t
0000aceb   _PIE_RESERVED
0000c0b8   _PI_alpha
0000c0ba   _PI_beta
0000c069   _PLL
0000c3c0   _Para1_Intdate
0000c2d8   _Para1_set
0000c329   _Para2_Intdate
0000c2e1   _Para2_set
0000c03f   _Para_SET
00009fd7   _Para_set1
0000a1a2   _Para_set2
0000a28e   _Para_set_end
0000c078   _Phi_Limit
00000ce0   _PieCtrlRegs
00000d00   _PieVectTable
0000e674   _PieVectTableInit
0000c066   _PowerFailRecord
0000c084   _Power_Factor
0000a932   _RD_DATA_PROCESS
0000a7fd   _RD_EEPROM
0000a9ee   _RTOSINT_ISR
0000c039   _Reactive_Power
0000c2b0   _Read_control
000082b7   _Read_date
0000c064   _Reboot_Count_Down
0000c06a   _Reboot_Mode_Set
0000c05a   _Reboot_Run
0000c060   _Reboot_Run_Lamp
0000c01e   _Reboot_flag
0000c01f   _Rebt_Cout
0000c0d4   _Rebt_cout_Add
0000c0d6   _Rebt_cout_Add1
0000c040   _Receive_date_error
0000c037   _ReceivedChar
00008cd8   _Rectifier
0000c061   _Repiti_Sign
0000c0f2   _Repiti_alpha_NewOut
0000c0f0   _Repiti_beta_NewOut
0000c06e   _Reset
0000c05d   _Reset_Count
0000a895   _Restore_Factory_Set
0000e776   _RprocalValue
0000c03b   _Run_Stop_Flag
0000ac45   _SCIRXINTA_ISR
0000ac59   _SCIRXINTB_ISR
0000ac31   _SCIRXINTC_ISR
0000ac4f   _SCITXINTA_ISR
0000ac63   _SCITXINTB_ISR
0000ac3b   _SCITXINTC_ISR
0000aa91   _SEQ1INT_ISR
0000aa9b   _SEQ2INT_ISR
0000dc70   _SIN_TABLE
0000aba5   _SPIRXINTA_ISR
0000abaf   _SPITXINTA_ISR
00007050   _SciaRegs
00007750   _ScibRegs
00007770   _ScicRegs
0000a554   _ServiceDog
00008ebc   _Sin_Value
00007040   _SpiaRegs
00007010   _SysCtrlRegs
0000c005   _THD_I0
0000c001   _THD_IA
0000c025   _THD_IA11
0000c007   _THD_IA3
0000c009   _THD_IA5
0000c02b   _THD_IA7
0000c024   _THD_IA9
0000c008   _THD_IB
0000c006   _THD_IC
0000c04e   _THETA_0
0000c04d   _THETA_1
0000c1b0   _THETA_C
0000c1ae   _THETA_C_B
0000c1bc   _THETA_C_C
0000aac3   _TINT0_ISR
0000c027   _T_Flag
0000c1d6   _T_cout
0000c120   _T_cout_U
0000c14e   _U0_APF
0000c1d0   _U1_a
0000c1b6   _U1_b
0000c1b4   _U1_c
0000c1b2   _UAADRF
0000c0c4   _UAB_Sum
0000c100   _UA_Display
0000c1ac   _UBADRF
0000c0be   _UBC_Sum
0000c0f4   _UB_Display
0000c1ba   _UCADRF
0000c0c0   _UCA_Sum
0000c0ea   _UC_Display
0000c059   _UDCADRF
0000c21a   _UDCREF
0000c2b7   _UDCREF_Ref
0000c062   _UDC_Count
0000c1d4   _UDC_Ki
0000c1c6   _UDC_Kp
0000c208   _UDC_Max
00008574   _UDC_PI
0000c18e   _UDC_R
0000c198   _UDC_Rf1
0000c192   _UDC_Rf2
0000c1c4   _UDC_erro_new
0000c1ca   _UDC_erro_old
0000aa73   _USER10_ISR
0000aa7d   _USER11_ISR
0000aa87   _USER12_ISR
0000aa19   _USER1_ISR
0000aa23   _USER2_ISR
0000aa2d   _USER3_ISR
0000aa37   _USER4_ISR
0000aa41   _USER5_ISR
0000aa4b   _USER6_ISR
0000aa55   _USER7_ISR
0000aa5f   _USER8_ISR
0000aa69   _USER9_ISR
0000c218   _U_FtoI
0000c1be   _Ua_APF
0000c142   _Ub_APF
0000c140   _Uc_APF
0000c102   _Udc_alpha
0000c0f6   _Udc_beta
0000c1d2   _Udc_slip
0000c0da   _Us_d
0000c0dc   _Us_q
0000c05c   _Version_Erro_Sign
0000e774   _Version_No
0000aacd   _WAKEINT_ISR
0000a966   _WR_DATA_PROCESS
0000a853   _WR_EEPROM
0000c06f   _WR_Error_Count
0000c00a   _Wrong_Flag
0000c003   _Wrong_Temp
0000aaa5   _XINT1_ISR
0000aaaf   _XINT2_ISR
0000ac95   _XINT3_ISR
0000ac9f   _XINT4_ISR
0000aca9   _XINT5_ISR
0000acb6   _XINT6_ISR
0000acc0   _XINT7_ISR
00007070   _XIntruptRegs
00000b20   _XintfRegs
00000700   __STACK_END
00000300   __STACK_SIZE
00000001   __TI_args_main
ffffffff   ___binit__
ffffffff   ___c_args__
0000ae7a   ___cinit__
0000ae7a   ___etext__
ffffffff   ___pinit__
00009cab   ___text__
0000ae37   __args_main
0000dc6c   __cleanup_ptr
0000dc6e   __dtors_ptr
0000dc6a   __lock
0000ae71   __nop
0000ae6d   __register_lock
0000ae69   __register_unlock
00000400   __stack
0000dc68   __unlock
0000ae50   _abort
0000c11c   _alpha
0000c10c   _belta
0000ad87   _c_int00
0000c041   _com
0000c03a   _com1
0000c200   _cosVal
0000c0d8   _cycle_point
0000a4ec   _delay_t
0000a4f8   _delay_t1
0000c30c   _display_date_one
0000c400   _display_date_two
0000c026   _display_flag
00009028   _epwm1_timer_isr
0000ae52   _exit
000085d8   _filter_2nd_mutipe
0000c019   _flag_0
0000c05f   _graph
0000d480   _graph_data
0000d080   _graph_data1
0000d880   _graph_data2
0000c028   _i
0000c1a8   _invented_integral
0000c063   _iqflag
0000c01b   _lack_phase_check
0000c029   _m
0000c051   _m_cycle
00009cab   _main
0000c02a   _n
0000c04f   _n_cycle
0000c350   _reactive_filter_buffer
0000acf5   _rsvd_ISR
0000c1fc   _sinVal
0000c172   _temp3
0000c148   _temp4
0000c0c2   _tempIdref
0000c0e4   _tempp3
0000c19a   _x1
0000c1c8   _x2
0000c1a4   _y1
ffffffff   binit
0000ae7a   cinit
00000000   code_start
0000ae7a   etext
ffffffff   pinit


GLOBAL SYMBOLS: SORTED BY Symbol Address 

address    name
--------   ----
00000000   code_start
00000001   __TI_args_main
00000300   __STACK_SIZE
00000400   __stack
00000700   __STACK_END
00000880   _DevEmuRegs
00000a80   _FlashRegs
00000ae0   _CsmRegs
00000b00   _AdcMirror
00000b20   _XintfRegs
00000c00   _CpuTimer0Regs
00000c08   _CpuTimer1Regs
00000c10   _CpuTimer2Regs
00000ce0   _PieCtrlRegs
00000d00   _PieVectTable
00001000   _DmaRegs
00005000   _McbspaRegs
00005040   _McbspbRegs
00006000   _ECanaRegs
00006040   _ECanaLAMRegs
00006080   _ECanaMOTSRegs
000060c0   _ECanaMOTORegs
00006100   _ECanaMboxes
00006200   _ECanbRegs
00006240   _ECanbLAMRegs
00006280   _ECanbMOTSRegs
000062c0   _ECanbMOTORegs
00006300   _ECanbMboxes
00006800   _EPwm1Regs
00006840   _EPwm2Regs
00006880   _EPwm3Regs
000068c0   _EPwm4Regs
00006900   _EPwm5Regs
00006940   _EPwm6Regs
00006a00   _ECap1Regs
00006a20   _ECap2Regs
00006a40   _ECap3Regs
00006a60   _ECap4Regs
00006a80   _ECap5Regs
00006aa0   _ECap6Regs
00006b00   _EQep1Regs
00006b40   _EQep2Regs
00006f80   _GpioCtrlRegs
00006fc0   _GpioDataRegs
00006fe0   _GpioIntRegs
00007010   _SysCtrlRegs
00007040   _SpiaRegs
00007050   _SciaRegs
00007070   _XIntruptRegs
00007100   _AdcRegs
00007750   _ScibRegs
00007770   _ScicRegs
00007900   _I2caRegs
00008000   _COM_main
000082b7   _Read_date
0000834c   _Display
00008543   _Display_Run_Stop
00008574   _UDC_PI
000085d8   _filter_2nd_mutipe
0000862b   _Check_Phase
00008828   _Check_Theta
000089a8   _Check_Harmonic_N
00008afe   _Check_Harmonic_N1
00008cd8   _Rectifier
00008d2b   _CON3S2S
00008d6a   _ACON3S2S
00008da8   _CON2S2R_W_3
00008dde   _CON2S2R_W
00008e02   _ACON2S2R_W
00008e57   _ACON2S2R_W_3
00008e96   _Current_PI
00008ebc   _Sin_Value
00009002   _EN_PWM
00009007   _DIS_PWM
0000900c   _InitFlash
00009028   _epwm1_timer_isr
00009cab   .text
00009cab   ___text__
00009cab   _main
00009dff   _Display_Para
00009fd7   _Para_set1
0000a1a2   _Para_set2
0000a28e   _Para_set_end
0000a2ba   _Display_Send_Ready
0000a2f8   _Current_calibration
0000a3b3   _Display_CON3S2S
0000a3f2   _CON3S3S
0000a44e   _ACON3S3S
0000a4a4   _CON2S2R_W_4
0000a4c7   _Clear_Comd
0000a4ec   _delay_t
0000a4f8   _delay_t1
0000a504   _LP_Filter_2nd_A
0000a54b   _InitSysCtrl
0000a554   _ServiceDog
0000a55e   _DisableDog
0000a566   _InitPll
0000a59b   _InitPeripheralClocks
0000a5f6   _InitGPIO
0000a6b6   _InitSCIC
0000a6cd   _InitTIMER1
0000a6e2   _ConfigCpuTimer
0000a71d   _InitEPWM
0000a7e8   _MemCopy
0000a7fd   _RD_EEPROM
0000a853   _WR_EEPROM
0000a895   _Restore_Factory_Set
0000a932   _RD_DATA_PROCESS
0000a966   _WR_DATA_PROCESS
0000a9a4   _InitI2C
0000a9b7   _InitI2CGpio
0000a9cd   _INT13_ISR
0000a9da   _INT14_ISR
0000a9e4   _DATALOG_ISR
0000a9ee   _RTOSINT_ISR
0000a9f8   _EMUINT_ISR
0000aa02   _NMI_ISR
0000aa0c   _ILLEGAL_ISR
0000aa19   _USER1_ISR
0000aa23   _USER2_ISR
0000aa2d   _USER3_ISR
0000aa37   _USER4_ISR
0000aa41   _USER5_ISR
0000aa4b   _USER6_ISR
0000aa55   _USER7_ISR
0000aa5f   _USER8_ISR
0000aa69   _USER9_ISR
0000aa73   _USER10_ISR
0000aa7d   _USER11_ISR
0000aa87   _USER12_ISR
0000aa91   _SEQ1INT_ISR
0000aa9b   _SEQ2INT_ISR
0000aaa5   _XINT1_ISR
0000aaaf   _XINT2_ISR
0000aab9   _ADCINT_ISR
0000aac3   _TINT0_ISR
0000aacd   _WAKEINT_ISR
0000aad7   _EPWM1_TZINT_ISR
0000aae1   _EPWM2_TZINT_ISR
0000aaeb   _EPWM3_TZINT_ISR
0000aaf5   _EPWM4_TZINT_ISR
0000aaff   _EPWM5_TZINT_ISR
0000ab09   _EPWM6_TZINT_ISR
0000ab13   _EPWM1_INT_ISR
0000ab20   _EPWM2_INT_ISR
0000ab2a   _EPWM3_INT_ISR
0000ab34   _EPWM4_INT_ISR
0000ab41   _EPWM5_INT_ISR
0000ab4b   _EPWM6_INT_ISR
0000ab55   _ECAP1_INT_ISR
0000ab5f   _ECAP2_INT_ISR
0000ab69   _ECAP3_INT_ISR
0000ab73   _ECAP4_INT_ISR
0000ab7d   _ECAP5_INT_ISR
0000ab87   _ECAP6_INT_ISR
0000ab91   _EQEP1_INT_ISR
0000ab9b   _EQEP2_INT_ISR
0000aba5   _SPIRXINTA_ISR
0000abaf   _SPITXINTA_ISR
0000abb9   _MRINTB_ISR
0000abc3   _MXINTB_ISR
0000abcd   _MRINTA_ISR
0000abd7   _MXINTA_ISR
0000abe1   _DINTCH1_ISR
0000abeb   _DINTCH2_ISR
0000abf5   _DINTCH3_ISR
0000abff   _DINTCH4_ISR
0000ac09   _DINTCH5_ISR
0000ac13   _DINTCH6_ISR
0000ac1d   _I2CINT1A_ISR
0000ac27   _I2CINT2A_ISR
0000ac31   _SCIRXINTC_ISR
0000ac3b   _SCITXINTC_ISR
0000ac45   _SCIRXINTA_ISR
0000ac4f   _SCITXINTA_ISR
0000ac59   _SCIRXINTB_ISR
0000ac63   _SCITXINTB_ISR
0000ac6d   _ECAN0INTA_ISR
0000ac77   _ECAN1INTA_ISR
0000ac81   _ECAN0INTB_ISR
0000ac8b   _ECAN1INTB_ISR
0000ac95   _XINT3_ISR
0000ac9f   _XINT4_ISR
0000aca9   _XINT5_ISR
0000acb6   _XINT6_ISR
0000acc0   _XINT7_ISR
0000acca   _LVF_ISR
0000acd4   _LUF_ISR
0000acde   _EMPTY_ISR
0000aceb   _PIE_RESERVED
0000acf5   _rsvd_ISR
0000acff   FS$$DIV
0000ad87   _c_int00
0000adcd   _InitPieCtrl
0000adec   _EnableInterrupts
0000adf5   I$$DIV
0000ae06   I$$MOD
0000ae17   _InitPieVectTable
0000ae37   __args_main
0000ae50   C$$EXIT
0000ae50   _abort
0000ae52   _exit
0000ae69   __register_unlock
0000ae6d   __register_lock
0000ae71   __nop
0000ae7a   ___cinit__
0000ae7a   ___etext__
0000ae7a   cinit
0000ae7a   etext
0000c000   _Init_para_flag
0000c001   _THD_IA
0000c002   _Current_flag
0000c003   _Wrong_Temp
0000c004   _INRL_data
0000c005   _THD_I0
0000c006   _THD_IC
0000c007   _THD_IA3
0000c008   _THD_IB
0000c009   _THD_IA5
0000c00a   _Wrong_Flag
0000c00b   _COM_Uz
0000c00c   _COM_IA
0000c00d   _COM_U
0000c00e   _COM_UBC
0000c00f   _COM_UAB
0000c010   _COM_Udc
0000c011   _ERROR_flag
0000c012   _COM_I0
0000c013   _COM_IB
0000c014   _COM_IC
0000c015   _COM_UCA
0000c016   _Factory_Flag
0000c017   _Ltime_Lack_Phase
0000c018   _CountCmpar1
0000c019   _flag_0
0000c01a   _CountCmpar2
0000c01b   _lack_phase_check
0000c01c   _NewCount
0000c01d   _EEPROM_Compare
0000c01e   _Reboot_flag
0000c01f   _Rebt_Cout
0000c020   _BiCount
0000c021   _CompensateB
0000c022   _CompensateC
0000c023   _CompensateA
0000c024   _THD_IA9
0000c025   _THD_IA11
0000c026   _display_flag
0000c027   _T_Flag
0000c028   _i
0000c029   _m
0000c02a   _n
0000c02b   _THD_IA7
0000c02c   _COM_EXT_count
0000c02d   _COM_IHB_RATE
0000c02e   _COM_ALL_rate
0000c02f   _COM_Ih_max
0000c030   _C_way
0000c031   _COM_IH1_RATE
0000c032   _COM_IH2
0000c033   _Leading_Comp_Flag
0000c034   _COM_UDC_Max
0000c035   _COM_IH1
0000c036   _COM_UDCREF
0000c037   _ReceivedChar
0000c038   _Com_rate1
0000c039   _Reactive_Power
0000c03a   _com1
0000c03b   _Run_Stop_Flag
0000c03c   _C_data_count2
0000c03d   _C_data_count3
0000c03e   _C_data_count1
0000c03f   _Para_SET
0000c040   _Receive_date_error
0000c041   _com
0000c042   _COM_Kp
0000c043   _COM_ki
0000c044   _COM_IH4_RATE
0000c045   _COM_IH3_RATE
0000c046   _COM_IH4
0000c047   _COM_Ti
0000c048   _COM_Iz
0000c049   _COM_Tu
0000c04a   _COM_Udb
0000c04b   _COM_Ua
0000c04c   _COM_IH3
0000c04d   _THETA_1
0000c04e   _THETA_0
0000c04f   _n_cycle
0000c050   _EXT_count
0000c051   _m_cycle
0000c052   _CROSS_TOTAL
0000c053   _CROSS_IH
0000c054   _CROSS_SUM
0000c055   _CROSS_FLAG
0000c056   _CROSS_ZERO
0000c057   _FFT
0000c058   _FFT_Flag
0000c059   _UDCADRF
0000c05a   _Reboot_Run
0000c05b   _Fault_Count
0000c05c   _Version_Erro_Sign
0000c05d   _Reset_Count
0000c05e   _EEPROM_No_WRed_Sign
0000c05f   _graph
0000c060   _Reboot_Run_Lamp
0000c061   _Repiti_Sign
0000c062   _UDC_Count
0000c063   _iqflag
0000c064   _Reboot_Count_Down
0000c065   _Initial_Reset
0000c066   _PowerFailRecord
0000c067   _FaultCtrlVari
0000c068   _L_PowerFailRecord
0000c069   _PLL
0000c06a   _Reboot_Mode_Set
0000c06b   _COM_IH2_RATE
0000c06c   _L_Reboot_Mode_Set
0000c06d   _Lack_Phase
0000c06e   _Reset
0000c06f   _WR_Error_Count
0000c070   _Ih_Limit_square
0000c072   _I1_q_square
0000c074   _I1_Square
0000c076   _I1_Value
0000c078   _Phi_Limit
0000c07e   _I_lade_d
0000c080   _I_lade_q
0000c082   _I_fundmental
0000c084   _Power_Factor
0000c086   _Factor
0000c088   _Comd_0
0000c08a   _I1_d_square
0000c08c   _ICADRF_Past
0000c08e   _IAADRF_Past
0000c090   _IBADRF_Past
0000c0a6   _I_lade_r
0000c0b0   _ICF_Sum
0000c0b2   _I0F_Sum
0000c0b4   _IAF_Sum
0000c0b6   _IBF_Sum
0000c0b8   _PI_alpha
0000c0ba   _PI_beta
0000c0bc   _Fault_flag0
0000c0be   _UBC_Sum
0000c0c0   _UCA_Sum
0000c0c2   _tempIdref
0000c0c4   _UAB_Sum
0000c0c6   _IC_Sum
0000c0c8   _Delay_Rebt_Add1
0000c0ca   _IA_Sum
0000c0cc   _ModuComdB1
0000c0ce   _ModuComdC1
0000c0d0   _ModuComd0
0000c0d2   _ModuComdA1
0000c0d4   _Rebt_cout_Add
0000c0d6   _Rebt_cout_Add1
0000c0d8   _cycle_point
0000c0da   _Us_d
0000c0dc   _Us_q
0000c0de   _IB_Sum
0000c0e0   _Delay_Rebt_Add
0000c0e2   _ModuComdC
0000c0e4   _tempp3
0000c0e6   _ModuComdA
0000c0e8   _DisplayLS1
0000c0ea   _UC_Display
0000c0ec   _I_apf_alpha
0000c0ee   _DisplayLS2
0000c0f0   _Repiti_beta_NewOut
0000c0f2   _Repiti_alpha_NewOut
0000c0f4   _UB_Display
0000c0f6   _Udc_beta
0000c0f8   _COM_Udc1
0000c0fa   _Comd_beta
0000c0fc   _Comd_alpha
0000c0fe   _I_apf_beta
0000c100   _UA_Display
0000c102   _Udc_alpha
0000c104   _BiMinInitial
0000c106   _Fault_flag
0000c108   _LineVolSquare
0000c10a   _BiVari
0000c10c   _belta
0000c10e   _ModuComdB
0000c110   _BiMaxInitial
0000c112   _Delay_Rebt_Add2
0000c114   _I1_df
0000c116   _I_apf_0
0000c118   _Delay_Rebt_Add3
0000c11a   _L_Fault_flag
0000c11c   _alpha
0000c11e   _I1_qf
0000c120   _T_cout_U
0000c122   _Ihw_a
0000c124   _I1_cqf_f
0000c126   _Ihw_c
0000c128   _I1_aqf_f
0000c12a   _Ih_c
0000c12c   _Ihw_b
0000c12e   _If_c
0000c130   _If_b
0000c132   _In_d
0000c134   _Ih_0
0000c136   _I1_bqf_f
0000c138   _If_0
0000c13a   _LS2
0000c13c   _LS1
0000c13e   _I_temp1
0000c140   _Uc_APF
0000c142   _Ub_APF
0000c144   _LS3
0000c146   _Ih_a
0000c148   _temp4
0000c14a   _If_a
0000c14c   _I_temp2
0000c14e   _U0_APF
0000c150   _Ih_b
0000c152   _IB17_25
0000c154   _IB15
0000c156   _IC5
0000c158   _IB11
0000c15a   _IB9
0000c15c   _IC3
0000c15e   _IC13
0000c160   _IC11
0000c162   _IC17_25
0000c164   _IC7
0000c166   _IB13
0000c168   _IC15
0000c16a   _IA9
0000c16c   _IA7
0000c16e   _IA13
0000c170   _IA3
0000c172   _temp3
0000c174   _IA11
0000c176   _IB5
0000c178   _IB3
0000c17a   _IC9
0000c17c   _IA15
0000c17e   _IA5
0000c180   _IB7
0000c182   _A15
0000c184   _A13
0000c186   _A19
0000c188   _A9
0000c18a   _A7
0000c18c   _A17
0000c18e   _UDC_R
0000c190   _A25
0000c192   _UDC_Rf2
0000c194   _A21
0000c196   _A11
0000c198   _UDC_Rf1
0000c19a   _x1
0000c19c   _CS
0000c19e   _A3
0000c1a0   _A1
0000c1a2   _A23
0000c1a4   _y1
0000c1a6   _A5
0000c1a8   _invented_integral
0000c1aa   _Omiga_t
0000c1ac   _UBADRF
0000c1ae   _THETA_C_B
0000c1b0   _THETA_C
0000c1b2   _UAADRF
0000c1b4   _U1_c
0000c1b6   _U1_b
0000c1b8   _IA17_25
0000c1ba   _UCADRF
0000c1bc   _THETA_C_C
0000c1be   _Ua_APF
0000c1c0   _I_Ki
0000c1c2   _I_Kp
0000c1c4   _UDC_erro_new
0000c1c6   _UDC_Kp
0000c1c8   _x2
0000c1ca   _UDC_erro_old
0000c1cc   _Inref
0000c1ce   _Idref
0000c1d0   _U1_a
0000c1d2   _Udc_slip
0000c1d4   _UDC_Ki
0000c1d6   _T_cout
0000c1d8   _Id_slip
0000c1da   _Ih_d
0000c1dc   _Ih_q
0000c1de   _In_qf
0000c1e0   _In_b
0000c1e2   _In_df
0000c1e4   _In_a
0000c1e6   _I1_bdf
0000c1e8   _I1_bqf
0000c1ea   _I1_aqf
0000c1ec   _I1_b
0000c1ee   _I1_adf
0000c1f0   _ICh_Sum1
0000c1f2   _IAh_Part_Sum
0000c1f4   _IBh_Sum1
0000c1f6   _ICh_Sum
0000c1f8   _IAh_Sum1
0000c1fa   _IBh_Sum
0000c1fc   _sinVal
0000c1fe   _I1_a
0000c200   _cosVal
0000c202   _ICh_Part_Sum
0000c204   _In_q
0000c206   _I0APF
0000c208   _UDC_Max
0000c20a   _ICAPF
0000c20c   _IAAPF
0000c20e   _IBAPF
0000c210   _I0ADRF
0000c212   _Ih_d_Limit
0000c214   _Ih_q_Limit
0000c216   _Ih_Limit
0000c218   _U_FtoI
0000c21a   _UDCREF
0000c21c   _I1_q
0000c21e   _Ih_beta
0000c220   _I1_d
0000c222   _I1_cdf
0000c224   _I1_cqf
0000c226   _IBh_Part_Sum
0000c228   _ICADRF
0000c22a   _Ih_Max
0000c22c   _IBADRF
0000c22e   _Ih_0x
0000c230   _IAADRF
0000c232   _I05
0000c234   _I0_Vector
0000c236   _I07
0000c238   _I011
0000c23a   _I09
0000c23c   _I013
0000c23e   _I01
0000c240   _IAh
0000c242   _I01_q
0000c244   _I01_d
0000c246   _I03
0000c248   _IA_Vector
0000c24a   _IB_Vector
0000c24c   _IC1
0000c24e   _IA1
0000c250   _IB1
0000c252   _I0h_Vector
0000c254   _I015
0000c256   _I_Limit
0000c258   _IAh_Vector
0000c25a   _ICh_Vector
0000c25c   _IBh_Vector
0000c25e   _IC_Vector
0000c260   _ICh
0000c262   _ICqh
0000c264   _IBqh
0000c266   _IBdh
0000c268   _IAh_Sum
0000c26a   _Ih_alpha
0000c26c   _IBh
0000c26e   _ICdh
0000c270   _IAqh
0000c272   _IAdh
0000c274   _I1df
0000c288   _I1qf
0000c2a4   _I1d
0000c2aa   _I1q
0000c2b0   _Read_control
0000c2b7   _UDCREF_Ref
0000c2c0   _AD_result
0000c2c8   _CpuTimer1
0000c2d0   _DA_date
0000c2d8   _Para1_set
0000c2e1   _Para2_set
0000c2ea   _FilterPara1
0000c300   _FilterPara2
0000c30c   _display_date_one
0000c31a   _MsgBuffer_Send
0000c329   _Para2_Intdate
0000c340   _MsgBuffer_Receive
0000c350   _reactive_filter_buffer
0000c380   _Com_date
0000c3c0   _Para1_Intdate
0000c400   _display_date_two
0000c440   _Irm
0000c480   _IB_d
0000c4c0   _IC_d
0000c500   _IC_q
0000c540   _IB_q
0000c580   _IA_q
0000c5c0   _IA_d
0000c600   _IB_Past
0000c680   _IA_Past
0000c700   _IC_Past
0000c780   _I_H_C
0000ca80   _I_H_B
0000cd80   _I_H_A
0000d080   _graph_data1
0000d480   _graph_data
0000d880   _graph_data2
0000dc68   __unlock
0000dc6a   __lock
0000dc6c   __cleanup_ptr
0000dc6e   __dtors_ptr
0000dc70   _SIN_TABLE
0000e472   _ARCTG_TABLE
0000e674   _PieVectTableInit
0000e774   _Version_No
0000e776   _RprocalValue
0000e778   _FilterCnstA_1st_A
0000e77a   _FilterCnstE_2nd_A
0000e77c   _FilterCnstD_2nd_A
0000e77e   _FilterCnstD_1st_A
0000e780   _FilterCnstA_2nd_A
0000e782   _FilterCnstB_1st_A
0000e784   _FilterCnstE_1st_A
0000e786   _FilterCnstB_2nd_A
0000e788   _FilterCnstC_1st_A
0000e78a   _FilterCnstC_2nd_A
0033fff8   _CsmPwl
00380080   _ADC_cal
ffffffff   ___binit__
ffffffff   ___c_args__
ffffffff   ___pinit__
ffffffff   binit
ffffffff   pinit

[626 symbols]
