******************************************************************************
             TMS320C2000 Linker PC v6.4.9                      
******************************************************************************
>> Linked Sat May 07 12:02:47 2016

OUTPUT FILE NAME:   <PrjInverter.out>
ENTRY POINT SYMBOL: "_c_int00"  address: 00009f36


MEMORY CONFIGURATION

         name            origin    length      used     unused   attr    fill
----------------------  --------  ---------  --------  --------  ----  --------
PAGE 0:
  BEGIN                 00000000   00000002  00000002  00000000  RWIX
  RAMM0                 00000122   000002de  000002db  00000003  RWIX
  RAMLS0                00008000   00000800  000007ff  00000001  RWIX
  RAMLS1                00008800   00000800  000007fb  00000005  RWIX
  RAMLS2                00009000   00000800  00000800  00000000  RWIX
  RAMLS3                00009800   00000800  000007fb  00000005  RWIX
  RAMLS4                0000a000   00000800  000007b4  0000004c  RWIX
  RAMD0                 0000b000   00000800  000007fe  00000002  RWIX
  RESET                 003fffc0   00000002  00000000  00000002  RWIX

PAGE 1:
  BOOT_RSVD             00000002   00000120  00000000  00000120  RWIX
  RAMM1                 00000400   00000400  00000200  00000200  RWIX
  ADCA_RESULT           00000b00   00000020  00000018  00000008  RWIX
  ADCB_RESULT           00000b20   00000020  00000018  00000008  RWIX
  ADCC_RESULT           00000b40   00000020  00000018  00000008  RWIX
  ADCD_RESULT           00000b60   00000020  00000018  00000008  RWIX
  CPU_TIMER0            00000c00   00000008  00000008  00000000  RWIX
  CPU_TIMER1            00000c08   00000008  00000008  00000000  RWIX
  CPU_TIMER2            00000c10   00000008  00000008  00000000  RWIX
  PIE_CTRL              00000ce0   00000020  0000001a  00000006  RWIX
  PIE_VECT              00000d00   00000200  000001c0  00000040  RWIX
  DMA                   00001000   00000200  000000e0  00000120  RWIX
  CLA1                  00001400   00000040  0000003e  00000002  RWIX
  EPWM1                 00004000   00000100  00000100  00000000  RWIX
  EPWM2                 00004100   00000100  00000100  00000000  RWIX
  EPWM3                 00004200   00000100  00000100  00000000  RWIX
  EPWM4                 00004300   00000100  00000100  00000000  RWIX
  EPWM5                 00004400   00000100  00000100  00000000  RWIX
  EPWM6                 00004500   00000100  00000100  00000000  RWIX
  EPWM7                 00004600   00000100  00000100  00000000  RWIX
  EPWM8                 00004700   00000100  00000100  00000000  RWIX
  EPWM9                 00004800   00000100  00000100  00000000  RWIX
  EPWM10                00004900   00000100  00000100  00000000  RWIX
  EPWM11                00004a00   00000100  00000100  00000000  RWIX
  EPWM12                00004b00   00000100  00000100  00000000  RWIX
  ECAP1                 00005000   00000020  00000020  00000000  RWIX
  ECAP2                 00005020   00000020  00000020  00000000  RWIX
  ECAP3                 00005040   00000020  00000020  00000000  RWIX
  ECAP4                 00005060   00000020  00000020  00000000  RWIX
  ECAP5                 00005080   00000020  00000020  00000000  RWIX
  ECAP6                 000050a0   00000020  00000020  00000000  RWIX
  EQEP1                 00005100   00000040  00000022  0000001e  RWIX
  EQEP2                 00005140   00000040  00000022  0000001e  RWIX
  EQEP3                 00005180   00000040  00000022  0000001e  RWIX
  DACA                  00005c00   00000010  00000008  00000008  RWIX
  DACB                  00005c10   00000010  00000008  00000008  RWIX
  DACC                  00005c20   00000010  00000008  00000008  RWIX
  CMPSS1                00005c80   00000020  00000020  00000000  RWIX
  CMPSS2                00005ca0   00000020  00000020  00000000  RWIX
  CMPSS3                00005cc0   00000020  00000020  00000000  RWIX
  CMPSS4                00005ce0   00000020  00000020  00000000  RWIX
  CMPSS5                00005d00   00000020  00000020  00000000  RWIX
  CMPSS6                00005d20   00000020  00000020  00000000  RWIX
  CMPSS7                00005d40   00000020  00000020  00000000  RWIX
  CMPSS8                00005d60   00000020  00000020  00000000  RWIX
  SDFM1                 00005e00   00000080  00000080  00000000  RWIX
  SDFM2                 00005e80   00000080  00000080  00000000  RWIX
  MCBSPA                00006000   00000040  00000024  0000001c  RWIX
  MCBSPB                00006040   00000040  00000024  0000001c  RWIX
  SPIA                  00006100   00000010  00000010  00000000  RWIX
  SPIB                  00006110   00000010  00000010  00000000  RWIX
  SPIC                  00006120   00000010  00000010  00000000  RWIX
  SPID                  00006130   00000010  00000000  00000010  RWIX
  UPP                   00006200   00000100  00000048  000000b8  RWIX
  WD                    00007000   00000040  0000002b  00000015  RWIX
  NMIINTRUPT            00007060   00000010  00000007  00000009  RWIX
  XINT                  00007070   00000010  0000000b  00000005  RWIX
  SCIA                  00007200   00000010  00000010  00000000  RWIX
  SCIB                  00007210   00000010  00000010  00000000  RWIX
  SCIC                  00007220   00000010  00000010  00000000  RWIX
  SCID                  00007230   00000010  00000010  00000000  RWIX
  I2CA                  00007300   00000040  00000022  0000001e  RWIX
  I2CB                  00007340   00000040  00000022  0000001e  RWIX
  ADCA                  00007400   00000080  00000080  00000000  RWIX
  ADCB                  00007480   00000080  00000080  00000000  RWIX
  ADCC                  00007500   00000080  00000080  00000000  RWIX
  ADCD                  00007580   00000080  00000080  00000000  RWIX
  INPUT_XBAR            00007900   00000020  00000020  00000000  RWIX
  XBAR                  00007920   00000020  00000020  00000000  RWIX
  TRIG                  00007940   00000010  00000006  0000000a  RWIX
  DMACLASRCSEL          00007980   00000040  0000001a  00000026  RWIX
  EPWM_XBAR             00007a00   00000040  00000040  00000000  RWIX
  CLB_XBAR              00007a40   00000040  00000000  00000040  RWIX
  OUTPUT_XBAR           00007a80   00000040  00000040  00000000  RWIX
  GPIOCTRL              00007c00   00000180  00000180  00000000  RWIX
  GPIODAT               00007f00   00000030  00000030  00000000  RWIX
  RAMLS5                0000a800   00000800  00000251  000005af  RWIX
  RAMD1                 0000b800   00000800  00000000  00000800  RWIX
  RAMGS0                0000c000   00001000  00000c80  00000380  RWIX
  RAMGS1                0000d000   00001000  000003e8  00000c18  RWIX
  RAMGS2                0000e000   00001000  000003e8  00000c18  RWIX
  RAMGS3                0000f000   00001000  000003e8  00000c18  RWIX
  RAMGS4                00010000   00001000  00000000  00001000  RWIX
  RAMGS5                00011000   00001000  00000000  00001000  RWIX
  RAMGS6                00012000   00001000  00000000  00001000  RWIX
  RAMGS7                00013000   00001000  00000000  00001000  RWIX
  RAMGS8                00014000   00001000  00000000  00001000  RWIX
  RAMGS9                00015000   00001000  00000000  00001000  RWIX
  RAMGS10               00016000   00001000  00000000  00001000  RWIX
  RAMGS11               00017000   00001000  00000000  00001000  RWIX
  RAMGS12               00018000   00001000  00000000  00001000  RWIX
  RAMGS13               00019000   00001000  00000000  00001000  RWIX
  RAMGS14               0001a000   00001000  00000000  00001000  RWIX
  RAMGS15               0001b000   00001000  00000000  00001000  RWIX
  CPU2TOCPU1RAM         0003f800   00000400  00000000  00000400  RWIX
  CPU1TOCPU2RAM         0003fc00   00000400  00000000  00000400  RWIX
  EMIF1                 00047000   00000800  00000070  00000790  RWIX
  EMIF2                 00047800   00000800  00000070  00000790  RWIX
  IPC                   00050000   00001000  00000026  00000fda  RWIX
  DEV_CFG               0005d000   00000180  0000012e  00000052  RWIX
  ANALOG_SUBSYS         0005d180   00000080  00000048  00000038  RWIX
  CLK_CFG               0005d200   00000100  00000032  000000ce  RWIX
  CPU_SYS               0005d300   00000100  00000082  0000007e  RWIX
  ROMPREFETCH           0005e608   00000002  00000002  00000000  RWIX
  DCSM_Z1               0005f000   00000030  00000024  0000000c  RWIX
  DCSM_Z2               0005f040   00000030  00000024  0000000c  RWIX
  DCSM_COMMON           0005f070   00000010  00000008  00000008  RWIX
  MEMCFG                0005f400   00000080  00000080  00000000  RWIX
  EMIF1CONFIG           0005f480   00000020  00000020  00000000  RWIX
  EMIF2CONFIG           0005f4a0   00000020  00000020  00000000  RWIX
  ACCESSPROTECTION      0005f4c0   00000040  00000040  00000000  RWIX
  MEMORYERROR           0005f500   00000040  00000040  00000000  RWIX
  ROMWAITSTATE          0005f540   00000002  00000002  00000000  RWIX
  FLASH0_CTRL           0005f800   00000300  00000182  0000017e  RWIX
  FLASH0_ECC            0005fb00   00000040  00000028  00000018  RWIX
  DCSM_Z1_OTP           00078000   00000020  00000020  00000000  RWIX
  DCSM_Z2_OTP           00078200   00000020  00000020  00000000  RWIX


SECTION ALLOCATION MAP

 output                                  attributes/
section   page    origin      length       input sections
--------  ----  ----------  ----------   ----------------
codestart 
*          0    00000000    00000002     
                  00000000    00000002     F2837xD_CodeStartBranch.obj (codestart)

.cinit     0    00000122    00000084     
                  00000122    0000004f     bsp.obj (.cinit)
                  00000171    0000001b     apf.obj (.cinit)
                  0000018c    0000000a     rts2800_fpu32.lib : exit.obj (.cinit)
                  00000196    00000005                       : _lock.obj (.cinit:__lock)
                  0000019b    00000005                       : _lock.obj (.cinit:__unlock)
                  000001a0    00000004     main.obj (.cinit)
                  000001a4    00000002     --HOLE-- [fill = 0]

ramfuncs   0    000001a6    00000004     
                  000001a6    00000004     F2837xD_usDelay.obj (ramfuncs)

.text.1    0    000001aa    00000253     
                  000001aa    0000024a     F2837xD_Gpio.obj (.text)
                  000003f4    00000009     rts2800_fpu32.lib : _lock.obj (.text)

.text.2    0    00008000    000007ff     
                  00008000    00000583     apf.obj (.text:retain)
                  00008583    00000200     F2837xD_EPwm.obj (.text)
                  00008783    00000076     can_driver.obj (.text:retain)
                  000087f9    00000006     C28x_FPU_Lib.lib : memset_fast.obj (.text)

.text.3    0    00008800    000007fb     
                  00008800    00000547     can.obj (.text)
                  00008d47    000002b4     F2837xD_SysCtrl.obj (.text)

.text.4    0    00009000    00000800     
                  00009000    00000369     bsp.obj (.text)
                  00009369    0000031e     F2837xD_Emif.obj (.text)
                  00009687    00000091     transformations.obj (.text)
                  00009718    0000005e     can_driver.obj (.text)
                  00009776    00000048     pid.obj (.text)
                  000097be    0000003a     DCL_PI.obj (.text)
                  000097f8    00000008     F2837xD_CodeStartBranch.obj (.text)

.text.5    0    00009800    000007fb     
                  00009800    000002dd     apf.obj (.text)
                  00009add    00000282     F2837xD_Adc.obj (.text)
                  00009d5f    000001d7     interrupt.obj (.text)
                  00009f36    00000046     rts2800_fpu32.lib : boot.obj (.text)
                  00009f7c    00000043     rts2800_fpu32_fast_supplement.lib : sincos_f32.obj (.text)
                  00009fbf    0000002e     ext_da.obj (.text)
                  00009fed    0000000e     interrupt.obj (.text:retain)

.text.6    0    0000a000    0000009b     
                  0000a000    00000028     F2837xD_PieCtrl.obj (.text)
                  0000a028    00000028     F2837xD_PieVect.obj (.text)
                  0000a050    00000019     rts2800_fpu32.lib : args_main.obj (.text)
                  0000a069    00000019                       : exit.obj (.text)
                  0000a082    00000019     rts2800_fpu32_fast_supplement.lib : div_f32.obj (.text)

FPUmathTables 
*          0    0000a09c    000006a0     
                  0000a09c    000006a0     rts2800_fpu32_fast_supplement.lib : FPUmathTables.obj (FPUmathTables)

dclfuncs   0    0000a73c    00000079     
                  0000a73c    00000079     DCL_DF22.obj (dclfuncs)

.text.7    0    0000b000    000007fe     
                  0000b000    00000585     F2837xD_DefaultISR.obj (.text:retain)
                  0000b585    0000025b     main.obj (.text)
                  0000b7e0    0000001e     rts2800_fpu32.lib : memcpy.obj (.text)

.stack     1    00000400    00000200     UNINITIALIZED
                  00000400    00000200     --HOLE--

AdcaResultFile 
*          1    00000b00    00000018     UNINITIALIZED
                  00000b00    00000018     F2837xD_GlobalVariableDefs.obj (AdcaResultFile)

AdcbResultFile 
*          1    00000b20    00000018     UNINITIALIZED
                  00000b20    00000018     F2837xD_GlobalVariableDefs.obj (AdcbResultFile)

AdccResultFile 
*          1    00000b40    00000018     UNINITIALIZED
                  00000b40    00000018     F2837xD_GlobalVariableDefs.obj (AdccResultFile)

AdcdResultFile 
*          1    00000b60    00000018     UNINITIALIZED
                  00000b60    00000018     F2837xD_GlobalVariableDefs.obj (AdcdResultFile)

CpuTimer0RegsFile 
*          1    00000c00    00000008     UNINITIALIZED
                  00000c00    00000008     F2837xD_GlobalVariableDefs.obj (CpuTimer0RegsFile)

CpuTimer1RegsFile 
*          1    00000c08    00000008     UNINITIALIZED
                  00000c08    00000008     F2837xD_GlobalVariableDefs.obj (CpuTimer1RegsFile)

CpuTimer2RegsFile 
*          1    00000c10    00000008     UNINITIALIZED
                  00000c10    00000008     F2837xD_GlobalVariableDefs.obj (CpuTimer2RegsFile)

PieCtrlRegsFile 
*          1    00000ce0    0000001a     UNINITIALIZED
                  00000ce0    0000001a     F2837xD_GlobalVariableDefs.obj (PieCtrlRegsFile)

PieVectTableFile 
*          1    00000d00    000001c0     UNINITIALIZED
                  00000d00    000001c0     F2837xD_GlobalVariableDefs.obj (PieVectTableFile)

EmuKeyVar 
*          1    00000d00    00000001     UNINITIALIZED
                  00000d00    00000001     F2837xD_GlobalVariableDefs.obj (EmuKeyVar)

EmuBModeVar 
*          1    00000d01    00000001     UNINITIALIZED
                  00000d01    00000001     F2837xD_GlobalVariableDefs.obj (EmuBModeVar)

FlashCallbackVar 
*          1    00000d02    00000000     UNINITIALIZED

FlashScalingVar 
*          1    00000d02    00000000     UNINITIALIZED

DmaRegsFile 
*          1    00001000    000000e0     UNINITIALIZED
                  00001000    000000e0     F2837xD_GlobalVariableDefs.obj (DmaRegsFile)

Cla1RegsFile 
*          1    00001400    0000003e     UNINITIALIZED
                  00001400    0000003e     F2837xD_GlobalVariableDefs.obj (Cla1RegsFile)

EPwm1RegsFile 
*          1    00004000    00000100     UNINITIALIZED
                  00004000    00000100     F2837xD_GlobalVariableDefs.obj (EPwm1RegsFile)

EPwm2RegsFile 
*          1    00004100    00000100     UNINITIALIZED
                  00004100    00000100     F2837xD_GlobalVariableDefs.obj (EPwm2RegsFile)

EPwm3RegsFile 
*          1    00004200    00000100     UNINITIALIZED
                  00004200    00000100     F2837xD_GlobalVariableDefs.obj (EPwm3RegsFile)

EPwm4RegsFile 
*          1    00004300    00000100     UNINITIALIZED
                  00004300    00000100     F2837xD_GlobalVariableDefs.obj (EPwm4RegsFile)

EPwm5RegsFile 
*          1    00004400    00000100     UNINITIALIZED
                  00004400    00000100     F2837xD_GlobalVariableDefs.obj (EPwm5RegsFile)

EPwm6RegsFile 
*          1    00004500    00000100     UNINITIALIZED
                  00004500    00000100     F2837xD_GlobalVariableDefs.obj (EPwm6RegsFile)

EPwm7RegsFile 
*          1    00004600    00000100     UNINITIALIZED
                  00004600    00000100     F2837xD_GlobalVariableDefs.obj (EPwm7RegsFile)

EPwm8RegsFile 
*          1    00004700    00000100     UNINITIALIZED
                  00004700    00000100     F2837xD_GlobalVariableDefs.obj (EPwm8RegsFile)

EPwm9RegsFile 
*          1    00004800    00000100     UNINITIALIZED
                  00004800    00000100     F2837xD_GlobalVariableDefs.obj (EPwm9RegsFile)

EPwm10RegsFile 
*          1    00004900    00000100     UNINITIALIZED
                  00004900    00000100     F2837xD_GlobalVariableDefs.obj (EPwm10RegsFile)

EPwm11RegsFile 
*          1    00004a00    00000100     UNINITIALIZED
                  00004a00    00000100     F2837xD_GlobalVariableDefs.obj (EPwm11RegsFile)

EPwm12RegsFile 
*          1    00004b00    00000100     UNINITIALIZED
                  00004b00    00000100     F2837xD_GlobalVariableDefs.obj (EPwm12RegsFile)

ECap1RegsFile 
*          1    00005000    00000020     UNINITIALIZED
                  00005000    00000020     F2837xD_GlobalVariableDefs.obj (ECap1RegsFile)

ECap2RegsFile 
*          1    00005020    00000020     UNINITIALIZED
                  00005020    00000020     F2837xD_GlobalVariableDefs.obj (ECap2RegsFile)

ECap3RegsFile 
*          1    00005040    00000020     UNINITIALIZED
                  00005040    00000020     F2837xD_GlobalVariableDefs.obj (ECap3RegsFile)

ECap4RegsFile 
*          1    00005060    00000020     UNINITIALIZED
                  00005060    00000020     F2837xD_GlobalVariableDefs.obj (ECap4RegsFile)

ECap5RegsFile 
*          1    00005080    00000020     UNINITIALIZED
                  00005080    00000020     F2837xD_GlobalVariableDefs.obj (ECap5RegsFile)

ECap6RegsFile 
*          1    000050a0    00000020     UNINITIALIZED
                  000050a0    00000020     F2837xD_GlobalVariableDefs.obj (ECap6RegsFile)

EQep1RegsFile 
*          1    00005100    00000022     UNINITIALIZED
                  00005100    00000022     F2837xD_GlobalVariableDefs.obj (EQep1RegsFile)

EQep2RegsFile 
*          1    00005140    00000022     UNINITIALIZED
                  00005140    00000022     F2837xD_GlobalVariableDefs.obj (EQep2RegsFile)

EQep3RegsFile 
*          1    00005180    00000022     UNINITIALIZED
                  00005180    00000022     F2837xD_GlobalVariableDefs.obj (EQep3RegsFile)

DacaRegsFile 
*          1    00005c00    00000008     UNINITIALIZED
                  00005c00    00000008     F2837xD_GlobalVariableDefs.obj (DacaRegsFile)

DacbRegsFile 
*          1    00005c10    00000008     UNINITIALIZED
                  00005c10    00000008     F2837xD_GlobalVariableDefs.obj (DacbRegsFile)

DaccRegsFile 
*          1    00005c20    00000008     UNINITIALIZED
                  00005c20    00000008     F2837xD_GlobalVariableDefs.obj (DaccRegsFile)

Cmpss1RegsFile 
*          1    00005c80    00000020     UNINITIALIZED
                  00005c80    00000020     F2837xD_GlobalVariableDefs.obj (Cmpss1RegsFile)

Cmpss2RegsFile 
*          1    00005ca0    00000020     UNINITIALIZED
                  00005ca0    00000020     F2837xD_GlobalVariableDefs.obj (Cmpss2RegsFile)

Cmpss3RegsFile 
*          1    00005cc0    00000020     UNINITIALIZED
                  00005cc0    00000020     F2837xD_GlobalVariableDefs.obj (Cmpss3RegsFile)

Cmpss4RegsFile 
*          1    00005ce0    00000020     UNINITIALIZED
                  00005ce0    00000020     F2837xD_GlobalVariableDefs.obj (Cmpss4RegsFile)

Cmpss5RegsFile 
*          1    00005d00    00000020     UNINITIALIZED
                  00005d00    00000020     F2837xD_GlobalVariableDefs.obj (Cmpss5RegsFile)

Cmpss6RegsFile 
*          1    00005d20    00000020     UNINITIALIZED
                  00005d20    00000020     F2837xD_GlobalVariableDefs.obj (Cmpss6RegsFile)

Cmpss7RegsFile 
*          1    00005d40    00000020     UNINITIALIZED
                  00005d40    00000020     F2837xD_GlobalVariableDefs.obj (Cmpss7RegsFile)

Cmpss8RegsFile 
*          1    00005d60    00000020     UNINITIALIZED
                  00005d60    00000020     F2837xD_GlobalVariableDefs.obj (Cmpss8RegsFile)

Sdfm1RegsFile 
*          1    00005e00    00000080     UNINITIALIZED
                  00005e00    00000080     F2837xD_GlobalVariableDefs.obj (Sdfm1RegsFile)

Sdfm2RegsFile 
*          1    00005e80    00000080     UNINITIALIZED
                  00005e80    00000080     F2837xD_GlobalVariableDefs.obj (Sdfm2RegsFile)

McbspaRegsFile 
*          1    00006000    00000024     UNINITIALIZED
                  00006000    00000024     F2837xD_GlobalVariableDefs.obj (McbspaRegsFile)

McbspbRegsFile 
*          1    00006040    00000024     UNINITIALIZED
                  00006040    00000024     F2837xD_GlobalVariableDefs.obj (McbspbRegsFile)

SpiaRegsFile 
*          1    00006100    00000010     UNINITIALIZED
                  00006100    00000010     F2837xD_GlobalVariableDefs.obj (SpiaRegsFile)

SpibRegsFile 
*          1    00006110    00000010     UNINITIALIZED
                  00006110    00000010     F2837xD_GlobalVariableDefs.obj (SpibRegsFile)

SpicRegsFile 
*          1    00006120    00000010     UNINITIALIZED
                  00006120    00000010     F2837xD_GlobalVariableDefs.obj (SpicRegsFile)

UppRegsFile 
*          1    00006200    00000048     UNINITIALIZED
                  00006200    00000048     F2837xD_GlobalVariableDefs.obj (UppRegsFile)

WdRegsFile 
*          1    00007000    0000002b     UNINITIALIZED
                  00007000    0000002b     F2837xD_GlobalVariableDefs.obj (WdRegsFile)

NmiIntruptRegsFile 
*          1    00007060    00000007     UNINITIALIZED
                  00007060    00000007     F2837xD_GlobalVariableDefs.obj (NmiIntruptRegsFile)

XintRegsFile 
*          1    00007070    0000000b     UNINITIALIZED
                  00007070    0000000b     F2837xD_GlobalVariableDefs.obj (XintRegsFile)

SciaRegsFile 
*          1    00007200    00000010     UNINITIALIZED
                  00007200    00000010     F2837xD_GlobalVariableDefs.obj (SciaRegsFile)

ScibRegsFile 
*          1    00007210    00000010     UNINITIALIZED
                  00007210    00000010     F2837xD_GlobalVariableDefs.obj (ScibRegsFile)

ScicRegsFile 
*          1    00007220    00000010     UNINITIALIZED
                  00007220    00000010     F2837xD_GlobalVariableDefs.obj (ScicRegsFile)

ScidRegsFile 
*          1    00007230    00000010     UNINITIALIZED
                  00007230    00000010     F2837xD_GlobalVariableDefs.obj (ScidRegsFile)

I2caRegsFile 
*          1    00007300    00000022     UNINITIALIZED
                  00007300    00000022     F2837xD_GlobalVariableDefs.obj (I2caRegsFile)

I2cbRegsFile 
*          1    00007340    00000022     UNINITIALIZED
                  00007340    00000022     F2837xD_GlobalVariableDefs.obj (I2cbRegsFile)

AdcaRegsFile 
*          1    00007400    00000080     UNINITIALIZED
                  00007400    00000080     F2837xD_GlobalVariableDefs.obj (AdcaRegsFile)

AdcbRegsFile 
*          1    00007480    00000080     UNINITIALIZED
                  00007480    00000080     F2837xD_GlobalVariableDefs.obj (AdcbRegsFile)

AdccRegsFile 
*          1    00007500    00000080     UNINITIALIZED
                  00007500    00000080     F2837xD_GlobalVariableDefs.obj (AdccRegsFile)

AdcdRegsFile 
*          1    00007580    00000080     UNINITIALIZED
                  00007580    00000080     F2837xD_GlobalVariableDefs.obj (AdcdRegsFile)

InputXbarRegsFile 
*          1    00007900    00000020     UNINITIALIZED
                  00007900    00000020     F2837xD_GlobalVariableDefs.obj (InputXbarRegsFile)

XbarRegsFile 
*          1    00007920    00000020     UNINITIALIZED
                  00007920    00000020     F2837xD_GlobalVariableDefs.obj (XbarRegsFile)

TrigRegsFile 
*          1    00007940    00000006     UNINITIALIZED
                  00007940    00000006     F2837xD_GlobalVariableDefs.obj (TrigRegsFile)

DmaClaSrcSelRegsFile 
*          1    00007980    0000001a     UNINITIALIZED
                  00007980    0000001a     F2837xD_GlobalVariableDefs.obj (DmaClaSrcSelRegsFile)

EPwmXbarRegsFile 
*          1    00007a00    00000040     UNINITIALIZED
                  00007a00    00000040     F2837xD_GlobalVariableDefs.obj (EPwmXbarRegsFile)

OutputXbarRegsFile 
*          1    00007a80    00000040     UNINITIALIZED
                  00007a80    00000040     F2837xD_GlobalVariableDefs.obj (OutputXbarRegsFile)

GpioCtrlRegsFile 
*          1    00007c00    00000180     UNINITIALIZED
                  00007c00    00000180     F2837xD_GlobalVariableDefs.obj (GpioCtrlRegsFile)

GpioDataRegsFile 
*          1    00007f00    00000030     UNINITIALIZED
                  00007f00    00000030     F2837xD_GlobalVariableDefs.obj (GpioDataRegsFile)

.econst    1    0000a800    0000021d     
                  0000a800    000001c0     F2837xD_PieVect.obj (.econst)
                  0000a9c0    00000054     apf.obj (.econst)
                  0000aa14    00000009     can.obj (.econst:_g_ui16CANBitValues)

.ebss.1    1    0000aa1e    0000000a     UNINITIALIZED
                  0000aa1e    00000004     rts2800_fpu32.lib : exit.obj (.ebss)
                  0000aa22    00000002                       : _lock.obj (.ebss:__lock)
                  0000aa24    00000002                       : _lock.obj (.ebss:__unlock)
                  0000aa26    00000002     main.obj (.ebss)

.ebss.2    1    0000aa40    0000002a     UNINITIALIZED
                  0000aa40    0000002a     bsp.obj (.ebss)

.ebss.3    1    0000c000    00000c80     UNINITIALIZED
                  0000c000    00000c80     apf.obj (.ebss)

Filter1_RegsFile 
*          1    0000d000    000003e8     
                  0000d000    000003e8     apf.obj (Filter1_RegsFile) [fill = 1111]

Filter2_RegsFile 
*          1    0000e000    000003e8     
                  0000e000    000003e8     apf.obj (Filter2_RegsFile) [fill = 2222]

Filter3_RegsFile 
*          1    0000f000    000003e8     
                  0000f000    000003e8     apf.obj (Filter3_RegsFile) [fill = 3333]

Emif1RegsFile 
*          1    00047000    00000070     UNINITIALIZED
                  00047000    00000070     F2837xD_GlobalVariableDefs.obj (Emif1RegsFile)

Emif2RegsFile 
*          1    00047800    00000070     UNINITIALIZED
                  00047800    00000070     F2837xD_GlobalVariableDefs.obj (Emif2RegsFile)

IpcRegsFile 
*          1    00050000    00000026     UNINITIALIZED
                  00050000    00000026     F2837xD_GlobalVariableDefs.obj (IpcRegsFile)

DevCfgRegsFile 
*          1    0005d000    0000012e     UNINITIALIZED
                  0005d000    0000012e     F2837xD_GlobalVariableDefs.obj (DevCfgRegsFile)

AnalogSubsysRegsFile 
*          1    0005d180    00000048     UNINITIALIZED
                  0005d180    00000048     F2837xD_GlobalVariableDefs.obj (AnalogSubsysRegsFile)

Cla1SoftIntRegsFile 
*          1    00000ce0    00000004     DSECT
                  00000ce0    00000004     F2837xD_GlobalVariableDefs.obj (Cla1SoftIntRegsFile)

ClkCfgRegsFile 
*          1    0005d200    00000032     UNINITIALIZED
                  0005d200    00000032     F2837xD_GlobalVariableDefs.obj (ClkCfgRegsFile)

CpuSysRegsFile 
*          1    0005d300    00000082     UNINITIALIZED
                  0005d300    00000082     F2837xD_GlobalVariableDefs.obj (CpuSysRegsFile)

RomPrefetchRegsFile 
*          1    0005e608    00000002     UNINITIALIZED
                  0005e608    00000002     F2837xD_GlobalVariableDefs.obj (RomPrefetchRegsFile)

DcsmZ1RegsFile 
*          1    0005f000    00000024     UNINITIALIZED
                  0005f000    00000024     F2837xD_GlobalVariableDefs.obj (DcsmZ1RegsFile)

DcsmZ2RegsFile 
*          1    0005f040    00000024     UNINITIALIZED
                  0005f040    00000024     F2837xD_GlobalVariableDefs.obj (DcsmZ2RegsFile)

DcsmCommonRegsFile 
*          1    0005f070    00000008     UNINITIALIZED
                  0005f070    00000008     F2837xD_GlobalVariableDefs.obj (DcsmCommonRegsFile)

MemCfgRegsFile 
*          1    0005f400    00000080     UNINITIALIZED
                  0005f400    00000080     F2837xD_GlobalVariableDefs.obj (MemCfgRegsFile)

Emif1ConfigRegsFile 
*          1    0005f480    00000020     UNINITIALIZED
                  0005f480    00000020     F2837xD_GlobalVariableDefs.obj (Emif1ConfigRegsFile)

Emif2ConfigRegsFile 
*          1    0005f4a0    00000020     UNINITIALIZED
                  0005f4a0    00000020     F2837xD_GlobalVariableDefs.obj (Emif2ConfigRegsFile)

AccessProtectionRegsFile 
*          1    0005f4c0    00000040     UNINITIALIZED
                  0005f4c0    00000040     F2837xD_GlobalVariableDefs.obj (AccessProtectionRegsFile)

MemoryErrorRegsFile 
*          1    0005f500    00000040     UNINITIALIZED
                  0005f500    00000040     F2837xD_GlobalVariableDefs.obj (MemoryErrorRegsFile)

RomWaitStateRegsFile 
*          1    0005f540    00000002     UNINITIALIZED
                  0005f540    00000002     F2837xD_GlobalVariableDefs.obj (RomWaitStateRegsFile)

Flash0CtrlRegsFile 
*          1    0005f800    00000182     UNINITIALIZED
                  0005f800    00000182     F2837xD_GlobalVariableDefs.obj (Flash0CtrlRegsFile)

Flash0EccRegsFile 
*          1    0005fb00    00000028     UNINITIALIZED
                  0005fb00    00000028     F2837xD_GlobalVariableDefs.obj (Flash0EccRegsFile)

DcsmZ1OtpFile 
*          1    00078000    00000020     NOLOAD SECTION
                  00078000    00000020     F2837xD_GlobalVariableDefs.obj (DcsmZ1OtpFile)

DcsmZ2OtpFile 
*          1    00078200    00000020     NOLOAD SECTION
                  00078200    00000020     F2837xD_GlobalVariableDefs.obj (DcsmZ2OtpFile)

.pinit     0    00000122    00000000     UNINITIALIZED

.reset     0    003fffc0    00000002     DSECT
                  003fffc0    00000002     rts2800_fpu32.lib : boot.obj (.reset)

GETBUFFER 
*          0    0003f800    00000000     DSECT

GETWRITEIDX 
*          0    0003f800    00000000     DSECT

PUTREADIDX 
*          0    0003f800    00000000     DSECT


GLOBAL DATA SYMBOLS: SORTED BY DATA PAGE

address     data page           name
--------    ----------------    ----
00000400      10 (00000400)     __stack

00000b00      2c (00000b00)     _AdcaResultRegs
00000b20      2c (00000b00)     _AdcbResultRegs

00000b40      2d (00000b40)     _AdccResultRegs
00000b60      2d (00000b40)     _AdcdResultRegs

00000c00      30 (00000c00)     _CpuTimer0Regs
00000c08      30 (00000c00)     _CpuTimer1Regs
00000c10      30 (00000c00)     _CpuTimer2Regs

00000ce0      33 (00000cc0)     _Cla1SoftIntRegs
00000ce0      33 (00000cc0)     _PieCtrlRegs

00000d00      34 (00000d00)     _EmuKey
00000d00      34 (00000d00)     _PieVectTable
00000d01      34 (00000d00)     _EmuBMode

00001000      40 (00001000)     _DmaRegs

00001400      50 (00001400)     _Cla1Regs

00004000     100 (00004000)     _EPwm1Regs

00004100     104 (00004100)     _EPwm2Regs

00004200     108 (00004200)     _EPwm3Regs

00004300     10c (00004300)     _EPwm4Regs

00004400     110 (00004400)     _EPwm5Regs

00004500     114 (00004500)     _EPwm6Regs

00004600     118 (00004600)     _EPwm7Regs

00004700     11c (00004700)     _EPwm8Regs

00004800     120 (00004800)     _EPwm9Regs

00004900     124 (00004900)     _EPwm10Regs

00004a00     128 (00004a00)     _EPwm11Regs

00004b00     12c (00004b00)     _EPwm12Regs

00005000     140 (00005000)     _ECap1Regs
00005020     140 (00005000)     _ECap2Regs

00005040     141 (00005040)     _ECap3Regs
00005060     141 (00005040)     _ECap4Regs

00005080     142 (00005080)     _ECap5Regs
000050a0     142 (00005080)     _ECap6Regs

00005100     144 (00005100)     _EQep1Regs

00005140     145 (00005140)     _EQep2Regs

00005180     146 (00005180)     _EQep3Regs

00005c00     170 (00005c00)     _DacaRegs
00005c10     170 (00005c00)     _DacbRegs
00005c20     170 (00005c00)     _DaccRegs

00005c80     172 (00005c80)     _Cmpss1Regs
00005ca0     172 (00005c80)     _Cmpss2Regs

00005cc0     173 (00005cc0)     _Cmpss3Regs
00005ce0     173 (00005cc0)     _Cmpss4Regs

00005d00     174 (00005d00)     _Cmpss5Regs
00005d20     174 (00005d00)     _Cmpss6Regs

00005d40     175 (00005d40)     _Cmpss7Regs
00005d60     175 (00005d40)     _Cmpss8Regs

00005e00     178 (00005e00)     _Sdfm1Regs

00005e80     17a (00005e80)     _Sdfm2Regs

00006000     180 (00006000)     _McbspaRegs

00006040     181 (00006040)     _McbspbRegs

00006100     184 (00006100)     _SpiaRegs
00006110     184 (00006100)     _SpibRegs
00006120     184 (00006100)     _SpicRegs

00006200     188 (00006200)     _UppRegs

00007000     1c0 (00007000)     _WdRegs

00007060     1c1 (00007040)     _NmiIntruptRegs
00007070     1c1 (00007040)     _XintRegs

00007200     1c8 (00007200)     _SciaRegs
00007210     1c8 (00007200)     _ScibRegs
00007220     1c8 (00007200)     _ScicRegs
00007230     1c8 (00007200)     _ScidRegs

00007300     1cc (00007300)     _I2caRegs

00007340     1cd (00007340)     _I2cbRegs

00007400     1d0 (00007400)     _AdcaRegs

00007480     1d2 (00007480)     _AdcbRegs

00007500     1d4 (00007500)     _AdccRegs

00007580     1d6 (00007580)     _AdcdRegs

00007900     1e4 (00007900)     _InputXbarRegs
00007920     1e4 (00007900)     _XbarRegs

00007940     1e5 (00007940)     _TrigRegs

00007980     1e6 (00007980)     _DmaClaSrcSelRegs

00007a00     1e8 (00007a00)     _EPwmXbarRegs

00007a80     1ea (00007a80)     _OutputXbarRegs

00007c00     1f0 (00007c00)     _GpioCtrlRegs

00007f00     1fc (00007f00)     _GpioDataRegs

0000a09c     282 (0000a080)     _FPUsinTable

0000a19c     286 (0000a180)     _FPUcosTable

0000a49c     292 (0000a480)     _FPUsinTableEnd

0000a59e     296 (0000a580)     _FPUatan2HalfPITable
0000a59e     296 (0000a580)     _FPUcosTableEnd
0000a5a2     296 (0000a580)     _FPUatan2Table

0000a728     29c (0000a700)     _FPUatan2TableEnd

0000a800     2a0 (0000a800)     _PieVectTableInit

0000aa1e     2a8 (0000aa00)     ___TI_cleanup_ptr
0000aa20     2a8 (0000aa00)     ___TI_dtors_ptr
0000aa22     2a8 (0000aa00)     __lock
0000aa24     2a8 (0000aa00)     __unlock

0000c000     300 (0000c000)     _QRef
0000c001     300 (0000c000)     _PointCnt
0000c002     300 (0000c000)     _UdcRef
0000c003     300 (0000c000)     _MainTskTrigger
0000c004     300 (0000c000)     _APF_State
0000c005     300 (0000c000)     _Carrier_Wave_Count
0000c006     300 (0000c000)     _RpCutoffFreqence
0000c007     300 (0000c000)     _CmpsateSet
0000c008     300 (0000c000)     _RpLeadingBeat
0000c009     300 (0000c000)     _FlagRxCAN
0000c00c     300 (0000c000)     _UdcB
0000c00e     300 (0000c000)     _Ubc_rms
0000c010     300 (0000c000)     _UdcA
0000c012     300 (0000c000)     _VectorAngle
0000c014     300 (0000c000)     _GridFrequence
0000c016     300 (0000c000)     _Udc_average
0000c018     300 (0000c000)     _UpccDm
0000c01a     300 (0000c000)     _UacRectifier
0000c01c     300 (0000c000)     _UdcC
0000c01e     300 (0000c000)     _Uab_rms
0000c020     300 (0000c000)     _IloadA_rms
0000c02c     300 (0000c000)     _IapfA_rms
0000c02e     300 (0000c000)     _IloadB_rms
0000c030     300 (0000c000)     _IapfB_rms
0000c038     300 (0000c000)     _RpGain
0000c03a     300 (0000c000)     _Iapf_a
0000c03c     300 (0000c000)     _RpKr
0000c03e     300 (0000c000)     _Iapf_c

0000c040     301 (0000c040)     _Iapf_b
0000c042     301 (0000c040)     _Iload_a
0000c044     301 (0000c040)     _Upcc_c
0000c046     301 (0000c040)     _Upcc_bc
0000c048     301 (0000c040)     _Upcc_ca
0000c04a     301 (0000c040)     _Upcc_b
0000c04c     301 (0000c040)     _Iload_b
0000c04e     301 (0000c040)     _Upcc_ab
0000c050     301 (0000c040)     _Iload_c
0000c052     301 (0000c040)     _Upcc_a
0000c054     301 (0000c040)     _ucTXMsgData
0000c05c     301 (0000c040)     _ucRXMsgData
0000c064     301 (0000c040)     _sTXCANMessage
0000c06e     301 (0000c040)     _sRXCANMessage

0000c080     302 (0000c080)     _DF22_UdcB
0000c08e     302 (0000c080)     _DF22_UdcC
0000c0aa     302 (0000c080)     _DF22_Ihq

0000c0c0     303 (0000c0c0)     _DF22_RpFilter0
0000c0ce     303 (0000c0c0)     _DF22_Udaverage
0000c0dc     303 (0000c0c0)     _DF22_RpFilter1
0000c0ea     303 (0000c0c0)     _DF22_UdcA

0000c100     304 (0000c100)     _DF22_Ihd
0000c10e     304 (0000c100)     _pid_instance_Udcn_d
0000c120     304 (0000c100)     _pid_instance_Udcn_q

0000c140     305 (0000c140)     _pid_instance_Pll
0000c152     305 (0000c140)     _pid_instance_Ibeta
0000c164     305 (0000c140)     _pid_instance_Udcp

0000c180     306 (0000c180)     _pid_instance_Ialfa

0000c1c0     307 (0000c1c0)     _IhdFilter

0000c400     310 (0000c400)     _IhqFilter

0000c640     319 (0000c640)     _UdFilter

0000c880     322 (0000c880)     _RpBuffer

0000d000     340 (0000d000)     _graph_data1

0000e000     380 (0000e000)     _graph_data2

0000f000     3c0 (0000f000)     _graph_data3

00047000    11c0 (00047000)     _Emif1Regs

00047800    11e0 (00047800)     _Emif2Regs

00050000    1400 (00050000)     _IpcRegs

0005d000    1740 (0005d000)     _DevCfgRegs

0005d180    1746 (0005d180)     _AnalogSubsysRegs

0005d200    1748 (0005d200)     _ClkCfgRegs

0005d300    174c (0005d300)     _CpuSysRegs

0005e608    1798 (0005e600)     _RomPrefetchRegs

0005f000    17c0 (0005f000)     _DcsmZ1Regs

0005f040    17c1 (0005f040)     _DcsmZ2Regs
0005f070    17c1 (0005f040)     _DcsmCommonRegs

0005f400    17d0 (0005f400)     _MemCfgRegs

0005f480    17d2 (0005f480)     _Emif1ConfigRegs
0005f4a0    17d2 (0005f480)     _Emif2ConfigRegs

0005f4c0    17d3 (0005f4c0)     _AccessProtectionRegs

0005f500    17d4 (0005f500)     _MemoryErrorRegs

0005f540    17d5 (0005f540)     _RomWaitStateRegs

0005f800    17e0 (0005f800)     _Flash0CtrlRegs

0005fb00    17ec (0005fb00)     _Flash0EccRegs

00078000    1e00 (00078000)     _DcsmZ1Otp

00078200    1e08 (00078200)     _DcsmZ2Otp


GLOBAL SYMBOLS: SORTED ALPHABETICALLY BY Name 

page  address   name                                  
----  -------   ----                                  
abs   ffffffff  .text                                 
0     0000a069  C$$EXIT                               
0     0000a082  FS$$DIV                               
0     0000b0be  _ADCA1_ISR                            
0     0000b33e  _ADCA2_ISR                            
0     0000b348  _ADCA3_ISR                            
0     0000b352  _ADCA4_ISR                            
0     0000b334  _ADCA_EVT_ISR                         
0     0000b0c8  _ADCB1_ISR                            
0     0000b366  _ADCB2_ISR                            
0     0000b370  _ADCB3_ISR                            
0     0000b37a  _ADCB4_ISR                            
0     0000b35c  _ADCB_EVT_ISR                         
0     0000b0d2  _ADCC1_ISR                            
0     0000b4ce  _ADCC2_ISR                            
0     0000b4d8  _ADCC3_ISR                            
0     0000b4e2  _ADCC4_ISR                            
0     0000b4c4  _ADCC_EVT_ISR                         
0     0000b0f0  _ADCD1_ISR                            
0     0000b4f6  _ADCD2_ISR                            
0     0000b500  _ADCD3_ISR                            
0     0000b50a  _ADCD4_ISR                            
0     0000b4ec  _ADCD_EVT_ISR                         
0     00009167  _ADValueConvert                       
0     00009835  _APF_Init                             
0     00008031  _APF_Main                             
1     0000c004  _APF_State                            
0     000093a2  _ASync_cs2_config                     
0     00009442  _ASync_cs3_config                     
0     00009494  _ASync_cs4_config                     
0     0000937f  _ASync_wait_config                    
0     0000b546  _AUX_PLL_SLIP_ISR                     
1     0005f4c0  _AccessProtectionRegs                 
0     00009add  _AdcSetMode                           
1     00007400  _AdcaRegs                             
1     00000b00  _AdcaResultRegs                       
1     00007480  _AdcbRegs                             
1     00000b20  _AdcbResultRegs                       
1     00007500  _AdccRegs                             
1     00000b40  _AdccResultRegs                       
1     00007580  _AdcdRegs                             
1     00000b60  _AdcdResultRegs                       
1     0005d180  _AnalogSubsysRegs                     
0     00008fa7  _AuxAuxClkSel                         
0     00008f91  _AuxIntOsc2Sel                        
0     00008f9b  _AuxXtalOscSel                        
0     00009000  _BSP_Init                             
0     0000b30c  _CANA_1_ISR                           
0     0000b316  _CANA_2_ISR                           
0     0000b320  _CANB_1_ISR                           
0     0000b32a  _CANB_2_ISR                           
0     0000898f  _CANBitRateSet                        
0     0000895e  _CANBitTimingGet                      
0     00008a0c  _CANBitTimingSet                      
0     00008937  _CANClkSourceSelect                   
0     0000892f  _CANDisable                           
0     00008926  _CANEnable                            
0     00008b18  _CANErrCntrGet                        
0     00008d31  _CANGlobalIntClear                    
0     00008d27  _CANGlobalIntDisable                  
0     00008d1e  _CANGlobalIntEnable                   
0     00008d3a  _CANGlobalIntstatusGet                
0     00008875  _CANInit                              
0     00008aac  _CANIntClear                          
0     00008a82  _CANIntDisable                        
0     00008a74  _CANIntEnable                         
0     00008783  _CANIntHandler                        
0     00008a57  _CANIntRegister                       
0     00008a92  _CANIntStatus                         
0     00008a67  _CANIntUnregister                     
0     00008cf8  _CANMessageClear                      
0     00008c25  _CANMessageGet                        
0     00008b33  _CANMessageSet                        
0     00008ae6  _CANRetryGet                          
0     00008ad5  _CANRetrySet                          
0     0000b67b  _CANRx_Tsk                            
0     00008af0  _CANStatusGet                         
0     0000b5cc  _CANTx_Tsk                            
0     00009718  _CAN_Init                             
0     0000b384  _CLA1_1_ISR                           
0     0000b38e  _CLA1_2_ISR                           
0     0000b398  _CLA1_3_ISR                           
0     0000b3a2  _CLA1_4_ISR                           
0     0000b3ac  _CLA1_5_ISR                           
0     0000b3b6  _CLA1_6_ISR                           
0     0000b3c0  _CLA1_7_ISR                           
0     0000b3ca  _CLA1_8_ISR                           
0     0000b550  _CLA_OVERFLOW_ISR                     
0     0000b55a  _CLA_UNDERFLOW_ISR                    
0     00009b80  _CalAdcINL                            
1     0000c005  _Carrier_Wave_Count                   
0     000099e1  _CheckPwrState                        
1     00001400  _Cla1Regs                             
0     00000ce0  _Cla1SoftIntRegs                      
1     0005d200  _ClkCfgRegs                           
1     0000c007  _CmpsateSet                           
1     00005c80  _Cmpss1Regs                           
1     00005ca0  _Cmpss2Regs                           
1     00005cc0  _Cmpss3Regs                           
1     00005ce0  _Cmpss4Regs                           
1     00005d00  _Cmpss5Regs                           
1     00005d20  _Cmpss6Regs                           
1     00005d40  _Cmpss7Regs                           
1     00005d60  _Cmpss8Regs                           
1     0005d300  _CpuSysRegs                           
1     00000c00  _CpuTimer0Regs                        
1     00000c08  _CpuTimer1Regs                        
1     00000c10  _CpuTimer2Regs                        
0     00008f50  _CsmUnlock                            
0     0000b014  _DATALOG_ISR                          
0     0000a73c  _DCL_runDF22                          
0     0000a777  _DCL_runDF22i                         
0     0000a786  _DCL_runDF22p                         
0     000097be  _DCL_runPI                            
1     0000c100  _DF22_Ihd                             
1     0000c0aa  _DF22_Ihq                             
1     0000c0c0  _DF22_RpFilter0                       
1     0000c0dc  _DF22_RpFilter1                       
1     0000c0ce  _DF22_Udaverage                       
1     0000c0ea  _DF22_UdcA                            
1     0000c080  _DF22_UdcB                            
1     0000c08e  _DF22_UdcC                            
0     0000b258  _DMA_CH1_ISR                          
0     0000b262  _DMA_CH2_ISR                          
0     0000b26c  _DMA_CH3_ISR                          
0     0000b276  _DMA_CH4_ISR                          
0     0000b280  _DMA_CH5_ISR                          
0     0000b28a  _DMA_CH6_ISR                          
1     00005c00  _DacaRegs                             
1     00005c10  _DacbRegs                             
1     00005c20  _DaccRegs                             
1     0005f070  _DcsmCommonRegs                       
1     00078000  _DcsmZ1Otp                            
1     0005f000  _DcsmZ1Regs                           
1     00078200  _DcsmZ2Otp                            
1     0005f040  _DcsmZ2Regs                           
1     0005d000  _DevCfgRegs                           
0     00008e22  _DisableDog                           
0     00008dfc  _DisablePeripheralClocks              
1     00007980  _DmaClaSrcSelRegs                     
1     00001000  _DmaRegs                              
0     0000b1ae  _ECAP1_ISR                            
0     0000b1b8  _ECAP2_ISR                            
0     0000b1c2  _ECAP3_ISR                            
0     0000b1cc  _ECAP4_ISR                            
0     0000b1d6  _ECAP5_ISR                            
0     0000b1e0  _ECAP6_ISR                            
1     00005000  _ECap1Regs                            
1     00005020  _ECap2Regs                            
1     00005040  _ECap3Regs                            
1     00005060  _ECap4Regs                            
1     00005080  _ECap5Regs                            
1     000050a0  _ECap6Regs                            
0     0000b514  _EMIF_ERROR_ISR                       
0     0000b56e  _EMPTY_ISR                            
0     0000b028  _EMU_ISR                              
0     0000b46a  _EPWM10_ISR                           
0     0000b442  _EPWM10_TZ_ISR                        
0     0000b474  _EPWM11_ISR                           
0     0000b44c  _EPWM11_TZ_ISR                        
0     0000b47e  _EPWM12_ISR                           
0     0000b456  _EPWM12_TZ_ISR                        
0     0000b15e  _EPWM1_ISR                            
0     0000b10e  _EPWM1_TZ_ISR                         
0     0000b168  _EPWM2_ISR                            
0     0000b118  _EPWM2_TZ_ISR                         
0     0000b172  _EPWM3_ISR                            
0     0000b122  _EPWM3_TZ_ISR                         
0     0000b17c  _EPWM4_ISR                            
0     0000b12c  _EPWM4_TZ_ISR                         
0     0000b186  _EPWM5_ISR                            
0     0000b136  _EPWM5_TZ_ISR                         
0     0000b190  _EPWM6_ISR                            
0     0000b140  _EPWM6_TZ_ISR                         
0     0000b19a  _EPWM7_ISR                            
0     0000b14a  _EPWM7_TZ_ISR                         
0     0000b1a4  _EPWM8_ISR                            
0     0000b154  _EPWM8_TZ_ISR                         
0     0000b460  _EPWM9_ISR                            
0     0000b438  _EPWM9_TZ_ISR                         
1     00004900  _EPwm10Regs                           
1     00004a00  _EPwm11Regs                           
1     00004b00  _EPwm12Regs                           
1     00004000  _EPwm1Regs                            
1     00004100  _EPwm2Regs                            
1     00004200  _EPwm3Regs                            
1     00004300  _EPwm4Regs                            
1     00004400  _EPwm5Regs                            
1     00004500  _EPwm6Regs                            
1     00004600  _EPwm7Regs                            
1     00004700  _EPwm8Regs                            
1     00004800  _EPwm9Regs                            
1     00007a00  _EPwmXbarRegs                         
0     0000b1ea  _EQEP1_ISR                            
0     0000b1f4  _EQEP2_ISR                            
0     0000b1fe  _EQEP3_ISR                            
1     00005100  _EQep1Regs                            
1     00005140  _EQep2Regs                            
1     00005180  _EQep3Regs                            
1     0005f480  _Emif1ConfigRegs                      
0     00009369  _Emif1Initialize                      
1     00047000  _Emif1Regs                            
1     0005f4a0  _Emif2ConfigRegs                      
0     00009374  _Emif2Initialize                      
1     00047800  _Emif2Regs                            
1     00000d01  _EmuBMode                             
1     00000d00  _EmuKey                               
0     0000a01f  _EnableInterrupts                     
0     00009fbf  _ExtDA_Init                           
0     00009fdf  _ExtDA_Output                         
0     000001a6  _F28x_usDelay                         
0     0000b528  _FLASH_CORRECTABLE_ERROR_ISR          
0     0000b3fc  _FPU_OVERFLOW_ISR                     
0     0000b406  _FPU_UNDERFLOW_ISR                    
0     0000a59e  _FPUatan2HalfPITable                  
0     0000a5a2  _FPUatan2Table                        
0     0000a728  _FPUatan2TableEnd                     
0     0000a19c  _FPUcosTable                          
0     0000a59e  _FPUcosTableEnd                       
0     0000a09c  _FPUsinTable                          
0     0000a49c  _FPUsinTableEnd                       
0     00008000  _FaultProcess                         
1     0000c009  _FlagRxCAN                            
1     0005f800  _Flash0CtrlRegs                       
1     0005fb00  _Flash0EccRegs                        
0     000003a9  _GPIO_EnableUnbondedIOPullups         
0     00000384  _GPIO_EnableUnbondedIOPullupsFor100Pin
0     0000036b  _GPIO_EnableUnbondedIOPullupsFor176Pin
0     000003bf  _GPIO_ReadPin                         
0     00000310  _GPIO_SetupLock                       
0     000001ee  _GPIO_SetupPinMux                     
0     0000027c  _GPIO_SetupPinOptions                 
0     00000339  _GPIO_SetupXINT1Gpio                  
0     00000343  _GPIO_SetupXINT2Gpio                  
0     0000034d  _GPIO_SetupXINT3Gpio                  
0     00000357  _GPIO_SetupXINT4Gpio                  
0     00000361  _GPIO_SetupXINT5Gpio                  
0     000003d6  _GPIO_WritePin                        
1     00007c00  _GpioCtrlRegs                         
1     00007f00  _GpioDataRegs                         
1     0000c014  _GridFrequence                        
0     00008fc5  _HALT                                 
0     00008fde  _HIB                                  
0     0000b29e  _I2CA_FIFO_ISR                        
0     0000b294  _I2CA_ISR                             
0     0000b2b2  _I2CB_FIFO_ISR                        
0     0000b2a8  _I2CB_ISR                             
1     00007300  _I2caRegs                             
1     00007340  _I2cbRegs                             
0     00008fb1  _IDLE                                 
0     0000b03c  _ILLEGAL_ISR                          
0     0000b410  _IPC0_ISR                             
0     0000b41a  _IPC1_ISR                             
0     0000b424  _IPC2_ISR                             
0     0000b42e  _IPC3_ISR                             
1     0000c02c  _IapfA_rms                            
1     0000c030  _IapfB_rms                            
1     0000c03a  _Iapf_a                               
1     0000c040  _Iapf_b                               
1     0000c03e  _Iapf_c                               
1     0000c1c0  _IhdFilter                            
1     0000c400  _IhqFilter                            
1     0000c020  _IloadA_rms                           
1     0000c02e  _IloadB_rms                           
1     0000c042  _Iload_a                              
1     0000c04c  _Iload_b                              
1     0000c050  _Iload_c                              
0     00009d07  _InitADC                              
0     00008eb9  _InitAuxPll                           
0     0000863a  _InitEPwm10Gpio                       
0     0000864d  _InitEPwm11Gpio                       
0     00008661  _InitEPwm12Gpio                       
0     00008590  _InitEPwm1Gpio                        
0     00008674  _InitEPwm2                            
0     000085a2  _InitEPwm2Gpio                        
0     000085b4  _InitEPwm3Gpio                        
0     000085c8  _InitEPwm4Gpio                        
0     000085dc  _InitEPwm5Gpio                        
0     000085ee  _InitEPwm6Gpio                        
0     00008600  _InitEPwm7Gpio                        
0     00008614  _InitEPwm8Gpio                        
0     00008628  _InitEPwm9Gpio                        
0     00008583  _InitEPwmGpio                         
0     000086c4  _InitEPwmx                            
0     00008768  _InitEpwmAll                          
0     000001aa  _InitGpio                             
0     00008d78  _InitPeripheralClocks                 
0     0000a000  _InitPieCtrl                          
0     0000a028  _InitPieVectTable                     
0     00008d47  _InitSysCtrl                          
0     00008e30  _InitSysPll                           
0     0000875a  _InitTzGpio                           
1     00007900  _InputXbarRegs                        
0     00009fed  _IntDefaultHandler                    
0     00009e2f  _IntDisable                           
0     00009d97  _IntEnable                            
0     00009eb4  _IntIFRClear                          
0     00009d67  _IntMasterDisable                     
0     00009d5f  _IntMasterEnable                      
0     00009d6f  _IntRegister                          
0     00009d82  _IntUnregister                        
1     00050000  _IpcRegs                              
0     0000b230  _MCBSPA_RX_ISR                        
0     0000b23a  _MCBSPA_TX_ISR                        
0     0000b244  _MCBSPB_RX_ISR                        
0     0000b24e  _MCBSPB_TX_ISR                        
1     0000c003  _MainTskTrigger                       
1     00006000  _McbspaRegs                           
1     00006040  _McbspbRegs                           
1     0005f400  _MemCfgRegs                           
1     0005f500  _MemoryErrorRegs                      
0     0000b032  _NMI_ISR                              
0     0000b57b  _NOTUSED_ISR                          
1     00007060  _NmiIntruptRegs                       
1     00007a80  _OutputXbarRegs                       
0     0000b564  _PIE_RESERVED_ISR                     
1     00000ce0  _PieCtrlRegs                          
1     00000d00  _PieVectTable                         
1     0000a800  _PieVectTableInit                     
1     0000c001  _PointCnt                             
1     0000c000  _QRef                                 
0     0000b532  _RAM_ACCESS_VIOLATION_ISR             
0     0000b51e  _RAM_CORRECTABLE_ERROR_ISR            
0     0000b01e  _RTOS_ISR                             
1     0005e608  _RomPrefetchRegs                      
1     0005f540  _RomWaitStateRegs                     
1     0000c880  _RpBuffer                             
1     0000c006  _RpCutoffFreqence                     
1     0000c038  _RpGain                               
1     0000c03c  _RpKr                                 
1     0000c008  _RpLeadingBeat                        
0     0000b2e4  _SCIA_RX_ISR                          
0     0000b2ee  _SCIA_TX_ISR                          
0     0000b2f8  _SCIB_RX_ISR                          
0     0000b302  _SCIB_TX_ISR                          
0     0000b2bc  _SCIC_RX_ISR                          
0     0000b2c6  _SCIC_TX_ISR                          
0     0000b2d0  _SCID_RX_ISR                          
0     0000b2da  _SCID_TX_ISR                          
0     0000b488  _SD1_ISR                              
0     0000b492  _SD2_ISR                              
0     0000b208  _SPIA_RX_ISR                          
0     0000b212  _SPIA_TX_ISR                          
0     0000b21c  _SPIB_RX_ISR                          
0     0000b226  _SPIB_TX_ISR                          
0     0000b49c  _SPIC_RX_ISR                          
0     0000b4a6  _SPIC_TX_ISR                          
0     00008fba  _STANDBY                              
0     0000b53c  _SYS_PLL_SLIP_ISR                     
1     00007200  _SciaRegs                             
1     00007210  _ScibRegs                             
1     00007220  _ScicRegs                             
1     00007230  _ScidRegs                             
1     00005e00  _Sdfm1Regs                            
1     00005e80  _Sdfm2Regs                            
0     00008e14  _ServiceDog                           
0     00009115  _SetOC1Value                          
0     0000912f  _SetOC2Value                          
0     0000914b  _SetOVValue                           
0     00009bba  _SetupADC                             
1     00006100  _SpiaRegs                             
1     00006110  _SpibRegs                             
1     00006120  _SpicRegs                             
0     00008f71  _SysIntOsc1Sel                        
0     00008f7b  _SysIntOsc2Sel                        
0     00008f85  _SysXtalOscSel                        
0     0000b0fa  _TIMER0_ISR                           
0     0000b000  _TIMER1_ISR                           
0     0000b00a  _TIMER2_ISR                           
1     00007940  _TrigRegs                             
0     0000b4b0  _UPPA_ISR                             
0     0000b4ba  _USBA_ISR                             
0     0000b0a0  _USER10_ISR                           
0     0000b0aa  _USER11_ISR                           
0     0000b0b4  _USER12_ISR                           
0     0000b046  _USER1_ISR                            
0     0000b050  _USER2_ISR                            
0     0000b05a  _USER3_ISR                            
0     0000b064  _USER4_ISR                            
0     0000b06e  _USER5_ISR                            
0     0000b078  _USER6_ISR                            
0     0000b082  _USER7_ISR                            
0     0000b08c  _USER8_ISR                            
0     0000b096  _USER9_ISR                            
1     0000c01e  _Uab_rms                              
1     0000c01a  _UacRectifier                         
1     0000c00e  _Ubc_rms                              
1     0000c640  _UdFilter                             
1     0000c010  _UdcA                                 
1     0000c00c  _UdcB                                 
1     0000c01c  _UdcC                                 
1     0000c002  _UdcRef                               
1     0000c016  _Udc_average                          
1     0000c018  _UpccDm                               
1     0000c052  _Upcc_a                               
1     0000c04e  _Upcc_ab                              
1     0000c04a  _Upcc_b                               
1     0000c046  _Upcc_bc                              
1     0000c044  _Upcc_c                               
1     0000c048  _Upcc_ca                              
1     00006200  _UppRegs                              
0     0000b3f2  _VCU_ISR                              
1     0000c012  _VectorAngle                          
0     0000b104  _WAKE_ISR                             
1     00007000  _WdRegs                               
0     0000b0dc  _XINT1_ISR                            
0     0000b0e6  _XINT2_ISR                            
0     0000b3d4  _XINT3_ISR                            
0     0000b3de  _XINT4_ISR                            
0     0000b3e8  _XINT5_ISR                            
1     00007920  _XbarRegs                             
1     00007070  _XintRegs                             
1     00000600  __STACK_END                           
abs   00000200  __STACK_SIZE                          
1     0000aa1e  ___TI_cleanup_ptr                     
1     0000aa20  ___TI_dtors_ptr                       
abs   ffffffff  ___binit__                            
abs   ffffffff  ___c_args__                           
0     00000122  ___cinit__                            
abs   ffffffff  ___etext__                            
abs   ffffffff  ___pinit__                            
abs   ffffffff  ___text__                             
0     0000a050  __args_main                           
1     0000aa22  __lock                                
0     000003fc  __nop                                 
0     000003f8  __register_lock                       
0     000003f4  __register_unlock                     
1     00000400  __stack                               
1     0000aa24  __unlock                              
0     0000a069  _abort                                
0     00009f36  _c_int00                              
0     000096a4  _clarke                               
0     0000a06b  _exit                                 
1     0000d000  _graph_data1                          
1     0000e000  _graph_data2                          
1     0000f000  _graph_data3                          
0     00009687  _inv_clarke                           
0     000096ed  _inv_park                             
0     0000b585  _main                                 
0     0000b7e0  _memcpy                               
0     000087f9  _memset_fast                          
0     000096c0  _park                                 
0     00009776  _pid_init                             
1     0000c180  _pid_instance_Ialfa                   
1     0000c152  _pid_instance_Ibeta                   
1     0000c140  _pid_instance_Pll                     
1     0000c10e  _pid_instance_Udcn_d                  
1     0000c120  _pid_instance_Udcn_q                  
1     0000c164  _pid_instance_Udcp                    
0     000097b3  _pid_reset                            
1     0000c06e  _sRXCANMessage                        
1     0000c064  _sTXCANMessage                        
0     000094e6  _setup_emif1_pinmux_async_16bit       
0     00009520  _setup_emif1_pinmux_async_32bit       
0     0000959e  _setup_emif1_pinmux_sdram_16bit       
0     00009632  _setup_emif1_pinmux_sdram_32bit       
0     0000956d  _setup_emif2_pinmux_async_16bit       
0     000095fe  _setup_emif2_pinmux_sdram_16bit       
0     00009f7c  _sincos                               
1     0000c05c  _ucRXMsgData                          
1     0000c054  _ucTXMsgData                          
abs   ffffffff  binit                                 
0     00000122  cinit                                 
0     00000000  code_start                            
abs   ffffffff  etext                                 
abs   ffffffff  pinit                                 


GLOBAL SYMBOLS: SORTED BY Symbol Address 

page  address   name                                  
----  -------   ----                                  
0     00000000  code_start                            
0     00000122  ___cinit__                            
0     00000122  cinit                                 
0     000001a6  _F28x_usDelay                         
0     000001aa  _InitGpio                             
0     000001ee  _GPIO_SetupPinMux                     
0     0000027c  _GPIO_SetupPinOptions                 
0     00000310  _GPIO_SetupLock                       
0     00000339  _GPIO_SetupXINT1Gpio                  
0     00000343  _GPIO_SetupXINT2Gpio                  
0     0000034d  _GPIO_SetupXINT3Gpio                  
0     00000357  _GPIO_SetupXINT4Gpio                  
0     00000361  _GPIO_SetupXINT5Gpio                  
0     0000036b  _GPIO_EnableUnbondedIOPullupsFor176Pin
0     00000384  _GPIO_EnableUnbondedIOPullupsFor100Pin
0     000003a9  _GPIO_EnableUnbondedIOPullups         
0     000003bf  _GPIO_ReadPin                         
0     000003d6  _GPIO_WritePin                        
0     000003f4  __register_unlock                     
0     000003f8  __register_lock                       
0     000003fc  __nop                                 
0     00000ce0  _Cla1SoftIntRegs                      
0     00008000  _FaultProcess                         
0     00008031  _APF_Main                             
0     00008583  _InitEPwmGpio                         
0     00008590  _InitEPwm1Gpio                        
0     000085a2  _InitEPwm2Gpio                        
0     000085b4  _InitEPwm3Gpio                        
0     000085c8  _InitEPwm4Gpio                        
0     000085dc  _InitEPwm5Gpio                        
0     000085ee  _InitEPwm6Gpio                        
0     00008600  _InitEPwm7Gpio                        
0     00008614  _InitEPwm8Gpio                        
0     00008628  _InitEPwm9Gpio                        
0     0000863a  _InitEPwm10Gpio                       
0     0000864d  _InitEPwm11Gpio                       
0     00008661  _InitEPwm12Gpio                       
0     00008674  _InitEPwm2                            
0     000086c4  _InitEPwmx                            
0     0000875a  _InitTzGpio                           
0     00008768  _InitEpwmAll                          
0     00008783  _CANIntHandler                        
0     000087f9  _memset_fast                          
0     00008875  _CANInit                              
0     00008926  _CANEnable                            
0     0000892f  _CANDisable                           
0     00008937  _CANClkSourceSelect                   
0     0000895e  _CANBitTimingGet                      
0     0000898f  _CANBitRateSet                        
0     00008a0c  _CANBitTimingSet                      
0     00008a57  _CANIntRegister                       
0     00008a67  _CANIntUnregister                     
0     00008a74  _CANIntEnable                         
0     00008a82  _CANIntDisable                        
0     00008a92  _CANIntStatus                         
0     00008aac  _CANIntClear                          
0     00008ad5  _CANRetrySet                          
0     00008ae6  _CANRetryGet                          
0     00008af0  _CANStatusGet                         
0     00008b18  _CANErrCntrGet                        
0     00008b33  _CANMessageSet                        
0     00008c25  _CANMessageGet                        
0     00008cf8  _CANMessageClear                      
0     00008d1e  _CANGlobalIntEnable                   
0     00008d27  _CANGlobalIntDisable                  
0     00008d31  _CANGlobalIntClear                    
0     00008d3a  _CANGlobalIntstatusGet                
0     00008d47  _InitSysCtrl                          
0     00008d78  _InitPeripheralClocks                 
0     00008dfc  _DisablePeripheralClocks              
0     00008e14  _ServiceDog                           
0     00008e22  _DisableDog                           
0     00008e30  _InitSysPll                           
0     00008eb9  _InitAuxPll                           
0     00008f50  _CsmUnlock                            
0     00008f71  _SysIntOsc1Sel                        
0     00008f7b  _SysIntOsc2Sel                        
0     00008f85  _SysXtalOscSel                        
0     00008f91  _AuxIntOsc2Sel                        
0     00008f9b  _AuxXtalOscSel                        
0     00008fa7  _AuxAuxClkSel                         
0     00008fb1  _IDLE                                 
0     00008fba  _STANDBY                              
0     00008fc5  _HALT                                 
0     00008fde  _HIB                                  
0     00009000  _BSP_Init                             
0     00009115  _SetOC1Value                          
0     0000912f  _SetOC2Value                          
0     0000914b  _SetOVValue                           
0     00009167  _ADValueConvert                       
0     00009369  _Emif1Initialize                      
0     00009374  _Emif2Initialize                      
0     0000937f  _ASync_wait_config                    
0     000093a2  _ASync_cs2_config                     
0     00009442  _ASync_cs3_config                     
0     00009494  _ASync_cs4_config                     
0     000094e6  _setup_emif1_pinmux_async_16bit       
0     00009520  _setup_emif1_pinmux_async_32bit       
0     0000956d  _setup_emif2_pinmux_async_16bit       
0     0000959e  _setup_emif1_pinmux_sdram_16bit       
0     000095fe  _setup_emif2_pinmux_sdram_16bit       
0     00009632  _setup_emif1_pinmux_sdram_32bit       
0     00009687  _inv_clarke                           
0     000096a4  _clarke                               
0     000096c0  _park                                 
0     000096ed  _inv_park                             
0     00009718  _CAN_Init                             
0     00009776  _pid_init                             
0     000097b3  _pid_reset                            
0     000097be  _DCL_runPI                            
0     00009835  _APF_Init                             
0     000099e1  _CheckPwrState                        
0     00009add  _AdcSetMode                           
0     00009b80  _CalAdcINL                            
0     00009bba  _SetupADC                             
0     00009d07  _InitADC                              
0     00009d5f  _IntMasterEnable                      
0     00009d67  _IntMasterDisable                     
0     00009d6f  _IntRegister                          
0     00009d82  _IntUnregister                        
0     00009d97  _IntEnable                            
0     00009e2f  _IntDisable                           
0     00009eb4  _IntIFRClear                          
0     00009f36  _c_int00                              
0     00009f7c  _sincos                               
0     00009fbf  _ExtDA_Init                           
0     00009fdf  _ExtDA_Output                         
0     00009fed  _IntDefaultHandler                    
0     0000a000  _InitPieCtrl                          
0     0000a01f  _EnableInterrupts                     
0     0000a028  _InitPieVectTable                     
0     0000a050  __args_main                           
0     0000a069  C$$EXIT                               
0     0000a069  _abort                                
0     0000a06b  _exit                                 
0     0000a082  FS$$DIV                               
0     0000a09c  _FPUsinTable                          
0     0000a19c  _FPUcosTable                          
0     0000a49c  _FPUsinTableEnd                       
0     0000a59e  _FPUatan2HalfPITable                  
0     0000a59e  _FPUcosTableEnd                       
0     0000a5a2  _FPUatan2Table                        
0     0000a728  _FPUatan2TableEnd                     
0     0000a73c  _DCL_runDF22                          
0     0000a777  _DCL_runDF22i                         
0     0000a786  _DCL_runDF22p                         
0     0000b000  _TIMER1_ISR                           
0     0000b00a  _TIMER2_ISR                           
0     0000b014  _DATALOG_ISR                          
0     0000b01e  _RTOS_ISR                             
0     0000b028  _EMU_ISR                              
0     0000b032  _NMI_ISR                              
0     0000b03c  _ILLEGAL_ISR                          
0     0000b046  _USER1_ISR                            
0     0000b050  _USER2_ISR                            
0     0000b05a  _USER3_ISR                            
0     0000b064  _USER4_ISR                            
0     0000b06e  _USER5_ISR                            
0     0000b078  _USER6_ISR                            
0     0000b082  _USER7_ISR                            
0     0000b08c  _USER8_ISR                            
0     0000b096  _USER9_ISR                            
0     0000b0a0  _USER10_ISR                           
0     0000b0aa  _USER11_ISR                           
0     0000b0b4  _USER12_ISR                           
0     0000b0be  _ADCA1_ISR                            
0     0000b0c8  _ADCB1_ISR                            
0     0000b0d2  _ADCC1_ISR                            
0     0000b0dc  _XINT1_ISR                            
0     0000b0e6  _XINT2_ISR                            
0     0000b0f0  _ADCD1_ISR                            
0     0000b0fa  _TIMER0_ISR                           
0     0000b104  _WAKE_ISR                             
0     0000b10e  _EPWM1_TZ_ISR                         
0     0000b118  _EPWM2_TZ_ISR                         
0     0000b122  _EPWM3_TZ_ISR                         
0     0000b12c  _EPWM4_TZ_ISR                         
0     0000b136  _EPWM5_TZ_ISR                         
0     0000b140  _EPWM6_TZ_ISR                         
0     0000b14a  _EPWM7_TZ_ISR                         
0     0000b154  _EPWM8_TZ_ISR                         
0     0000b15e  _EPWM1_ISR                            
0     0000b168  _EPWM2_ISR                            
0     0000b172  _EPWM3_ISR                            
0     0000b17c  _EPWM4_ISR                            
0     0000b186  _EPWM5_ISR                            
0     0000b190  _EPWM6_ISR                            
0     0000b19a  _EPWM7_ISR                            
0     0000b1a4  _EPWM8_ISR                            
0     0000b1ae  _ECAP1_ISR                            
0     0000b1b8  _ECAP2_ISR                            
0     0000b1c2  _ECAP3_ISR                            
0     0000b1cc  _ECAP4_ISR                            
0     0000b1d6  _ECAP5_ISR                            
0     0000b1e0  _ECAP6_ISR                            
0     0000b1ea  _EQEP1_ISR                            
0     0000b1f4  _EQEP2_ISR                            
0     0000b1fe  _EQEP3_ISR                            
0     0000b208  _SPIA_RX_ISR                          
0     0000b212  _SPIA_TX_ISR                          
0     0000b21c  _SPIB_RX_ISR                          
0     0000b226  _SPIB_TX_ISR                          
0     0000b230  _MCBSPA_RX_ISR                        
0     0000b23a  _MCBSPA_TX_ISR                        
0     0000b244  _MCBSPB_RX_ISR                        
0     0000b24e  _MCBSPB_TX_ISR                        
0     0000b258  _DMA_CH1_ISR                          
0     0000b262  _DMA_CH2_ISR                          
0     0000b26c  _DMA_CH3_ISR                          
0     0000b276  _DMA_CH4_ISR                          
0     0000b280  _DMA_CH5_ISR                          
0     0000b28a  _DMA_CH6_ISR                          
0     0000b294  _I2CA_ISR                             
0     0000b29e  _I2CA_FIFO_ISR                        
0     0000b2a8  _I2CB_ISR                             
0     0000b2b2  _I2CB_FIFO_ISR                        
0     0000b2bc  _SCIC_RX_ISR                          
0     0000b2c6  _SCIC_TX_ISR                          
0     0000b2d0  _SCID_RX_ISR                          
0     0000b2da  _SCID_TX_ISR                          
0     0000b2e4  _SCIA_RX_ISR                          
0     0000b2ee  _SCIA_TX_ISR                          
0     0000b2f8  _SCIB_RX_ISR                          
0     0000b302  _SCIB_TX_ISR                          
0     0000b30c  _CANA_1_ISR                           
0     0000b316  _CANA_2_ISR                           
0     0000b320  _CANB_1_ISR                           
0     0000b32a  _CANB_2_ISR                           
0     0000b334  _ADCA_EVT_ISR                         
0     0000b33e  _ADCA2_ISR                            
0     0000b348  _ADCA3_ISR                            
0     0000b352  _ADCA4_ISR                            
0     0000b35c  _ADCB_EVT_ISR                         
0     0000b366  _ADCB2_ISR                            
0     0000b370  _ADCB3_ISR                            
0     0000b37a  _ADCB4_ISR                            
0     0000b384  _CLA1_1_ISR                           
0     0000b38e  _CLA1_2_ISR                           
0     0000b398  _CLA1_3_ISR                           
0     0000b3a2  _CLA1_4_ISR                           
0     0000b3ac  _CLA1_5_ISR                           
0     0000b3b6  _CLA1_6_ISR                           
0     0000b3c0  _CLA1_7_ISR                           
0     0000b3ca  _CLA1_8_ISR                           
0     0000b3d4  _XINT3_ISR                            
0     0000b3de  _XINT4_ISR                            
0     0000b3e8  _XINT5_ISR                            
0     0000b3f2  _VCU_ISR                              
0     0000b3fc  _FPU_OVERFLOW_ISR                     
0     0000b406  _FPU_UNDERFLOW_ISR                    
0     0000b410  _IPC0_ISR                             
0     0000b41a  _IPC1_ISR                             
0     0000b424  _IPC2_ISR                             
0     0000b42e  _IPC3_ISR                             
0     0000b438  _EPWM9_TZ_ISR                         
0     0000b442  _EPWM10_TZ_ISR                        
0     0000b44c  _EPWM11_TZ_ISR                        
0     0000b456  _EPWM12_TZ_ISR                        
0     0000b460  _EPWM9_ISR                            
0     0000b46a  _EPWM10_ISR                           
0     0000b474  _EPWM11_ISR                           
0     0000b47e  _EPWM12_ISR                           
0     0000b488  _SD1_ISR                              
0     0000b492  _SD2_ISR                              
0     0000b49c  _SPIC_RX_ISR                          
0     0000b4a6  _SPIC_TX_ISR                          
0     0000b4b0  _UPPA_ISR                             
0     0000b4ba  _USBA_ISR                             
0     0000b4c4  _ADCC_EVT_ISR                         
0     0000b4ce  _ADCC2_ISR                            
0     0000b4d8  _ADCC3_ISR                            
0     0000b4e2  _ADCC4_ISR                            
0     0000b4ec  _ADCD_EVT_ISR                         
0     0000b4f6  _ADCD2_ISR                            
0     0000b500  _ADCD3_ISR                            
0     0000b50a  _ADCD4_ISR                            
0     0000b514  _EMIF_ERROR_ISR                       
0     0000b51e  _RAM_CORRECTABLE_ERROR_ISR            
0     0000b528  _FLASH_CORRECTABLE_ERROR_ISR          
0     0000b532  _RAM_ACCESS_VIOLATION_ISR             
0     0000b53c  _SYS_PLL_SLIP_ISR                     
0     0000b546  _AUX_PLL_SLIP_ISR                     
0     0000b550  _CLA_OVERFLOW_ISR                     
0     0000b55a  _CLA_UNDERFLOW_ISR                    
0     0000b564  _PIE_RESERVED_ISR                     
0     0000b56e  _EMPTY_ISR                            
0     0000b57b  _NOTUSED_ISR                          
0     0000b585  _main                                 
0     0000b5cc  _CANTx_Tsk                            
0     0000b67b  _CANRx_Tsk                            
0     0000b7e0  _memcpy                               
1     00000400  __stack                               
1     00000600  __STACK_END                           
1     00000b00  _AdcaResultRegs                       
1     00000b20  _AdcbResultRegs                       
1     00000b40  _AdccResultRegs                       
1     00000b60  _AdcdResultRegs                       
1     00000c00  _CpuTimer0Regs                        
1     00000c08  _CpuTimer1Regs                        
1     00000c10  _CpuTimer2Regs                        
1     00000ce0  _PieCtrlRegs                          
1     00000d00  _EmuKey                               
1     00000d00  _PieVectTable                         
1     00000d01  _EmuBMode                             
1     00001000  _DmaRegs                              
1     00001400  _Cla1Regs                             
1     00004000  _EPwm1Regs                            
1     00004100  _EPwm2Regs                            
1     00004200  _EPwm3Regs                            
1     00004300  _EPwm4Regs                            
1     00004400  _EPwm5Regs                            
1     00004500  _EPwm6Regs                            
1     00004600  _EPwm7Regs                            
1     00004700  _EPwm8Regs                            
1     00004800  _EPwm9Regs                            
1     00004900  _EPwm10Regs                           
1     00004a00  _EPwm11Regs                           
1     00004b00  _EPwm12Regs                           
1     00005000  _ECap1Regs                            
1     00005020  _ECap2Regs                            
1     00005040  _ECap3Regs                            
1     00005060  _ECap4Regs                            
1     00005080  _ECap5Regs                            
1     000050a0  _ECap6Regs                            
1     00005100  _EQep1Regs                            
1     00005140  _EQep2Regs                            
1     00005180  _EQep3Regs                            
1     00005c00  _DacaRegs                             
1     00005c10  _DacbRegs                             
1     00005c20  _DaccRegs                             
1     00005c80  _Cmpss1Regs                           
1     00005ca0  _Cmpss2Regs                           
1     00005cc0  _Cmpss3Regs                           
1     00005ce0  _Cmpss4Regs                           
1     00005d00  _Cmpss5Regs                           
1     00005d20  _Cmpss6Regs                           
1     00005d40  _Cmpss7Regs                           
1     00005d60  _Cmpss8Regs                           
1     00005e00  _Sdfm1Regs                            
1     00005e80  _Sdfm2Regs                            
1     00006000  _McbspaRegs                           
1     00006040  _McbspbRegs                           
1     00006100  _SpiaRegs                             
1     00006110  _SpibRegs                             
1     00006120  _SpicRegs                             
1     00006200  _UppRegs                              
1     00007000  _WdRegs                               
1     00007060  _NmiIntruptRegs                       
1     00007070  _XintRegs                             
1     00007200  _SciaRegs                             
1     00007210  _ScibRegs                             
1     00007220  _ScicRegs                             
1     00007230  _ScidRegs                             
1     00007300  _I2caRegs                             
1     00007340  _I2cbRegs                             
1     00007400  _AdcaRegs                             
1     00007480  _AdcbRegs                             
1     00007500  _AdccRegs                             
1     00007580  _AdcdRegs                             
1     00007900  _InputXbarRegs                        
1     00007920  _XbarRegs                             
1     00007940  _TrigRegs                             
1     00007980  _DmaClaSrcSelRegs                     
1     00007a00  _EPwmXbarRegs                         
1     00007a80  _OutputXbarRegs                       
1     00007c00  _GpioCtrlRegs                         
1     00007f00  _GpioDataRegs                         
1     0000a800  _PieVectTableInit                     
1     0000aa1e  ___TI_cleanup_ptr                     
1     0000aa20  ___TI_dtors_ptr                       
1     0000aa22  __lock                                
1     0000aa24  __unlock                              
1     0000c000  _QRef                                 
1     0000c001  _PointCnt                             
1     0000c002  _UdcRef                               
1     0000c003  _MainTskTrigger                       
1     0000c004  _APF_State                            
1     0000c005  _Carrier_Wave_Count                   
1     0000c006  _RpCutoffFreqence                     
1     0000c007  _CmpsateSet                           
1     0000c008  _RpLeadingBeat                        
1     0000c009  _FlagRxCAN                            
1     0000c00c  _UdcB                                 
1     0000c00e  _Ubc_rms                              
1     0000c010  _UdcA                                 
1     0000c012  _VectorAngle                          
1     0000c014  _GridFrequence                        
1     0000c016  _Udc_average                          
1     0000c018  _UpccDm                               
1     0000c01a  _UacRectifier                         
1     0000c01c  _UdcC                                 
1     0000c01e  _Uab_rms                              
1     0000c020  _IloadA_rms                           
1     0000c02c  _IapfA_rms                            
1     0000c02e  _IloadB_rms                           
1     0000c030  _IapfB_rms                            
1     0000c038  _RpGain                               
1     0000c03a  _Iapf_a                               
1     0000c03c  _RpKr                                 
1     0000c03e  _Iapf_c                               
1     0000c040  _Iapf_b                               
1     0000c042  _Iload_a                              
1     0000c044  _Upcc_c                               
1     0000c046  _Upcc_bc                              
1     0000c048  _Upcc_ca                              
1     0000c04a  _Upcc_b                               
1     0000c04c  _Iload_b                              
1     0000c04e  _Upcc_ab                              
1     0000c050  _Iload_c                              
1     0000c052  _Upcc_a                               
1     0000c054  _ucTXMsgData                          
1     0000c05c  _ucRXMsgData                          
1     0000c064  _sTXCANMessage                        
1     0000c06e  _sRXCANMessage                        
1     0000c080  _DF22_UdcB                            
1     0000c08e  _DF22_UdcC                            
1     0000c0aa  _DF22_Ihq                             
1     0000c0c0  _DF22_RpFilter0                       
1     0000c0ce  _DF22_Udaverage                       
1     0000c0dc  _DF22_RpFilter1                       
1     0000c0ea  _DF22_UdcA                            
1     0000c100  _DF22_Ihd                             
1     0000c10e  _pid_instance_Udcn_d                  
1     0000c120  _pid_instance_Udcn_q                  
1     0000c140  _pid_instance_Pll                     
1     0000c152  _pid_instance_Ibeta                   
1     0000c164  _pid_instance_Udcp                    
1     0000c180  _pid_instance_Ialfa                   
1     0000c1c0  _IhdFilter                            
1     0000c400  _IhqFilter                            
1     0000c640  _UdFilter                             
1     0000c880  _RpBuffer                             
1     0000d000  _graph_data1                          
1     0000e000  _graph_data2                          
1     0000f000  _graph_data3                          
1     00047000  _Emif1Regs                            
1     00047800  _Emif2Regs                            
1     00050000  _IpcRegs                              
1     0005d000  _DevCfgRegs                           
1     0005d180  _AnalogSubsysRegs                     
1     0005d200  _ClkCfgRegs                           
1     0005d300  _CpuSysRegs                           
1     0005e608  _RomPrefetchRegs                      
1     0005f000  _DcsmZ1Regs                           
1     0005f040  _DcsmZ2Regs                           
1     0005f070  _DcsmCommonRegs                       
1     0005f400  _MemCfgRegs                           
1     0005f480  _Emif1ConfigRegs                      
1     0005f4a0  _Emif2ConfigRegs                      
1     0005f4c0  _AccessProtectionRegs                 
1     0005f500  _MemoryErrorRegs                      
1     0005f540  _RomWaitStateRegs                     
1     0005f800  _Flash0CtrlRegs                       
1     0005fb00  _Flash0EccRegs                        
1     00078000  _DcsmZ1Otp                            
1     00078200  _DcsmZ2Otp                            
abs   00000200  __STACK_SIZE                          
abs   ffffffff  .text                                 
abs   ffffffff  ___binit__                            
abs   ffffffff  ___c_args__                           
abs   ffffffff  ___etext__                            
abs   ffffffff  ___pinit__                            
abs   ffffffff  ___text__                             
abs   ffffffff  binit                                 
abs   ffffffff  etext                                 
abs   ffffffff  pinit                                 

[466 symbols]
