******************************************************************************
             TMS320C2000 Linker PC v6.1.3                      
******************************************************************************
>> Linked Sat Oct 18 20:01:17 2014

OUTPUT FILE NAME:   <FFT141018B.out>
ENTRY POINT SYMBOL: "_c_int00"  address: 0000941e


MEMORY CONFIGURATION

         name            origin    length      used     unused   attr    fill
----------------------  --------  ---------  --------  --------  ----  --------
PAGE 0:
  BEGIN                 00000000   00000002  00000002  00000000  RWIX
  BOOT_RSVD             00000002   0000004e  00000000  0000004e  RWIX
  RAMM0                 00000050   000003b0  00000000  000003b0  RWIX
  RAML                  00008000   00004000  0000187a  00002786  RWIX
  CSM_RSVD              0033ff80   00000076  00000000  00000076  RWIX
  CSM_PWL               0033fff8   00000008  00000000  00000008  RWIX
  ADC_CAL               00380080   00000009  00000007  00000002  RWIX
  IQTABLES              003fe000   00000b50  00000000  00000b50  RWIX
  IQTABLES2             003feb50   0000008c  00000000  0000008c  RWIX
  FPUTABLES             003febdc   000006a0  00000000  000006a0  RWIX
  BOOTROM               003ff27c   00000d44  00000000  00000d44  RWIX
  RESET                 003fffc0   00000002  00000000  00000002  RWIX

PAGE 1:
  RAMM1                 00000400   00000400  00000300  00000100  RWIX
  DEV_EMU               00000880   00000180  000000d0  000000b0  RWIX
  FLASH_REGS            00000a80   00000060  00000008  00000058  RWIX
  CSM                   00000ae0   00000010  00000010  00000000  RWIX
  ADC_MIRROR            00000b00   00000010  00000010  00000000  RWIX
  XINTF                 00000b20   00000020  0000001e  00000002  RWIX
  CPU_TIMER0            00000c00   00000008  00000008  00000000  RWIX
  CPU_TIMER1            00000c08   00000008  00000008  00000000  RWIX
  CPU_TIMER2            00000c10   00000008  00000008  00000000  RWIX
  PIE_CTRL              00000ce0   00000020  0000001a  00000006  RWIX
  PIE_VECT              00000d00   00000100  00000100  00000000  RWIX
  DMA                   00001000   00000200  000000e0  00000120  RWIX
  ZONE0                 00004000   00001000  00000000  00001000  RWIX
  MCBSPA                00005000   00000040  00000025  0000001b  RWIX
  MCBSPB                00005040   00000040  00000025  0000001b  RWIX
  ECANA                 00006000   00000040  00000034  0000000c  RWIX
  ECANA_LAM             00006040   00000040  00000040  00000000  RWIX
  ECANA_MOTS            00006080   00000040  00000040  00000000  RWIX
  ECANA_MOTO            000060c0   00000040  00000040  00000000  RWIX
  ECANA_MBOX            00006100   00000100  00000100  00000000  RWIX
  ECANB                 00006200   00000040  00000034  0000000c  RWIX
  ECANB_LAM             00006240   00000040  00000040  00000000  RWIX
  ECANB_MOTS            00006280   00000040  00000040  00000000  RWIX
  ECANB_MOTO            000062c0   00000040  00000040  00000000  RWIX
  ECANB_MBOX            00006300   00000100  00000100  00000000  RWIX
  EPWM1                 00006800   00000022  00000022  00000000  RWIX
  EPWM2                 00006840   00000022  00000022  00000000  RWIX
  EPWM3                 00006880   00000022  00000022  00000000  RWIX
  EPWM4                 000068c0   00000022  00000022  00000000  RWIX
  EPWM5                 00006900   00000022  00000022  00000000  RWIX
  EPWM6                 00006940   00000022  00000022  00000000  RWIX
  ECAP1                 00006a00   00000020  00000020  00000000  RWIX
  ECAP2                 00006a20   00000020  00000020  00000000  RWIX
  ECAP3                 00006a40   00000020  00000020  00000000  RWIX
  ECAP4                 00006a60   00000020  00000020  00000000  RWIX
  ECAP5                 00006a80   00000020  00000020  00000000  RWIX
  ECAP6                 00006aa0   00000020  00000020  00000000  RWIX
  EQEP1                 00006b00   00000040  00000040  00000000  RWIX
  EQEP2                 00006b40   00000040  00000040  00000000  RWIX
  GPIOCTRL              00006f80   00000040  0000002e  00000012  RWIX
  GPIODAT               00006fc0   00000020  00000020  00000000  RWIX
  GPIOINT               00006fe0   00000020  0000000a  00000016  RWIX
  SYSTEM                00007010   00000020  00000020  00000000  RWIX
  SPIA                  00007040   00000010  00000010  00000000  RWIX
  SCIA                  00007050   00000010  00000010  00000000  RWIX
  XINTRUPT              00007070   00000010  00000010  00000000  RWIX
  ADC                   00007100   00000020  0000001e  00000002  RWIX
  SCIB                  00007750   00000010  00000010  00000000  RWIX
  SCIC                  00007770   00000010  00000010  00000000  RWIX
  I2CA                  00007900   00000040  00000022  0000001e  RWIX
  RAML4                 0000c000   00004000  00002b37  000014c9  RWIX
  ZONE6                 00100000   00040000  00000000  00040000  RWIX
  ZONE7                 00200000   00100000  00000000  00100000  RWIX
  CSM_PWL               0033fff8   00000008  00000008  00000000  RWIX


SECTION ALLOCATION MAP

 output                                  attributes/
section   page    origin      length       input sections
--------  ----  ----------  ----------   ----------------
codestart 
*          0    00000000    00000002     
                  00000000    00000002     DSP2833x_CodeStartBranch.obj (codestart)

.pinit     0    00008000    00000000     UNINITIALIZED

ramfuncs   0    00008000    00000ec8     
                  00008000    00000b20     F28335B_main.obj (ramfuncs)
                  00008b20    000003a8     F28335B_main.obj (ramfuncs:retain)

.text      0    00008ec8    0000065d     
                  00008ec8    0000032c     DSP2833x_DefaultIsr.obj (.text:retain)
                  000091f4    000001a2     F28335B_main.obj (.text)
                  00009396    00000088     rts2800_fpu32.lib : fs_div.obj (.text)
                  0000941e    00000046                       : boot.obj (.text)
                  00009464    00000028     DSP2833x_PieCtrl.obj (.text)
                  0000948c    00000023     rts2800_fpu32.lib : sqrt.obj (.text)
                  000094af    00000020     DSP2833x_PieVect.obj (.text)
                  000094cf    00000019     rts2800_fpu32.lib : args_main.obj (.text)
                  000094e8    00000019                       : exit.obj (.text)
                  00009501    00000013     DSP2833x_Adc.obj (.text)
                  00009514    00000009     rts2800_fpu32.lib : _lock.obj (.text)
                  0000951d    00000008     DSP2833x_CodeStartBranch.obj (.text)

.cinit     0    00009525    00000355     
                  00009525    0000033b     F28335B_main.obj (.cinit)
                  00009860    0000000a     rts2800_fpu32.lib : _lock.obj (.cinit)
                  0000986a    0000000a                       : exit.obj (.cinit)
                  00009874    00000004                       : errno.obj (.cinit)
                  00009878    00000002     --HOLE-- [fill = 0]

csm_rsvd   0    0033ff80    00000000     DSECT

csmpasswds 
*          0    0033fff8    00000000     DSECT

.adc_cal   0    00380080    00000007     NOLOAD SECTION
                  00380080    00000007     DSP2833x_ADC_cal.obj (.adc_cal)

.reset     0    003fffc0    00000002     DSECT
                  003fffc0    00000002     rts2800_fpu32.lib : boot.obj (.reset)

.stack     1    00000400    00000300     UNINITIALIZED
                  00000400    00000300     --HOLE--

DevEmuRegsFile 
*          1    00000880    000000d0     UNINITIALIZED
                  00000880    000000d0     DSP2833x_GlobalVariableDefs.obj (DevEmuRegsFile)

FlashRegsFile 
*          1    00000a80    00000008     UNINITIALIZED
                  00000a80    00000008     DSP2833x_GlobalVariableDefs.obj (FlashRegsFile)

CsmRegsFile 
*          1    00000ae0    00000010     UNINITIALIZED
                  00000ae0    00000010     DSP2833x_GlobalVariableDefs.obj (CsmRegsFile)

AdcMirrorFile 
*          1    00000b00    00000010     UNINITIALIZED
                  00000b00    00000010     DSP2833x_GlobalVariableDefs.obj (AdcMirrorFile)

XintfRegsFile 
*          1    00000b20    0000001e     UNINITIALIZED
                  00000b20    0000001e     DSP2833x_GlobalVariableDefs.obj (XintfRegsFile)

CpuTimer0RegsFile 
*          1    00000c00    00000008     UNINITIALIZED
                  00000c00    00000008     DSP2833x_GlobalVariableDefs.obj (CpuTimer0RegsFile)

CpuTimer1RegsFile 
*          1    00000c08    00000008     UNINITIALIZED
                  00000c08    00000008     DSP2833x_GlobalVariableDefs.obj (CpuTimer1RegsFile)

CpuTimer2RegsFile 
*          1    00000c10    00000008     UNINITIALIZED
                  00000c10    00000008     DSP2833x_GlobalVariableDefs.obj (CpuTimer2RegsFile)

PieCtrlRegsFile 
*          1    00000ce0    0000001a     UNINITIALIZED
                  00000ce0    0000001a     DSP2833x_GlobalVariableDefs.obj (PieCtrlRegsFile)

PieVectTableFile 
*          1    00000d00    00000100     UNINITIALIZED
                  00000d00    00000100     DSP2833x_GlobalVariableDefs.obj (PieVectTableFile)

DmaRegsFile 
*          1    00001000    000000e0     UNINITIALIZED
                  00001000    000000e0     DSP2833x_GlobalVariableDefs.obj (DmaRegsFile)

McbspaRegsFile 
*          1    00005000    00000025     UNINITIALIZED
                  00005000    00000025     DSP2833x_GlobalVariableDefs.obj (McbspaRegsFile)

McbspbRegsFile 
*          1    00005040    00000025     UNINITIALIZED
                  00005040    00000025     DSP2833x_GlobalVariableDefs.obj (McbspbRegsFile)

ECanaRegsFile 
*          1    00006000    00000034     UNINITIALIZED
                  00006000    00000034     DSP2833x_GlobalVariableDefs.obj (ECanaRegsFile)

ECanaLAMRegsFile 
*          1    00006040    00000040     UNINITIALIZED
                  00006040    00000040     DSP2833x_GlobalVariableDefs.obj (ECanaLAMRegsFile)

ECanaMOTSRegsFile 
*          1    00006080    00000040     UNINITIALIZED
                  00006080    00000040     DSP2833x_GlobalVariableDefs.obj (ECanaMOTSRegsFile)

ECanaMOTORegsFile 
*          1    000060c0    00000040     UNINITIALIZED
                  000060c0    00000040     DSP2833x_GlobalVariableDefs.obj (ECanaMOTORegsFile)

ECanaMboxesFile 
*          1    00006100    00000100     UNINITIALIZED
                  00006100    00000100     DSP2833x_GlobalVariableDefs.obj (ECanaMboxesFile)

ECanbRegsFile 
*          1    00006200    00000034     UNINITIALIZED
                  00006200    00000034     DSP2833x_GlobalVariableDefs.obj (ECanbRegsFile)

ECanbLAMRegsFile 
*          1    00006240    00000040     UNINITIALIZED
                  00006240    00000040     DSP2833x_GlobalVariableDefs.obj (ECanbLAMRegsFile)

ECanbMOTSRegsFile 
*          1    00006280    00000040     UNINITIALIZED
                  00006280    00000040     DSP2833x_GlobalVariableDefs.obj (ECanbMOTSRegsFile)

ECanbMOTORegsFile 
*          1    000062c0    00000040     UNINITIALIZED
                  000062c0    00000040     DSP2833x_GlobalVariableDefs.obj (ECanbMOTORegsFile)

ECanbMboxesFile 
*          1    00006300    00000100     UNINITIALIZED
                  00006300    00000100     DSP2833x_GlobalVariableDefs.obj (ECanbMboxesFile)

EPwm1RegsFile 
*          1    00006800    00000022     UNINITIALIZED
                  00006800    00000022     DSP2833x_GlobalVariableDefs.obj (EPwm1RegsFile)

EPwm2RegsFile 
*          1    00006840    00000022     UNINITIALIZED
                  00006840    00000022     DSP2833x_GlobalVariableDefs.obj (EPwm2RegsFile)

EPwm3RegsFile 
*          1    00006880    00000022     UNINITIALIZED
                  00006880    00000022     DSP2833x_GlobalVariableDefs.obj (EPwm3RegsFile)

EPwm4RegsFile 
*          1    000068c0    00000022     UNINITIALIZED
                  000068c0    00000022     DSP2833x_GlobalVariableDefs.obj (EPwm4RegsFile)

EPwm5RegsFile 
*          1    00006900    00000022     UNINITIALIZED
                  00006900    00000022     DSP2833x_GlobalVariableDefs.obj (EPwm5RegsFile)

EPwm6RegsFile 
*          1    00006940    00000022     UNINITIALIZED
                  00006940    00000022     DSP2833x_GlobalVariableDefs.obj (EPwm6RegsFile)

ECap1RegsFile 
*          1    00006a00    00000020     UNINITIALIZED
                  00006a00    00000020     DSP2833x_GlobalVariableDefs.obj (ECap1RegsFile)

ECap2RegsFile 
*          1    00006a20    00000020     UNINITIALIZED
                  00006a20    00000020     DSP2833x_GlobalVariableDefs.obj (ECap2RegsFile)

ECap3RegsFile 
*          1    00006a40    00000020     UNINITIALIZED
                  00006a40    00000020     DSP2833x_GlobalVariableDefs.obj (ECap3RegsFile)

ECap4RegsFile 
*          1    00006a60    00000020     UNINITIALIZED
                  00006a60    00000020     DSP2833x_GlobalVariableDefs.obj (ECap4RegsFile)

ECap5RegsFile 
*          1    00006a80    00000020     UNINITIALIZED
                  00006a80    00000020     DSP2833x_GlobalVariableDefs.obj (ECap5RegsFile)

ECap6RegsFile 
*          1    00006aa0    00000020     UNINITIALIZED
                  00006aa0    00000020     DSP2833x_GlobalVariableDefs.obj (ECap6RegsFile)

EQep1RegsFile 
*          1    00006b00    00000040     UNINITIALIZED
                  00006b00    00000040     DSP2833x_GlobalVariableDefs.obj (EQep1RegsFile)

EQep2RegsFile 
*          1    00006b40    00000040     UNINITIALIZED
                  00006b40    00000040     DSP2833x_GlobalVariableDefs.obj (EQep2RegsFile)

GpioCtrlRegsFile 
*          1    00006f80    0000002e     UNINITIALIZED
                  00006f80    0000002e     DSP2833x_GlobalVariableDefs.obj (GpioCtrlRegsFile)

GpioDataRegsFile 
*          1    00006fc0    00000020     UNINITIALIZED
                  00006fc0    00000020     DSP2833x_GlobalVariableDefs.obj (GpioDataRegsFile)

GpioIntRegsFile 
*          1    00006fe0    0000000a     UNINITIALIZED
                  00006fe0    0000000a     DSP2833x_GlobalVariableDefs.obj (GpioIntRegsFile)

SysCtrlRegsFile 
*          1    00007010    00000020     UNINITIALIZED
                  00007010    00000020     DSP2833x_GlobalVariableDefs.obj (SysCtrlRegsFile)

SpiaRegsFile 
*          1    00007040    00000010     UNINITIALIZED
                  00007040    00000010     DSP2833x_GlobalVariableDefs.obj (SpiaRegsFile)

SciaRegsFile 
*          1    00007050    00000010     UNINITIALIZED
                  00007050    00000010     DSP2833x_GlobalVariableDefs.obj (SciaRegsFile)

XIntruptRegsFile 
*          1    00007070    00000010     UNINITIALIZED
                  00007070    00000010     DSP2833x_GlobalVariableDefs.obj (XIntruptRegsFile)

AdcRegsFile 
*          1    00007100    0000001e     UNINITIALIZED
                  00007100    0000001e     DSP2833x_GlobalVariableDefs.obj (AdcRegsFile)

ScibRegsFile 
*          1    00007750    00000010     UNINITIALIZED
                  00007750    00000010     DSP2833x_GlobalVariableDefs.obj (ScibRegsFile)

ScicRegsFile 
*          1    00007770    00000010     UNINITIALIZED
                  00007770    00000010     DSP2833x_GlobalVariableDefs.obj (ScicRegsFile)

I2caRegsFile 
*          1    00007900    00000022     UNINITIALIZED
                  00007900    00000022     DSP2833x_GlobalVariableDefs.obj (I2caRegsFile)

.ebss      1    0000c000    00002131     UNINITIALIZED
                  0000c000    00002128     F28335B_main.obj (.ebss)
                  0000e128    00000004     rts2800_fpu32.lib : _lock.obj (.ebss)
                  0000e12c    00000004                       : exit.obj (.ebss)
                  0000e130    00000001                       : errno.obj (.ebss)

.econst    1    0000e132    00000a06     
                  0000e132    00000802     F28335B_main.obj (.econst:_SIN_TABLE)
                  0000e934    00000100     DSP2833x_PieVect.obj (.econst)
                  0000ea34    00000080     F28335B_main.obj (.econst:_COS_CONST)
                  0000eab4    00000080     F28335B_main.obj (.econst:_SIN_CONST)
                  0000eb34    00000004     F28335B_main.obj (.econst:_$P$T0$7)

CsmPwlFile 
*          1    0033fff8    00000008     UNINITIALIZED
                  0033fff8    00000008     DSP2833x_GlobalVariableDefs.obj (CsmPwlFile)


GLOBAL SYMBOLS: SORTED ALPHABETICALLY BY Name 

address    name
--------   ----
00008ec8   .text
000094e8   C$$EXIT
00009396   FS$$DIV
00008fb4   _ADCINT_ISR
00380080   _ADC_cal
0000c0c0   _AdcCalGain
0000c0bc   _AdcCalOffset
00000b00   _AdcMirror
0000c0e6   _AdcRefH_x
0000c086   _AdcRefH_y
0000c0c2   _AdcRefHighActualValue
0000c0b8   _AdcRefHighActualValue_f
0000c0ea   _AdcRefL_x
0000c08c   _AdcRefL_y
0000c0be   _AdcRefLowActualValue
0000c0ba   _AdcRefLowActualValue_f
00007100   _AdcRegs
000087dc   _BP_Filter_1st
00008769   _BP_Filter_2nd
0000c06e   _COM_EXT_count
0000ea34   _COS_CONST
0000c015   _CROSS_ZERO
0000c021   _CS
00008962   _Check_Harmonic_N1
0000c00b   _CompensateA
0000c00a   _CompensateB
0000c028   _CompensateC
0000c004   _Count_n1
0000c013   _Count_n2
0000c010   _Count_n3
00000c00   _CpuTimer0Regs
00000c08   _CpuTimer1Regs
00000c10   _CpuTimer2Regs
0033fff8   _CsmPwl
00000ae0   _CsmRegs
00008edc   _DATALOG_ISR
00008b20   _DATA_CHANGE
000090d6   _DINTCH1_ISR
000090e0   _DINTCH2_ISR
000090ea   _DINTCH3_ISR
000090f4   _DINTCH4_ISR
000090fe   _DINTCH5_ISR
00009108   _DINTCH6_ISR
00000880   _DevEmuRegs
000092e9   _DisableDog
00008000   _Display_main
00001000   _DmaRegs
00009162   _ECAN0INTA_ISR
00009176   _ECAN0INTB_ISR
0000916c   _ECAN1INTA_ISR
00009180   _ECAN1INTB_ISR
0000904a   _ECAP1_INT_ISR
00009054   _ECAP2_INT_ISR
0000905e   _ECAP3_INT_ISR
00009068   _ECAP4_INT_ISR
00009072   _ECAP5_INT_ISR
0000907c   _ECAP6_INT_ISR
00006040   _ECanaLAMRegs
000060c0   _ECanaMOTORegs
00006080   _ECanaMOTSRegs
00006100   _ECanaMboxes
00006000   _ECanaRegs
00006240   _ECanbLAMRegs
000062c0   _ECanbMOTORegs
00006280   _ECanbMOTSRegs
00006300   _ECanbMboxes
00006200   _ECanbRegs
00006a00   _ECap1Regs
00006a20   _ECap2Regs
00006a40   _ECap3Regs
00006a60   _ECap4Regs
00006a80   _ECap5Regs
00006aa0   _ECap6Regs
000091d3   _EMPTY_ISR
00008ef0   _EMUINT_ISR
0000900e   _EPWM1_INT_ISR
00008fd2   _EPWM1_TZINT_ISR
00009018   _EPWM2_INT_ISR
00008fdc   _EPWM2_TZINT_ISR
00009022   _EPWM3_INT_ISR
00008fe6   _EPWM3_TZINT_ISR
0000902c   _EPWM4_INT_ISR
00008ff0   _EPWM4_TZINT_ISR
00009036   _EPWM5_INT_ISR
00008ffa   _EPWM5_TZINT_ISR
00009040   _EPWM6_INT_ISR
00009004   _EPWM6_TZINT_ISR
00006800   _EPwm1Regs
00006840   _EPwm2Regs
00006880   _EPwm3Regs
000068c0   _EPwm4Regs
00006900   _EPwm5Regs
00006940   _EPwm6Regs
00009086   _EQEP1_INT_ISR
00009090   _EQEP2_INT_ISR
00006b00   _EQep1Regs
00006b40   _EQep2Regs
0000c018   _ERROR_flag
00009483   _EnableInterrupts
000084c7   _FFT
00000a80   _FlashRegs
00006f80   _GpioCtrlRegs
00006fc0   _GpioDataRegs
00006fe0   _GpioIntRegs
0000c09c   _I0
0000c07c   _I011
0000c07a   _I011_d
0000c090   _I011_q
0000c08e   _I013
0000c094   _I013_d
0000c092   _I013_q
0000c088   _I015
0000c04c   _I03
0000c032   _I05
0000c080   _I05_d
0000c07e   _I05_q
0000c084   _I07
0000c082   _I07_d
0000c078   _I07_q
0000c076   _I09
0000c0a6   _I0ADRF
00009112   _I2CINT1A_ISR
0000911c   _I2CINT2A_ISR
00007900   _I2caRegs
0000c0b0   _IA
0000c0c4   _IA11
0000c038   _IA13
0000c036   _IA15
0000c03a   _IA17_25
0000c0ce   _IA3
0000c0ca   _IA5
0000c0cc   _IA7
0000c0c8   _IA9
0000c0da   _IAADRF
0000c098   _IAALL
0000c0d8   _IAALLint
0000c500   _IA_d
0000c240   _IA_d_toA
0000c300   _IA_q
0000c280   _IA_q_toA
0000c05c   _IAh
0000c062   _IAh_Part_Sum
0000c09e   _IB
0000c048   _IB11
0000c046   _IB13
0000c054   _IB15
0000c044   _IB17_25
0000c03e   _IB3
0000c03c   _IB5
0000c030   _IB7
0000c034   _IB9
0000c0a4   _IBADRF
0000c09a   _IBALL
0000c0d4   _IBALLint
0000c4c0   _IB_d
0000c180   _IB_d_toA
0000c440   _IB_q
0000c140   _IB_q_toA
0000c05a   _IBh
0000c058   _IBh_Part_Sum
0000c0a0   _IC
0000c040   _IC11
0000c042   _IC13
0000c050   _IC15
0000c04a   _IC17_25
0000c052   _IC3
0000c04e   _IC5
0000c02c   _IC7
0000c02e   _IC9
0000c0a2   _ICADRF
0000c0d6   _ICALL
0000c0d0   _ICALLint
0000c400   _IC_d
0000c200   _IC_d_toA
0000c340   _IC_q
0000c1c0   _IC_q_toA
0000c070   _ICh
0000c056   _ICh_Part_Sum
0000c940   _IL0
0000d140   _IL01
0000cb40   _IL0_0
00008f04   _ILLEGAL_ISR
0000cc40   _ILa
0000cf40   _ILa1
0000c640   _ILa_0
0000ca40   _ILb
0000cd40   _ILb1
0000c840   _ILb_0
0000c740   _ILc
0000d340   _ILc1
0000c540   _ILc_0
00008ec8   _INT13_ISR
00008ed2   _INT14_ISR
0000c01b   _INT_data1
00009501   _InitAdc
000086c7   _InitFlash
00009326   _InitPeripheralClocks
00009464   _InitPieCtrl
000094af   _InitPieVectTable
000092f1   _InitPll
000092d6   _InitSysCtrl
000086ef   _LP_Filter_1st
0000871e   _LP_Filter_2nd
000091c9   _LUF_ISR
000091bf   _LVF_ISR
0000c0aa   _MN1
0000c0a8   _MN2
0000c0ac   _MN3
0000c007   _MON15
0000c029   _MON5
000090c2   _MRINTA_ISR
000090ae   _MRINTB_ISR
000090cc   _MXINTA_ISR
000090b8   _MXINTB_ISR
00005000   _McbspaRegs
00005040   _McbspbRegs
00009381   _MemCopy
00008efa   _NMI_ISR
0000c05e   _Omiga_t
000091e0   _PIE_RESERVED
00000ce0   _PieCtrlRegs
00000d00   _PieVectTable
0000e934   _PieVectTableInit
0000c000   _RESERVE1
00008ee6   _RTOSINT_ISR
0000913a   _SCIRXINTA_ISR
0000914e   _SCIRXINTB_ISR
00009126   _SCIRXINTC_ISR
00009144   _SCITXINTA_ISR
00009158   _SCITXINTB_ISR
00009130   _SCITXINTC_ISR
00008f89   _SEQ1INT_ISR
00008f93   _SEQ2INT_ISR
0000eab4   _SIN_CONST
0000e132   _SIN_TABLE
0000909a   _SPIRXINTA_ISR
000090a4   _SPITXINTA_ISR
00007050   _SciaRegs
00007750   _ScibRegs
00007770   _ScicRegs
000092df   _ServiceDog
0000881c   _Sin_Value
00007040   _SpiaRegs
00007010   _SysCtrlRegs
0000c005   _TEMP1
0000c001   _TEMP2
0000c01c   _THD_I0
0000c019   _THD_IA
0000c00e   _THD_IA11
0000c009   _THD_IA13
0000c008   _THD_IA17
0000c002   _THD_IA3
0000c00d   _THD_IA5
0000c00c   _THD_IA7
0000c00f   _THD_IA9
0000c01e   _THD_IB
0000c02a   _THD_IC
0000c011   _THETA_0
0000c016   _THETA_1
0000c096   _THETA_C
00008fbe   _TINT0_ISR
0000c0ae   _UAADRF
0000c0d2   _UAADRF_f
0000c0e2   _UAADRF_f_C
0000c108   _UA_x
0000c100   _UA_y
0000c0b2   _UBADRF
0000c0de   _UBADRF_f
0000c0dc   _UBADRF_f_C
0000c11c   _UB_x
0000c0f6   _UB_y
0000c0b6   _UCADRF
0000c0e4   _UCADRF_f
0000c0e0   _UCADRF_f_C
0000c112   _UC_x
0000c0ee   _UC_y
0000c0b4   _UDC_R
00008f6b   _USER10_ISR
00008f75   _USER11_ISR
00008f7f   _USER12_ISR
00008f11   _USER1_ISR
00008f1b   _USER2_ISR
00008f25   _USER3_ISR
00008f2f   _USER4_ISR
00008f39   _USER5_ISR
00008f43   _USER6_ISR
00008f4d   _USER7_ISR
00008f57   _USER8_ISR
00008f61   _USER9_ISR
0000928b   _VoltageCalibration
0000c380   _W0
00008fc8   _WAKEINT_ISR
0000c2c0   _Wa
0000c3c0   _Wb
0000c480   _Wc
00008f9d   _XINT1_ISR
00008faa   _XINT2_ISR
0000918a   _XINT3_ISR
00009194   _XINT4_ISR
0000919e   _XINT5_ISR
000091ab   _XINT6_ISR
000091b5   _XINT7_ISR
00007070   _XIntruptRegs
00000b20   _XintfRegs
00000700   __STACK_END
00000300   __STACK_SIZE
00000001   __TI_args_main
ffffffff   ___binit__
ffffffff   ___c_args__
00009525   ___cinit__
00009525   ___etext__
ffffffff   ___pinit__
00008ec8   ___text__
000094cf   __args_main
0000e12c   __cleanup_ptr
0000e12e   __dtors_ptr
0000e12a   __lock
0000951c   __nop
00009518   __register_lock
00009514   __register_unlock
00000400   __stack
0000e128   __unlock
000094e8   _abort
0000941e   _c_int00
0000c060   _cosVal
0000c01a   _data_flag1
0000c012   _data_flag2
0000c01d   _data_flag3
0000c003   _data_flag4
0000c006   _data_flag5
0000c024   _date_flag
000086e3   _delay_t
0000e130   _errno
000094ea   _exit
0000d940   _graph_data
0000d540   _graph_data1
0000dd40   _graph_data2
0000c026   _graph_num
0000c023   _i
0000c017   _iflag
0000c064   _invented_integral
0000c014   _jflag
0000c01f   _m
000091f4   _main
0000c020   _n
0000c074   _r
000091ea   _rsvd_ISR
0000c025   _s
0000c08a   _sinVal
0000948c   _sqrt
0000c027   _w
0000c022   _x1
ffffffff   binit
00009525   cinit
00000000   code_start
00009525   etext
ffffffff   pinit


GLOBAL SYMBOLS: SORTED BY Symbol Address 

address    name
--------   ----
00000000   code_start
00000001   __TI_args_main
00000300   __STACK_SIZE
00000400   __stack
00000700   __STACK_END
00000880   _DevEmuRegs
00000a80   _FlashRegs
00000ae0   _CsmRegs
00000b00   _AdcMirror
00000b20   _XintfRegs
00000c00   _CpuTimer0Regs
00000c08   _CpuTimer1Regs
00000c10   _CpuTimer2Regs
00000ce0   _PieCtrlRegs
00000d00   _PieVectTable
00001000   _DmaRegs
00005000   _McbspaRegs
00005040   _McbspbRegs
00006000   _ECanaRegs
00006040   _ECanaLAMRegs
00006080   _ECanaMOTSRegs
000060c0   _ECanaMOTORegs
00006100   _ECanaMboxes
00006200   _ECanbRegs
00006240   _ECanbLAMRegs
00006280   _ECanbMOTSRegs
000062c0   _ECanbMOTORegs
00006300   _ECanbMboxes
00006800   _EPwm1Regs
00006840   _EPwm2Regs
00006880   _EPwm3Regs
000068c0   _EPwm4Regs
00006900   _EPwm5Regs
00006940   _EPwm6Regs
00006a00   _ECap1Regs
00006a20   _ECap2Regs
00006a40   _ECap3Regs
00006a60   _ECap4Regs
00006a80   _ECap5Regs
00006aa0   _ECap6Regs
00006b00   _EQep1Regs
00006b40   _EQep2Regs
00006f80   _GpioCtrlRegs
00006fc0   _GpioDataRegs
00006fe0   _GpioIntRegs
00007010   _SysCtrlRegs
00007040   _SpiaRegs
00007050   _SciaRegs
00007070   _XIntruptRegs
00007100   _AdcRegs
00007750   _ScibRegs
00007770   _ScicRegs
00007900   _I2caRegs
00008000   _Display_main
000084c7   _FFT
000086c7   _InitFlash
000086e3   _delay_t
000086ef   _LP_Filter_1st
0000871e   _LP_Filter_2nd
00008769   _BP_Filter_2nd
000087dc   _BP_Filter_1st
0000881c   _Sin_Value
00008962   _Check_Harmonic_N1
00008b20   _DATA_CHANGE
00008ec8   .text
00008ec8   _INT13_ISR
00008ec8   ___text__
00008ed2   _INT14_ISR
00008edc   _DATALOG_ISR
00008ee6   _RTOSINT_ISR
00008ef0   _EMUINT_ISR
00008efa   _NMI_ISR
00008f04   _ILLEGAL_ISR
00008f11   _USER1_ISR
00008f1b   _USER2_ISR
00008f25   _USER3_ISR
00008f2f   _USER4_ISR
00008f39   _USER5_ISR
00008f43   _USER6_ISR
00008f4d   _USER7_ISR
00008f57   _USER8_ISR
00008f61   _USER9_ISR
00008f6b   _USER10_ISR
00008f75   _USER11_ISR
00008f7f   _USER12_ISR
00008f89   _SEQ1INT_ISR
00008f93   _SEQ2INT_ISR
00008f9d   _XINT1_ISR
00008faa   _XINT2_ISR
00008fb4   _ADCINT_ISR
00008fbe   _TINT0_ISR
00008fc8   _WAKEINT_ISR
00008fd2   _EPWM1_TZINT_ISR
00008fdc   _EPWM2_TZINT_ISR
00008fe6   _EPWM3_TZINT_ISR
00008ff0   _EPWM4_TZINT_ISR
00008ffa   _EPWM5_TZINT_ISR
00009004   _EPWM6_TZINT_ISR
0000900e   _EPWM1_INT_ISR
00009018   _EPWM2_INT_ISR
00009022   _EPWM3_INT_ISR
0000902c   _EPWM4_INT_ISR
00009036   _EPWM5_INT_ISR
00009040   _EPWM6_INT_ISR
0000904a   _ECAP1_INT_ISR
00009054   _ECAP2_INT_ISR
0000905e   _ECAP3_INT_ISR
00009068   _ECAP4_INT_ISR
00009072   _ECAP5_INT_ISR
0000907c   _ECAP6_INT_ISR
00009086   _EQEP1_INT_ISR
00009090   _EQEP2_INT_ISR
0000909a   _SPIRXINTA_ISR
000090a4   _SPITXINTA_ISR
000090ae   _MRINTB_ISR
000090b8   _MXINTB_ISR
000090c2   _MRINTA_ISR
000090cc   _MXINTA_ISR
000090d6   _DINTCH1_ISR
000090e0   _DINTCH2_ISR
000090ea   _DINTCH3_ISR
000090f4   _DINTCH4_ISR
000090fe   _DINTCH5_ISR
00009108   _DINTCH6_ISR
00009112   _I2CINT1A_ISR
0000911c   _I2CINT2A_ISR
00009126   _SCIRXINTC_ISR
00009130   _SCITXINTC_ISR
0000913a   _SCIRXINTA_ISR
00009144   _SCITXINTA_ISR
0000914e   _SCIRXINTB_ISR
00009158   _SCITXINTB_ISR
00009162   _ECAN0INTA_ISR
0000916c   _ECAN1INTA_ISR
00009176   _ECAN0INTB_ISR
00009180   _ECAN1INTB_ISR
0000918a   _XINT3_ISR
00009194   _XINT4_ISR
0000919e   _XINT5_ISR
000091ab   _XINT6_ISR
000091b5   _XINT7_ISR
000091bf   _LVF_ISR
000091c9   _LUF_ISR
000091d3   _EMPTY_ISR
000091e0   _PIE_RESERVED
000091ea   _rsvd_ISR
000091f4   _main
0000928b   _VoltageCalibration
000092d6   _InitSysCtrl
000092df   _ServiceDog
000092e9   _DisableDog
000092f1   _InitPll
00009326   _InitPeripheralClocks
00009381   _MemCopy
00009396   FS$$DIV
0000941e   _c_int00
00009464   _InitPieCtrl
00009483   _EnableInterrupts
0000948c   _sqrt
000094af   _InitPieVectTable
000094cf   __args_main
000094e8   C$$EXIT
000094e8   _abort
000094ea   _exit
00009501   _InitAdc
00009514   __register_unlock
00009518   __register_lock
0000951c   __nop
00009525   ___cinit__
00009525   ___etext__
00009525   cinit
00009525   etext
0000c000   _RESERVE1
0000c001   _TEMP2
0000c002   _THD_IA3
0000c003   _data_flag4
0000c004   _Count_n1
0000c005   _TEMP1
0000c006   _data_flag5
0000c007   _MON15
0000c008   _THD_IA17
0000c009   _THD_IA13
0000c00a   _CompensateB
0000c00b   _CompensateA
0000c00c   _THD_IA7
0000c00d   _THD_IA5
0000c00e   _THD_IA11
0000c00f   _THD_IA9
0000c010   _Count_n3
0000c011   _THETA_0
0000c012   _data_flag2
0000c013   _Count_n2
0000c014   _jflag
0000c015   _CROSS_ZERO
0000c016   _THETA_1
0000c017   _iflag
0000c018   _ERROR_flag
0000c019   _THD_IA
0000c01a   _data_flag1
0000c01b   _INT_data1
0000c01c   _THD_I0
0000c01d   _data_flag3
0000c01e   _THD_IB
0000c01f   _m
0000c020   _n
0000c021   _CS
0000c022   _x1
0000c023   _i
0000c024   _date_flag
0000c025   _s
0000c026   _graph_num
0000c027   _w
0000c028   _CompensateC
0000c029   _MON5
0000c02a   _THD_IC
0000c02c   _IC7
0000c02e   _IC9
0000c030   _IB7
0000c032   _I05
0000c034   _IB9
0000c036   _IA15
0000c038   _IA13
0000c03a   _IA17_25
0000c03c   _IB5
0000c03e   _IB3
0000c040   _IC11
0000c042   _IC13
0000c044   _IB17_25
0000c046   _IB13
0000c048   _IB11
0000c04a   _IC17_25
0000c04c   _I03
0000c04e   _IC5
0000c050   _IC15
0000c052   _IC3
0000c054   _IB15
0000c056   _ICh_Part_Sum
0000c058   _IBh_Part_Sum
0000c05a   _IBh
0000c05c   _IAh
0000c05e   _Omiga_t
0000c060   _cosVal
0000c062   _IAh_Part_Sum
0000c064   _invented_integral
0000c06e   _COM_EXT_count
0000c070   _ICh
0000c074   _r
0000c076   _I09
0000c078   _I07_q
0000c07a   _I011_d
0000c07c   _I011
0000c07e   _I05_q
0000c080   _I05_d
0000c082   _I07_d
0000c084   _I07
0000c086   _AdcRefH_y
0000c088   _I015
0000c08a   _sinVal
0000c08c   _AdcRefL_y
0000c08e   _I013
0000c090   _I011_q
0000c092   _I013_q
0000c094   _I013_d
0000c096   _THETA_C
0000c098   _IAALL
0000c09a   _IBALL
0000c09c   _I0
0000c09e   _IB
0000c0a0   _IC
0000c0a2   _ICADRF
0000c0a4   _IBADRF
0000c0a6   _I0ADRF
0000c0a8   _MN2
0000c0aa   _MN1
0000c0ac   _MN3
0000c0ae   _UAADRF
0000c0b0   _IA
0000c0b2   _UBADRF
0000c0b4   _UDC_R
0000c0b6   _UCADRF
0000c0b8   _AdcRefHighActualValue_f
0000c0ba   _AdcRefLowActualValue_f
0000c0bc   _AdcCalOffset
0000c0be   _AdcRefLowActualValue
0000c0c0   _AdcCalGain
0000c0c2   _AdcRefHighActualValue
0000c0c4   _IA11
0000c0c8   _IA9
0000c0ca   _IA5
0000c0cc   _IA7
0000c0ce   _IA3
0000c0d0   _ICALLint
0000c0d2   _UAADRF_f
0000c0d4   _IBALLint
0000c0d6   _ICALL
0000c0d8   _IAALLint
0000c0da   _IAADRF
0000c0dc   _UBADRF_f_C
0000c0de   _UBADRF_f
0000c0e0   _UCADRF_f_C
0000c0e2   _UAADRF_f_C
0000c0e4   _UCADRF_f
0000c0e6   _AdcRefH_x
0000c0ea   _AdcRefL_x
0000c0ee   _UC_y
0000c0f6   _UB_y
0000c100   _UA_y
0000c108   _UA_x
0000c112   _UC_x
0000c11c   _UB_x
0000c140   _IB_q_toA
0000c180   _IB_d_toA
0000c1c0   _IC_q_toA
0000c200   _IC_d_toA
0000c240   _IA_d_toA
0000c280   _IA_q_toA
0000c2c0   _Wa
0000c300   _IA_q
0000c340   _IC_q
0000c380   _W0
0000c3c0   _Wb
0000c400   _IC_d
0000c440   _IB_q
0000c480   _Wc
0000c4c0   _IB_d
0000c500   _IA_d
0000c540   _ILc_0
0000c640   _ILa_0
0000c740   _ILc
0000c840   _ILb_0
0000c940   _IL0
0000ca40   _ILb
0000cb40   _IL0_0
0000cc40   _ILa
0000cd40   _ILb1
0000cf40   _ILa1
0000d140   _IL01
0000d340   _ILc1
0000d540   _graph_data1
0000d940   _graph_data
0000dd40   _graph_data2
0000e128   __unlock
0000e12a   __lock
0000e12c   __cleanup_ptr
0000e12e   __dtors_ptr
0000e130   _errno
0000e132   _SIN_TABLE
0000e934   _PieVectTableInit
0000ea34   _COS_CONST
0000eab4   _SIN_CONST
0033fff8   _CsmPwl
00380080   _ADC_cal
ffffffff   ___binit__
ffffffff   ___c_args__
ffffffff   ___pinit__
ffffffff   binit
ffffffff   pinit

[357 symbols]
